Archive member included to satisfy reference by file (symbol)

C:\Program Files (x86)\Atmel\Studio\7.0\packs\arm\cmsis\5.0.1\CMSIS\Lib\libarm_cortexM4lf_math.a(arm_const_structs.o)
                              main.o (arm_cfft_sR_f32_len512)
C:\Program Files (x86)\Atmel\Studio\7.0\packs\arm\cmsis\5.0.1\CMSIS\Lib\libarm_cortexM4lf_math.a(arm_common_tables.o)
                              C:\Program Files (x86)\Atmel\Studio\7.0\packs\arm\cmsis\5.0.1\CMSIS\Lib\libarm_cortexM4lf_math.a(arm_const_structs.o) (realCoefBQ15)
C:\Program Files (x86)\Atmel\Studio\7.0\packs\arm\cmsis\5.0.1\CMSIS\Lib\libarm_cortexM4lf_math.a(arm_cfft_f32.o)
                              main.o (arm_cfft_f32)
C:\Program Files (x86)\Atmel\Studio\7.0\packs\arm\cmsis\5.0.1\CMSIS\Lib\libarm_cortexM4lf_math.a(arm_bitreversal2.o)
                              C:\Program Files (x86)\Atmel\Studio\7.0\packs\arm\cmsis\5.0.1\CMSIS\Lib\libarm_cortexM4lf_math.a(arm_cfft_f32.o) (arm_bitreversal_32)
C:\Program Files (x86)\Atmel\Studio\7.0\packs\arm\cmsis\5.0.1\CMSIS\Lib\libarm_cortexM4lf_math.a(arm_cfft_radix8_f32.o)
                              C:\Program Files (x86)\Atmel\Studio\7.0\packs\arm\cmsis\5.0.1\CMSIS\Lib\libarm_cortexM4lf_math.a(arm_cfft_f32.o) (arm_radix8_butterfly_f32)
c:/program files (x86)/atmel/studio/7.0/toolchain/arm/arm-gnu-toolchain/bin/../lib/gcc/arm-none-eabi/6.3.1/thumb/v7e-m/fpv4-sp/hard\libgcc.a(_arm_addsubdf3.o)
                              main.o (__aeabi_i2d)
c:/program files (x86)/atmel/studio/7.0/toolchain/arm/arm-gnu-toolchain/bin/../lib/gcc/arm-none-eabi/6.3.1/thumb/v7e-m/fpv4-sp/hard\libgcc.a(_arm_muldivdf3.o)
                              main.o (__aeabi_dmul)
c:/program files (x86)/atmel/studio/7.0/toolchain/arm/arm-gnu-toolchain/bin/../lib/gcc/arm-none-eabi/6.3.1/thumb/v7e-m/fpv4-sp/hard\libgcc.a(_arm_fixdfsi.o)
                              main.o (__aeabi_d2iz)
c:/program files (x86)/atmel/studio/7.0/toolchain/arm/arm-gnu-toolchain/bin/../lib/gcc/arm-none-eabi/6.3.1/thumb/v7e-m/fpv4-sp/hard\libgcc.a(_arm_truncdfsf2.o)
                              main.o (__aeabi_d2f)
c:/program files (x86)/atmel/studio/7.0/toolchain/arm/arm-gnu-toolchain/bin/../lib/gcc/arm-none-eabi/6.3.1/../../../../arm-none-eabi/lib/thumb/v7e-m/fpv4-sp/hard\libc.a(lib_a-exit.o)
                              c:/program files (x86)/atmel/studio/7.0/toolchain/arm/arm-gnu-toolchain/bin/../lib/gcc/arm-none-eabi/6.3.1/../../../../arm-none-eabi/lib/thumb/v7e-m/fpv4-sp/hard/crt0.o (exit)
c:/program files (x86)/atmel/studio/7.0/toolchain/arm/arm-gnu-toolchain/bin/../lib/gcc/arm-none-eabi/6.3.1/../../../../arm-none-eabi/lib/thumb/v7e-m/fpv4-sp/hard\libc.a(lib_a-impure.o)
                              c:/program files (x86)/atmel/studio/7.0/toolchain/arm/arm-gnu-toolchain/bin/../lib/gcc/arm-none-eabi/6.3.1/../../../../arm-none-eabi/lib/thumb/v7e-m/fpv4-sp/hard\libc.a(lib_a-exit.o) (_global_impure_ptr)
c:/program files (x86)/atmel/studio/7.0/toolchain/arm/arm-gnu-toolchain/bin/../lib/gcc/arm-none-eabi/6.3.1/../../../../arm-none-eabi/lib/thumb/v7e-m/fpv4-sp/hard\libc.a(lib_a-init.o)
                              c:/program files (x86)/atmel/studio/7.0/toolchain/arm/arm-gnu-toolchain/bin/../lib/gcc/arm-none-eabi/6.3.1/../../../../arm-none-eabi/lib/thumb/v7e-m/fpv4-sp/hard/crt0.o (__libc_init_array)
c:/program files (x86)/atmel/studio/7.0/toolchain/arm/arm-gnu-toolchain/bin/../lib/gcc/arm-none-eabi/6.3.1/../../../../arm-none-eabi/lib/thumb/v7e-m/fpv4-sp/hard\libc.a(lib_a-memset.o)
                              c:/program files (x86)/atmel/studio/7.0/toolchain/arm/arm-gnu-toolchain/bin/../lib/gcc/arm-none-eabi/6.3.1/../../../../arm-none-eabi/lib/thumb/v7e-m/fpv4-sp/hard/crt0.o (memset)
c:/program files (x86)/atmel/studio/7.0/toolchain/arm/arm-gnu-toolchain/bin/../lib/gcc/arm-none-eabi/6.3.1/../../../../arm-none-eabi/lib/thumb/v7e-m/fpv4-sp/hard\libc.a(lib_a-puts.o)
                              main.o (puts)
c:/program files (x86)/atmel/studio/7.0/toolchain/arm/arm-gnu-toolchain/bin/../lib/gcc/arm-none-eabi/6.3.1/../../../../arm-none-eabi/lib/thumb/v7e-m/fpv4-sp/hard\libc.a(lib_a-setbuf.o)
                              UART.o (setbuf)
c:/program files (x86)/atmel/studio/7.0/toolchain/arm/arm-gnu-toolchain/bin/../lib/gcc/arm-none-eabi/6.3.1/../../../../arm-none-eabi/lib/thumb/v7e-m/fpv4-sp/hard\libc.a(lib_a-setvbuf.o)
                              c:/program files (x86)/atmel/studio/7.0/toolchain/arm/arm-gnu-toolchain/bin/../lib/gcc/arm-none-eabi/6.3.1/../../../../arm-none-eabi/lib/thumb/v7e-m/fpv4-sp/hard\libc.a(lib_a-setbuf.o) (setvbuf)
c:/program files (x86)/atmel/studio/7.0/toolchain/arm/arm-gnu-toolchain/bin/../lib/gcc/arm-none-eabi/6.3.1/../../../../arm-none-eabi/lib/thumb/v7e-m/fpv4-sp/hard\libc.a(lib_a-strlen.o)
                              UART.o (strlen)
c:/program files (x86)/atmel/studio/7.0/toolchain/arm/arm-gnu-toolchain/bin/../lib/gcc/arm-none-eabi/6.3.1/../../../../arm-none-eabi/lib/thumb/v7e-m/fpv4-sp/hard\libc.a(lib_a-__call_atexit.o)
[...]
Memory Configuration

Name             Origin             Length             Attributes
rom              0x00400000         0x00080000         xr
ram              0x20000000         0x00028000         xrw
*default*        0x00000000         0xffffffff

Linker script and memory map

LOAD c:/program files (x86)/atmel/studio/7.0/toolchain/arm/arm-gnu-toolchain/bin/../lib/gcc/arm-none-eabi/6.3.1/thumb/v7e-m/fpv4-sp/hard/crti.o
LOAD c:/program files (x86)/atmel/studio/7.0/toolchain/arm/arm-gnu-toolchain/bin/../lib/gcc/arm-none-eabi/6.3.1/thumb/v7e-m/fpv4-sp/hard/crtbegin.o
LOAD c:/program files (x86)/atmel/studio/7.0/toolchain/arm/arm-gnu-toolchain/bin/../lib/gcc/arm-none-eabi/6.3.1/../../../../arm-none-eabi/lib/thumb/v7e-m/fpv4-sp/hard/crt0.o
LOAD AK4588EN.o
LOAD Device_Startup/startup_samg55j19.o
LOAD Device_Startup/system_samg55j19.o
LOAD I2SC.o
LOAD main.o
LOAD Matrix.o
LOAD PIO.o
LOAD PMC.o
LOAD syscalls.o
LOAD TWI.o
LOAD UART.o
START GROUP
LOAD c:/program files (x86)/atmel/studio/7.0/toolchain/arm/arm-gnu-toolchain/bin/../lib/gcc/arm-none-eabi/6.3.1/../../../../arm-none-eabi/lib/thumb/v7e-m/fpv4-sp/hard\libm.a
LOAD C:\Program Files (x86)\Atmel\Studio\7.0\packs\arm\cmsis\5.0.1\CMSIS\Lib\libarm_cortexM4lf_math.a
END GROUP
START GROUP
LOAD c:/program files (x86)/atmel/studio/7.0/toolchain/arm/arm-gnu-toolchain/bin/../lib/gcc/arm-none-eabi/6.3.1/thumb/v7e-m/fpv4-sp/hard\libgcc.a
LOAD c:/program files (x86)/atmel/studio/7.0/toolchain/arm/arm-gnu-toolchain/bin/../lib/gcc/arm-none-eabi/6.3.1/../../../../arm-none-eabi/lib/thumb/v7e-m/fpv4-sp/hard\libc.a
END GROUP
LOAD c:/program files (x86)/atmel/studio/7.0/toolchain/arm/arm-gnu-toolchain/bin/../lib/gcc/arm-none-eabi/6.3.1/thumb/v7e-m/fpv4-sp/hard/crtend.o
LOAD c:/program files (x86)/atmel/studio/7.0/toolchain/arm/arm-gnu-toolchain/bin/../lib/gcc/arm-none-eabi/6.3.1/thumb/v7e-m/fpv4-sp/hard/crtn.o
                0x00000400                STACK_SIZE = DEFINED (STACK_SIZE)?STACK_SIZE:DEFINED (__stack_size__)?__stack_size__:0x400
                0x20027ffc                __ram_end__ = ((ORIGIN (ram) + LENGTH (ram)) - 0x4)
                0x00000200                HEAP_SIZE = DEFINED (HEAP_SIZE)?HEAP_SIZE:DEFINED (__heap_size__)?__heap_size__:0x200

.text           0x00400000     0x8070
                0x00400000                . = ALIGN (0x4)
                0x00400000                _sfixed = .
 *(.vectors .vectors.*)
 .vectors       0x00400000      0x108 Device_Startup/startup_samg55j19.o
                0x00400000                exception_table
 *(.text .text.* .gnu.linkonce.t.*)
 .text          0x00400108       0x6c c:/program files (x86)/atmel/studio/7.0/toolchain/arm/arm-gnu-toolchain/bin/../lib/gcc/arm-none-eabi/6.3.1/thumb/v7e-m/fpv4-sp/hard/crtbegin.o
 .text.AK4588EN_Init
                0x00400174      0x200 AK4588EN.o
                0x00400174                AK4588EN_Init
 .text.Dummy_Handler
                0x00400374        0x2 Device_Startup/startup_samg55j19.o
                0x00400374                FLEXCOM1_Handler
                0x00400374                SVCall_Handler
                0x00400374                HardFault_Handler
                0x00400374                TC2_Handler
                0x00400374                FLEXCOM4_Handler
                0x00400374                SysTick_Handler
                0x00400374                PendSV_Handler
                0x00400374                ADC_Handler
                0x00400374                NonMaskableInt_Handler
                0x00400374                CRCCU_Handler
                0x00400374                RTT_Handler
                0x00400374                FLEXCOM6_Handler
                0x00400374                PIOB_Handler
                0x00400374                RTC_Handler
                0x00400374                UsageFault_Handler
                0x00400374                FLEXCOM0_Handler
                0x00400374                PDMIC1_Handler
                0x00400374                WDT_Handler
                0x00400374                TC4_Handler
                0x00400374                TC1_Handler
                0x00400374                TC3_Handler
                0x00400374                Dummy_Handler
                0x00400374                PIOA_Handler
                0x00400374                MEM2MEM_Handler
                0x00400374                PMC_Handler
                0x00400374                PDMIC0_Handler
                0x00400374                SUPC_Handler
                0x00400374                UHP_Handler
                0x00400374                EFC_Handler
                0x00400374                FLEXCOM7_Handler
                0x00400374                I2SC1_Handler
                0x00400374                FLEXCOM2_Handler
                0x00400374                UDP_Handler
                0x00400374                FLEXCOM3_Handler
                0x00400374                BusFault_Handler
                0x00400374                RSTC_Handler
                0x00400374                TC0_Handler
                0x00400374                MemoryManagement_Handler
                0x00400374                FLEXCOM5_Handler
                0x00400374                DebugMonitor_Handler
                0x00400374                TC5_Handler
 *fill*         0x00400376        0x2 
 .text.Reset_Handler
                0x00400378       0x84 Device_Startup/startup_samg55j19.o
                0x00400378                Reset_Handler
 .text.SystemInit
                0x004003fc       0x10 Device_Startup/system_samg55j19.o
                0x004003fc                SystemInit
 .text.I2SC_DMAenable
                0x0040040c       0x4c I2SC.o
                0x0040040c                I2SC_DMAenable
 .text.Init_I2SC
                0x00400458       0x98 I2SC.o
                0x00400458                Init_I2SC
 .text.fpu_enable
                0x004004f0       0x18 main.o
                0x004004f0                fpu_enable
 .text.timeDomR2C
                0x00400508       0x20 main.o
                0x00400508                timeDomR2C
 .text.timeDomC2R
                0x00400528       0x1c main.o
                0x00400528                timeDomC2R
 .text.freqDomR2C
                0x00400544       0x70 main.o
                0x00400544                freqDomR2C
 .text.printConvState
                0x004005b4       0x38 main.o
                0x004005b4                printConvState
 .text.convolve
                0x004005ec      0x1dc main.o
                0x004005ec                convolve
 .text.main     0x004007c8      0x33c main.o
                0x004007c8                main
 .text.I2SC0_Handler
                0x00400b04       0xec main.o
                0x00400b04                I2SC0_Handler
 .text.Setup_Matrix
                0x00400bf0       0x24 Matrix.o
                0x00400bf0                Setup_Matrix
 .text.Led3State
                0x00400c14       0x20 PIO.o
                0x00400c14                Led3State
 .text.AK4558EN_PDN_State
                0x00400c34       0x20 PIO.o
                0x00400c34                AK4558EN_PDN_State
 .text.Init_PIO
                0x00400c54       0x78 PIO.o
                0x00400c54                Init_PIO
 .text.Setup_PMC
                0x00400ccc       0x8c PMC.o
                0x00400ccc                Setup_PMC
 .text._sbrk    0x00400d58       0x38 syscalls.o
                0x00400d58                _sbrk
 .text._close   0x00400d90        0x6 syscalls.o
                0x00400d90                _close
 .text._fstat   0x00400d96        0xa syscalls.o
                0x00400d96                _fstat
 .text._isatty  0x00400da0        0x4 syscalls.o
                0x00400da0                _isatty
 .text._lseek   0x00400da4        0x4 syscalls.o
                0x00400da4                _lseek
 .text._write   0x00400da8       0x50 syscalls.o
                0x00400da8                _write
 .text._read    0x00400df8       0x3c syscalls.o
                0x00400df8                _read
 .text.Init_TWI
                0x00400e34       0x84 TWI.o
                0x00400e34                Init_TWI
 .text.Ctrl_putchar
                0x00400eb8       0x18 UART.o
 .text.convert  0x00400ed0       0x30 UART.o
 .text.Init_UART
                0x00400f00       0x94 UART.o
                0x00400f00                Init_UART
 .text.UART_Putchar
                0x00400f94       0x14 UART.o
                0x00400f94                UART_Putchar
 .text.UART_Puts
                0x00400fa8       0x2c UART.o
                0x00400fa8                UART_Puts
 .text.UART_Printf
                0x00400fd4      0x140 UART.o
                0x00400fd4                UART_Printf
 .text.UART_Getchar
                0x00401114        0xc UART.o
                0x00401114                UART_Getchar
 .text.arm_cfft_radix8by2_f32
                0x00401120      0x1a0 C:\Program Files (x86)\Atmel\Studio\7.0\packs\arm\cmsis\5.0.1\CMSIS\Lib\libarm_cortexM4lf_math.a(arm_cfft_f32.o)
                0x00401120                arm_cfft_radix8by2_f32
 .text.arm_cfft_radix8by4_f32
                0x004012c0      0x4ac C:\Program Files (x86)\Atmel\Studio\7.0\packs\arm\cmsis\5.0.1\CMSIS\Lib\libarm_cortexM4lf_math.a(arm_cfft_f32.o)
                0x004012c0                arm_cfft_radix8by4_f32
 .text.arm_cfft_f32
                0x0040176c       0xf0 C:\Program Files (x86)\Atmel\Studio\7.0\packs\arm\cmsis\5.0.1\CMSIS\Lib\libarm_cortexM4lf_math.a(arm_cfft_f32.o)
                0x0040176c                arm_cfft_f32
 .text.arm_bitreversal_32
                0x0040185c       0x40 C:\Program Files (x86)\Atmel\Studio\7.0\packs\arm\cmsis\5.0.1\CMSIS\Lib\libarm_cortexM4lf_math.a(arm_bitreversal2.o)
                0x0040185c                arm_bitreversal_32
 .text.arm_radix8_butterfly_f32
                0x0040189c      0x580 C:\Program Files (x86)\Atmel\Studio\7.0\packs\arm\cmsis\5.0.1\CMSIS\Lib\libarm_cortexM4lf_math.a(arm_cfft_radix8_f32.o)
                0x0040189c                arm_radix8_butterfly_f32
 .text          0x00401e1c      0x370 c:/program files (x86)/atmel/studio/7.0/toolchain/arm/arm-gnu-toolchain/bin/../lib/gcc/arm-none-eabi/6.3.1/thumb/v7e-m/fpv4-sp/hard\libgcc.a(_arm_addsubdf3.o)
                0x00401e1c                __aeabi_drsub
                0x00401e24                __aeabi_dsub
                0x00401e24                __subdf3
                0x00401e28                __aeabi_dadd
                0x00401e28                __adddf3
                0x004020a0                __floatunsidf
                0x004020a0                __aeabi_ui2d
                0x004020c0                __floatsidf
                0x004020c0                __aeabi_i2d
                0x004020e4                __aeabi_f2d
                0x004020e4                __extendsfdf2
                0x00402120                __floatundidf
                0x00402120                __aeabi_ul2d
                0x00402130                __floatdidf
                0x00402130                __aeabi_l2d
 .text          0x0040218c      0x424 c:/program files (x86)/atmel/studio/7.0/toolchain/arm/arm-gnu-toolchain/bin/../lib/gcc/arm-none-eabi/6.3.1/thumb/v7e-m/fpv4-sp/hard\libgcc.a(_arm_muldivdf3.o)
                0x0040218c                __aeabi_dmul
                0x0040218c                __muldf3
                0x004023e0                __divdf3
                0x004023e0                __aeabi_ddiv
 .text          0x004025b0       0x50 c:/program files (x86)/atmel/studio/7.0/toolchain/arm/arm-gnu-toolchain/bin/../lib/gcc/arm-none-eabi/6.3.1/thumb/v7e-m/fpv4-sp/hard\libgcc.a(_arm_fixdfsi.o)
                0x004025b0                __aeabi_d2iz
                0x004025b0                __fixdfsi
 .text          0x00402600       0xa0 c:/program files (x86)/atmel/studio/7.0/toolchain/arm/arm-gnu-toolchain/bin/../lib/gcc/arm-none-eabi/6.3.1/thumb/v7e-m/fpv4-sp/hard\libgcc.a(_arm_truncdfsf2.o)
                0x00402600                __truncdfsf2
                0x00402600                __aeabi_d2f
 .text.__libc_init_array
                0x004026a0       0x50 c:/program files (x86)/atmel/studio/7.0/toolchain/arm/arm-gnu-toolchain/bin/../lib/gcc/arm-none-eabi/6.3.1/../../../../arm-none-eabi/lib/thumb/v7e-m/fpv4-sp/hard\libc.a(lib_a-init.o)
                0x004026a0                __libc_init_array
 .text.memset   0x004026f0       0x9c c:/program files (x86)/atmel/studio/7.0/toolchain/arm/arm-gnu-toolchain/bin/../lib/gcc/arm-none-eabi/6.3.1/../../../../arm-none-eabi/lib/thumb/v7e-m/fpv4-sp/hard\libc.a(lib_a-memset.o)
                0x004026f0                memset
 .text._puts_r  0x0040278c       0x9c c:/program files (x86)/atmel/studio/7.0/toolchain/arm/arm-gnu-toolchain/bin/../lib/gcc/arm-none-eabi/6.3.1/../../../../arm-none-eabi/lib/thumb/v7e-m/fpv4-sp/hard\libc.a(lib_a-puts.o)
                0x0040278c                _puts_r
 .text.puts     0x00402828       0x10 c:/program files (x86)/atmel/studio/7.0/toolchain/arm/arm-gnu-toolchain/bin/../lib/gcc/arm-none-eabi/6.3.1/../../../../arm-none-eabi/lib/thumb/v7e-m/fpv4-sp/hard\libc.a(lib_a-puts.o)
                0x00402828                puts
 .text.setbuf   0x00402838       0x10 c:/program files (x86)/atmel/studio/7.0/toolchain/arm/arm-gnu-toolchain/bin/../lib/gcc/arm-none-eabi/6.3.1/../../../../arm-none-eabi/lib/thumb/v7e-m/fpv4-sp/hard\libc.a(lib_a-setbuf.o)
                0x00402838                setbuf
 .text.setvbuf  0x00402848      0x190 c:/program files (x86)/atmel/studio/7.0/toolchain/arm/arm-gnu-toolchain/bin/../lib/gcc/arm-none-eabi/6.3.1/../../../../arm-none-eabi/lib/thumb/v7e-m/fpv4-sp/hard\libc.a(lib_a-setvbuf.o)
                0x00402848                setvbuf
 *fill*         0x004029d8       0x28 
 .text          0x00402a00       0xdc c:/program files (x86)/atmel/studio/7.0/toolchain/arm/arm-gnu-toolchain/bin/../lib/gcc/arm-none-eabi/6.3.1/../../../../arm-none-eabi/lib/thumb/v7e-m/fpv4-sp/hard\libc.a(lib_a-strlen.o)
                0x00402a00                strlen
 .text.startup.register_fini
                0x00402adc       0x14 c:/program files (x86)/atmel/studio/7.0/toolchain/arm/arm-gnu-toolchain/bin/../lib/gcc/arm-none-eabi/6.3.1/../../../../arm-none-eabi/lib/thumb/v7e-m/fpv4-sp/hard\libc.a(lib_a-__call_atexit.o)
 .text.atexit   0x00402af0        0xc c:/program files (x86)/atmel/studio/7.0/toolchain/arm/arm-gnu-toolchain/bin/../lib/gcc/arm-none-eabi/6.3.1/../../../../arm-none-eabi/lib/thumb/v7e-m/fpv4-sp/hard\libc.a(lib_a-atexit.o)
                0x00402af0                atexit
 .text.__sflush_r
                0x00402afc      0x140 c:/program files (x86)/atmel/studio/7.0/toolchain/arm/arm-gnu-toolchain/bin/../lib/gcc/arm-none-eabi/6.3.1/../../../../arm-none-eabi/lib/thumb/v7e-m/fpv4-sp/hard\libc.a(lib_a-fflush.o)
                0x00402afc                __sflush_r
 .text._fflush_r
                0x00402c3c       0x54 c:/program files (x86)/atmel/studio/7.0/toolchain/arm/arm-gnu-toolchain/bin/../lib/gcc/arm-none-eabi/6.3.1/../../../../arm-none-eabi/lib/thumb/v7e-m/fpv4-sp/hard\libc.a(lib_a-fflush.o)
                0x00402c3c                _fflush_r
 .text._cleanup_r
                0x00402c90        0xc c:/program files (x86)/atmel/studio/7.0/toolchain/arm/arm-gnu-toolchain/bin/../lib/gcc/arm-none-eabi/6.3.1/../../../../arm-none-eabi/lib/thumb/v7e-m/fpv4-sp/hard\libc.a(lib_a-findfp.o)
                0x00402c90                _cleanup_r
 .text.std.isra.0
                0x00402c9c       0x50 c:/program files (x86)/atmel/studio/7.0/toolchain/arm/arm-gnu-toolchain/bin/../lib/gcc/arm-none-eabi/6.3.1/../../../../arm-none-eabi/lib/thumb/v7e-m/fpv4-sp/hard\libc.a(lib_a-findfp.o)
 .text.__sinit  0x00402cec       0x58 c:/program files (x86)/atmel/studio/7.0/toolchain/arm/arm-gnu-toolchain/bin/../lib/gcc/arm-none-eabi/6.3.1/../../../../arm-none-eabi/lib/thumb/v7e-m/fpv4-sp/hard\libc.a(lib_a-findfp.o)
                0x00402cec                __sinit
 .text.__sfp_lock_acquire
                0x00402d44        0xc c:/program files (x86)/atmel/studio/7.0/toolchain/arm/arm-gnu-toolchain/bin/../lib/gcc/arm-none-eabi/6.3.1/../../../../arm-none-eabi/lib/thumb/v7e-m/fpv4-sp/hard\libc.a(lib_a-findfp.o)
                0x00402d44                __sfp_lock_acquire
 .text.__sfp_lock_release
                0x00402d50        0xc c:/program files (x86)/atmel/studio/7.0/toolchain/arm/arm-gnu-toolchain/bin/../lib/gcc/arm-none-eabi/6.3.1/../../../../arm-none-eabi/lib/thumb/v7e-m/fpv4-sp/hard\libc.a(lib_a-findfp.o)
                0x00402d50                __sfp_lock_release
 .text.__libc_fini_array
                0x00402d5c       0x34 c:/program files (x86)/atmel/studio/7.0/toolchain/arm/arm-gnu-toolchain/bin/../lib/gcc/arm-none-eabi/6.3.1/../../../../arm-none-eabi/lib/thumb/v7e-m/fpv4-sp/hard\libc.a(lib_a-fini.o)
                0x00402d5c                __libc_fini_array
 .text._malloc_trim_r
                0x00402d90       0xa0 c:/program files (x86)/atmel/studio/7.0/toolchain/arm/arm-gnu-toolchain/bin/../lib/gcc/arm-none-eabi/6.3.1/../../../../arm-none-eabi/lib/thumb/v7e-m/fpv4-sp/hard\libc.a(lib_a-freer.o)
                0x00402d90                _malloc_trim_r
 .text._free_r  0x00402e30      0x1cc c:/program files (x86)/atmel/studio/7.0/toolchain/arm/arm-gnu-toolchain/bin/../lib/gcc/arm-none-eabi/6.3.1/../../../../arm-none-eabi/lib/thumb/v7e-m/fpv4-sp/hard\libc.a(lib_a-freer.o)
                0x00402e30                _free_r
 .text.__sfvwrite_r
                0x00402ffc      0x2f0 c:/program files (x86)/atmel/studio/7.0/toolchain/arm/arm-gnu-toolchain/bin/../lib/gcc/arm-none-eabi/6.3.1/../../../../arm-none-eabi/lib/thumb/v7e-m/fpv4-sp/hard\libc.a(lib_a-fvwrite.o)
                0x00402ffc                __sfvwrite_r
 .text._fwalk_reent
                0x004032ec       0x54 c:/program files (x86)/atmel/studio/7.0/toolchain/arm/arm-gnu-toolchain/bin/../lib/gcc/arm-none-eabi/6.3.1/../../../../arm-none-eabi/lib/thumb/v7e-m/fpv4-sp/hard\libc.a(lib_a-fwalk.o)
                0x004032ec                _fwalk_reent
 .text.__retarget_lock_init_recursive
                0x00403340        0x4 c:/program files (x86)/atmel/studio/7.0/toolchain/arm/arm-gnu-toolchain/bin/../lib/gcc/arm-none-eabi/6.3.1/../../../../arm-none-eabi/lib/thumb/v7e-m/fpv4-sp/hard\libc.a(lib_a-lock.o)
                0x00403340                __retarget_lock_init_recursive
 .text.__retarget_lock_close_recursive
                0x00403344        0x4 c:/program files (x86)/atmel/studio/7.0/toolchain/arm/arm-gnu-toolchain/bin/../lib/gcc/arm-none-eabi/6.3.1/../../../../arm-none-eabi/lib/thumb/v7e-m/fpv4-sp/hard\libc.a(lib_a-lock.o)
                0x00403344                __retarget_lock_close_recursive
 .text.__retarget_lock_acquire_recursive
                0x00403348        0x4 c:/program files (x86)/atmel/studio/7.0/toolchain/arm/arm-gnu-toolchain/bin/../lib/gcc/arm-none-eabi/6.3.1/../../../../arm-none-eabi/lib/thumb/v7e-m/fpv4-sp/hard\libc.a(lib_a-lock.o)
                0x00403348                __retarget_lock_acquire_recursive
 .text.__retarget_lock_release_recursive
                0x0040334c        0x4 c:/program files (x86)/atmel/studio/7.0/toolchain/arm/arm-gnu-toolchain/bin/../lib/gcc/arm-none-eabi/6.3.1/../../../../arm-none-eabi/lib/thumb/v7e-m/fpv4-sp/hard\libc.a(lib_a-lock.o)
                0x0040334c                __retarget_lock_release_recursive
 .text.__swhatbuf_r
                0x00403350       0x5c c:/program files (x86)/atmel/studio/7.0/toolchain/arm/arm-gnu-toolchain/bin/../lib/gcc/arm-none-eabi/6.3.1/../../../../arm-none-eabi/lib/thumb/v7e-m/fpv4-sp/hard\libc.a(lib_a-makebuf.o)
                0x00403350                __swhatbuf_r
 .text.__smakebuf_r
                0x004033ac       0x94 c:/program files (x86)/atmel/studio/7.0/toolchain/arm/arm-gnu-toolchain/bin/../lib/gcc/arm-none-eabi/6.3.1/../../../../arm-none-eabi/lib/thumb/v7e-m/fpv4-sp/hard\libc.a(lib_a-makebuf.o)
                0x004033ac                __smakebuf_r
 .text.malloc   0x00403440       0x10 c:/program files (x86)/atmel/studio/7.0/toolchain/arm/arm-gnu-toolchain/bin/../lib/gcc/arm-none-eabi/6.3.1/../../../../arm-none-eabi/lib/thumb/v7e-m/fpv4-sp/hard\libc.a(lib_a-malloc.o)
                0x00403440                malloc
 .text._malloc_r
                0x00403450      0x560 c:/program files (x86)/atmel/studio/7.0/toolchain/arm/arm-gnu-toolchain/bin/../lib/gcc/arm-none-eabi/6.3.1/../../../../arm-none-eabi/lib/thumb/v7e-m/fpv4-sp/hard\libc.a(lib_a-mallocr.o)
                0x00403450                _malloc_r
 .text          0x004039b0       0xa0 c:/program files (x86)/atmel/studio/7.0/toolchain/arm/arm-gnu-toolchain/bin/../lib/gcc/arm-none-eabi/6.3.1/../../../../arm-none-eabi/lib/thumb/v7e-m/fpv4-sp/hard\libc.a(lib_a-memchr.o)
                0x004039b0                memchr
 .text          0x00403a50      0x134 c:/program files (x86)/atmel/studio/7.0/toolchain/arm/arm-gnu-toolchain/bin/../lib/gcc/arm-none-eabi/6.3.1/../../../../arm-none-eabi/lib/thumb/v7e-m/fpv4-sp/hard\libc.a(lib_a-memcpy.o)
                0x00403a50                memcpy
 .text.memmove  0x00403b84       0xc8 c:/program files (x86)/atmel/studio/7.0/toolchain/arm/arm-gnu-toolchain/bin/../lib/gcc/arm-none-eabi/6.3.1/../../../../arm-none-eabi/lib/thumb/v7e-m/fpv4-sp/hard\libc.a(lib_a-memmove.o)
                0x00403b84                memmove
 .text.__malloc_lock
                0x00403c4c        0xc c:/program files (x86)/atmel/studio/7.0/toolchain/arm/arm-gnu-toolchain/bin/../lib/gcc/arm-none-eabi/6.3.1/../../../../arm-none-eabi/lib/thumb/v7e-m/fpv4-sp/hard\libc.a(lib_a-mlock.o)
                0x00403c4c                __malloc_lock
 .text.__malloc_unlock
                0x00403c58        0xc c:/program files (x86)/atmel/studio/7.0/toolchain/arm/arm-gnu-toolchain/bin/../lib/gcc/arm-none-eabi/6.3.1/../../../../arm-none-eabi/lib/thumb/v7e-m/fpv4-sp/hard\libc.a(lib_a-mlock.o)
                0x00403c58                __malloc_unlock
 .text._realloc_r
                0x00403c64      0x34c c:/program files (x86)/atmel/studio/7.0/toolchain/arm/arm-gnu-toolchain/bin/../lib/gcc/arm-none-eabi/6.3.1/../../../../arm-none-eabi/lib/thumb/v7e-m/fpv4-sp/hard\libc.a(lib_a-reallocr.o)
                0x00403c64                _realloc_r
 .text._sbrk_r  0x00403fb0       0x24 c:/program files (x86)/atmel/studio/7.0/toolchain/arm/arm-gnu-toolchain/bin/../lib/gcc/arm-none-eabi/6.3.1/../../../../arm-none-eabi/lib/thumb/v7e-m/fpv4-sp/hard\libc.a(lib_a-sbrkr.o)
                0x00403fb0                _sbrk_r
 .text.__sread  0x00403fd4       0x24 c:/program files (x86)/atmel/studio/7.0/toolchain/arm/arm-gnu-toolchain/bin/../lib/gcc/arm-none-eabi/6.3.1/../../../../arm-none-eabi/lib/thumb/v7e-m/fpv4-sp/hard\libc.a(lib_a-stdio.o)
                0x00403fd4                __sread
 .text.__swrite
                0x00403ff8       0x3c c:/program files (x86)/atmel/studio/7.0/toolchain/arm/arm-gnu-toolchain/bin/../lib/gcc/arm-none-eabi/6.3.1/../../../../arm-none-eabi/lib/thumb/v7e-m/fpv4-sp/hard\libc.a(lib_a-stdio.o)
                0x00403ff8                __swrite
 .text.__sseek  0x00404034       0x20 c:/program files (x86)/atmel/studio/7.0/toolchain/arm/arm-gnu-toolchain/bin/../lib/gcc/arm-none-eabi/6.3.1/../../../../arm-none-eabi/lib/thumb/v7e-m/fpv4-sp/hard\libc.a(lib_a-stdio.o)
                0x00404034                __sseek
 .text.__sclose
                0x00404054        0x8 c:/program files (x86)/atmel/studio/7.0/toolchain/arm/arm-gnu-toolchain/bin/../lib/gcc/arm-none-eabi/6.3.1/../../../../arm-none-eabi/lib/thumb/v7e-m/fpv4-sp/hard\libc.a(lib_a-stdio.o)
                0x00404054                __sclose
 .text._write_r
                0x0040405c       0x2c c:/program files (x86)/atmel/studio/7.0/toolchain/arm/arm-gnu-toolchain/bin/../lib/gcc/arm-none-eabi/6.3.1/../../../../arm-none-eabi/lib/thumb/v7e-m/fpv4-sp/hard\libc.a(lib_a-writer.o)
                0x0040405c                _write_r
 .text.__swsetup_r
                0x00404088       0xc8 c:/program files (x86)/atmel/studio/7.0/toolchain/arm/arm-gnu-toolchain/bin/../lib/gcc/arm-none-eabi/6.3.1/../../../../arm-none-eabi/lib/thumb/v7e-m/fpv4-sp/hard\libc.a(lib_a-wsetup.o)
                0x00404088                __swsetup_r
 .text.__register_exitproc
                0x00404150       0xc4 c:/program files (x86)/atmel/studio/7.0/toolchain/arm/arm-gnu-toolchain/bin/../lib/gcc/arm-none-eabi/6.3.1/../../../../arm-none-eabi/lib/thumb/v7e-m/fpv4-sp/hard\libc.a(lib_a-__atexit.o)
                0x00404150                __register_exitproc
 .text._close_r
                0x00404214       0x24 c:/program files (x86)/atmel/studio/7.0/toolchain/arm/arm-gnu-toolchain/bin/../lib/gcc/arm-none-eabi/6.3.1/../../../../arm-none-eabi/lib/thumb/v7e-m/fpv4-sp/hard\libc.a(lib_a-closer.o)
                0x00404214                _close_r
 .text._fclose_r
                0x00404238       0xc4 c:/program files (x86)/atmel/studio/7.0/toolchain/arm/arm-gnu-toolchain/bin/../lib/gcc/arm-none-eabi/6.3.1/../../../../arm-none-eabi/lib/thumb/v7e-m/fpv4-sp/hard\libc.a(lib_a-fclose.o)
                0x00404238                _fclose_r
 .text._fstat_r
                0x004042fc       0x28 c:/program files (x86)/atmel/studio/7.0/toolchain/arm/arm-gnu-toolchain/bin/../lib/gcc/arm-none-eabi/6.3.1/../../../../arm-none-eabi/lib/thumb/v7e-m/fpv4-sp/hard\libc.a(lib_a-fstatr.o)
                0x004042fc                _fstat_r
 .text._isatty_r
                0x00404324       0x24 c:/program files (x86)/atmel/studio/7.0/toolchain/arm/arm-gnu-toolchain/bin/../lib/gcc/arm-none-eabi/6.3.1/../../../../arm-none-eabi/lib/thumb/v7e-m/fpv4-sp/hard\libc.a(lib_a-isattyr.o)
                0x00404324                _isatty_r
 .text._lseek_r
                0x00404348       0x2c c:/program files (x86)/atmel/studio/7.0/toolchain/arm/arm-gnu-toolchain/bin/../lib/gcc/arm-none-eabi/6.3.1/../../../../arm-none-eabi/lib/thumb/v7e-m/fpv4-sp/hard\libc.a(lib_a-lseekr.o)
                0x00404348                _lseek_r
 .text._read_r  0x00404374       0x2c c:/program files (x86)/atmel/studio/7.0/toolchain/arm/arm-gnu-toolchain/bin/../lib/gcc/arm-none-eabi/6.3.1/../../../../arm-none-eabi/lib/thumb/v7e-m/fpv4-sp/hard\libc.a(lib_a-readr.o)
                0x00404374                _read_r
 *(.glue_7t)
 .glue_7t       0x004043a0        0x0 linker stubs
 *(.glue_7)
 .glue_7        0x004043a0        0x0 linker stubs
 *(.rodata .rodata* .gnu.linkonce.r.*)
 .rodata.str1.4
                0x004043a0       0x1a AK4588EN.o
 *fill*         0x004043ba        0x2 
 .rodata.str1.4
                0x004043bc       0x13 I2SC.o
 *fill*         0x004043cf        0x1 
 .rodata        0x004043d0     0x2808 main.o
                0x004043d0                frac_int2float
                0x004043d8                IRPart4
                0x00404bd8                IRPart3
                0x004053d8                IRPart2
                0x00405bd8                IRPart1
                0x004063d8                IRPart0
 .rodata.str1.4
                0x00406bd8       0xa3 main.o
 *fill*         0x00406c7b        0x1 
 .rodata.str1.4
                0x00406c7c       0x12 TWI.o
 *fill*         0x00406c8e        0x2 
 .rodata        0x00406c90       0x11 UART.o
 *fill*         0x00406ca1        0x3 
 .rodata.str1.4
                0x00406ca4       0x12 UART.o
 *fill*         0x00406cb6        0x2 
 .rodata.arm_cfft_sR_f32_len512
                0x00406cb8       0x10 C:\Program Files (x86)\Atmel\Studio\7.0\packs\arm\cmsis\5.0.1\CMSIS\Lib\libarm_cortexM4lf_math.a(arm_const_structs.o)
                0x00406cb8                arm_cfft_sR_f32_len512
 .rodata.armBitRevIndexTable512
                0x00406cc8      0x380 C:\Program Files (x86)\Atmel\Studio\7.0\packs\arm\cmsis\5.0.1\CMSIS\Lib\libarm_cortexM4lf_math.a(arm_common_tables.o)
                0x00406cc8                armBitRevIndexTable512
 .rodata.twiddleCoef_512
                0x00407048     0x1000 C:\Program Files (x86)\Atmel\Studio\7.0\packs\arm\cmsis\5.0.1\CMSIS\Lib\libarm_cortexM4lf_math.a(arm_common_tables.o)
                0x00407048                twiddleCoef_512
 .rodata._global_impure_ptr
                0x00408048        0x4 c:/program files (x86)/atmel/studio/7.0/toolchain/arm/arm-gnu-toolchain/bin/../lib/gcc/arm-none-eabi/6.3.1/../../../../arm-none-eabi/lib/thumb/v7e-m/fpv4-sp/hard\libc.a(lib_a-impure.o)
                0x00408048                _global_impure_ptr
 .rodata._puts_r.str1.4
                0x0040804c       0x14 c:/program files (x86)/atmel/studio/7.0/toolchain/arm/arm-gnu-toolchain/bin/../lib/gcc/arm-none-eabi/6.3.1/../../../../arm-none-eabi/lib/thumb/v7e-m/fpv4-sp/hard\libc.a(lib_a-puts.o)
                                  0x2 (size before relaxing)
 *(.ARM.extab* .gnu.linkonce.armextab.*)
                0x00408060                . = ALIGN (0x4)
 *(.init)
 .init          0x0040804c        0x4 c:/program files (x86)/atmel/studio/7.0/toolchain/arm/arm-gnu-toolchain/bin/../lib/gcc/arm-none-eabi/6.3.1/thumb/v7e-m/fpv4-sp/hard/crti.o
                0x0040804c                _init
 .init          0x00408050        0x8 c:/program files (x86)/atmel/studio/7.0/toolchain/arm/arm-gnu-toolchain/bin/../lib/gcc/arm-none-eabi/6.3.1/thumb/v7e-m/fpv4-sp/hard/crtn.o
                0x00408060                . = ALIGN (0x4)
                0x00408060                __preinit_array_start = .
 *(.preinit_array)
                0x00408060                __preinit_array_end = .
                0x00408060                . = ALIGN (0x4)
                0x00408060                __init_array_start = .
 *(SORT(.init_array.*))
 .init_array.00000
                0x00408058        0x4 c:/program files (x86)/atmel/studio/7.0/toolchain/arm/arm-gnu-toolchain/bin/../lib/gcc/arm-none-eabi/6.3.1/../../../../arm-none-eabi/lib/thumb/v7e-m/fpv4-sp/hard\libc.a(lib_a-__call_atexit.o)
 *(.init_array)
 .init_array    0x0040805c        0x4 c:/program files (x86)/atmel/studio/7.0/toolchain/arm/arm-gnu-toolchain/bin/../lib/gcc/arm-none-eabi/6.3.1/thumb/v7e-m/fpv4-sp/hard/crtbegin.o
                0x00408060                __init_array_end = .
                0x00408060                . = ALIGN (0x4)
 *crtbegin.o(.ctors)
 *(EXCLUDE_FILE(*crtend.o) .ctors)
 *(SORT(.ctors.*))
 *crtend.o(.ctors)
                0x00408060                . = ALIGN (0x4)
 *(.fini)
 .fini          0x00408060        0x4 c:/program files (x86)/atmel/studio/7.0/toolchain/arm/arm-gnu-toolchain/bin/../lib/gcc/arm-none-eabi/6.3.1/thumb/v7e-m/fpv4-sp/hard/crti.o
                0x00408060                _fini
 .fini          0x00408064        0x8 c:/program files (x86)/atmel/studio/7.0/toolchain/arm/arm-gnu-toolchain/bin/../lib/gcc/arm-none-eabi/6.3.1/thumb/v7e-m/fpv4-sp/hard/crtn.o
                0x0040806c                . = ALIGN (0x4)
                0x0040806c                __fini_array_start = .
 *(.fini_array)
 .fini_array    0x0040806c        0x4 c:/program files (x86)/atmel/studio/7.0/toolchain/arm/arm-gnu-toolchain/bin/../lib/gcc/arm-none-eabi/6.3.1/thumb/v7e-m/fpv4-sp/hard/crtbegin.o
 *(SORT(.fini_array.*))
                0x00408070                __fini_array_end = .
 *crtbegin.o(.dtors)
 *(EXCLUDE_FILE(*crtend.o) .dtors)
 *(SORT(.dtors.*))
 *crtend.o(.dtors)
                0x00408070                . = ALIGN (0x4)
                0x00408070                _efixed = .
                [!provide]                PROVIDE (__exidx_start, .)

.vfp11_veneer   0x00408070        0x0
 .vfp11_veneer  0x00408070        0x0 linker stubs

.v4_bx          0x00408070        0x0
 .v4_bx         0x00408070        0x0 linker stubs

.iplt           0x00408070        0x0
 .iplt          0x00408070        0x0 c:/program files (x86)/atmel/studio/7.0/toolchain/arm/arm-gnu-toolchain/bin/../lib/gcc/arm-none-eabi/6.3.1/thumb/v7e-m/fpv4-sp/hard/crtbegin.o

.eh_frame       0x00408070        0x0
 .eh_frame      0x00408070        0x0 c:/program files (x86)/atmel/studio/7.0/toolchain/arm/arm-gnu-toolchain/bin/../lib/gcc/arm-none-eabi/6.3.1/thumb/v7e-m/fpv4-sp/hard/crtbegin.o

.rel.dyn        0x00408070        0x0
 .rel.iplt      0x00408070        0x0 c:/program files (x86)/atmel/studio/7.0/toolchain/arm/arm-gnu-toolchain/bin/../lib/gcc/arm-none-eabi/6.3.1/thumb/v7e-m/fpv4-sp/hard/crtbegin.o

.jcr            0x00408070        0x0
 .jcr           0x00408070        0x0 c:/program files (x86)/atmel/studio/7.0/toolchain/arm/arm-gnu-toolchain/bin/../lib/gcc/arm-none-eabi/6.3.1/thumb/v7e-m/fpv4-sp/hard/crtbegin.o

.igot.plt       0x00408070        0x0
 .igot.plt      0x00408070        0x0 c:/program files (x86)/atmel/studio/7.0/toolchain/arm/arm-gnu-toolchain/bin/../lib/gcc/arm-none-eabi/6.3.1/thumb/v7e-m/fpv4-sp/hard/crtbegin.o

.ARM.exidx
 *(.ARM.exidx* .gnu.linkonce.armexidx.*)
                [!provide]                PROVIDE (__exidx_end, .)
                0x00408070                . = ALIGN (0x4)
                0x00408070                _etext = .

.relocate       0x20000000      0x8b4 load address 0x00408070
                0x20000000                . = ALIGN (0x4)
                0x20000000                _srelocate = .
 *(.ramfunc .ramfunc.*)
 *(.data .data.*)
 .data          0x20000000        0x4 Device_Startup/system_samg55j19.o
                0x20000000                SystemCoreClock
 .data          0x20000004       0x6c main.o
                0x20000004                audioFftBufferArrayL
                0x20000018                audioFftBufferArrayR
                0x2000002c                S
                0x20000030                IRFftBufferArray
                0x20000044                I2SC0_2
                0x20000048                floatPrintStr
 .data._impure_ptr
                0x20000070        0x4 c:/program files (x86)/atmel/studio/7.0/toolchain/arm/arm-gnu-toolchain/bin/../lib/gcc/arm-none-eabi/6.3.1/../../../../arm-none-eabi/lib/thumb/v7e-m/fpv4-sp/hard\libc.a(lib_a-impure.o)
                0x20000070                _impure_ptr
 *fill*         0x20000074        0x4 
 .data.impure_data
                0x20000078      0x428 c:/program files (x86)/atmel/studio/7.0/toolchain/arm/arm-gnu-toolchain/bin/../lib/gcc/arm-none-eabi/6.3.1/../../../../arm-none-eabi/lib/thumb/v7e-m/fpv4-sp/hard\libc.a(lib_a-impure.o)
 .data.__atexit_recursive_mutex
                0x200004a0        0x4 c:/program files (x86)/atmel/studio/7.0/toolchain/arm/arm-gnu-toolchain/bin/../lib/gcc/arm-none-eabi/6.3.1/../../../../arm-none-eabi/lib/thumb/v7e-m/fpv4-sp/hard\libc.a(lib_a-__call_atexit.o)
                0x200004a0                __atexit_recursive_mutex
 .data.__malloc_av_
                0x200004a4      0x408 c:/program files (x86)/atmel/studio/7.0/toolchain/arm/arm-gnu-toolchain/bin/../lib/gcc/arm-none-eabi/6.3.1/../../../../arm-none-eabi/lib/thumb/v7e-m/fpv4-sp/hard\libc.a(lib_a-mallocr.o)
                0x200004a4                __malloc_av_
 .data.__malloc_sbrk_base
                0x200008ac        0x4 c:/program files (x86)/atmel/studio/7.0/toolchain/arm/arm-gnu-toolchain/bin/../lib/gcc/arm-none-eabi/6.3.1/../../../../arm-none-eabi/lib/thumb/v7e-m/fpv4-sp/hard\libc.a(lib_a-mallocr.o)
                0x200008ac                __malloc_sbrk_base
 .data.__malloc_trim_threshold
                0x200008b0        0x4 c:/program files (x86)/atmel/studio/7.0/toolchain/arm/arm-gnu-toolchain/bin/../lib/gcc/arm-none-eabi/6.3.1/../../../../arm-none-eabi/lib/thumb/v7e-m/fpv4-sp/hard\libc.a(lib_a-mallocr.o)
                0x200008b0                __malloc_trim_threshold
                0x200008b4                . = ALIGN (0x4)
                0x200008b4                _erelocate = .

.bss            0x200008b4     0xe0cc load address 0x00408924
                0x200008b4                . = ALIGN (0x4)
                0x200008b4                _sbss = .
                0x200008b4                _szero = .
 *(.bss .bss.*)
 .bss           0x200008b4       0x1c c:/program files (x86)/atmel/studio/7.0/toolchain/arm/arm-gnu-toolchain/bin/../lib/gcc/arm-none-eabi/6.3.1/thumb/v7e-m/fpv4-sp/hard/crtbegin.o
 .bss           0x200008d0     0xe010 main.o
                0x200018d8                ReceiveBufR1
                0x20001cd8                ReceiveBufL1
                0x200020d8                TransmitBufR1
                0x200024d8                TransmitBufL1
                0x200028dc                TransmitBufL2
                0x20002cdc                transferBufInputR
                0x200030dc                transferBufOutputR
                0x200034dc                TransmitBufR2
                0x200038dc                ReceiveBufR2
                0x20003cdc                ReceiveBufL2
                0x200040dc                channelCount
                0x200040e0                transferBufOutputL
                0x200044e0                transferBufInputL
                0x200048e0                audioFftBufR4
                0x200058e0                audioFftBufR3
                0x200068e0                audioFftBufR2
                0x200078e0                audioFftBufR1
                0x200088e0                audioFftBufR0
                0x200098e0                audioFftBufL4
                0x2000a8e0                audioFftBufL3
                0x2000b8e0                audioFftBufL2
                0x2000c8e0                audioFftBufL1
                0x2000d8e0                audioFftBufL0
 .bss           0x2000e8e0        0x4 syscalls.o
 .bss           0x2000e8e4       0x32 UART.o
 *fill*         0x2000e916        0x2 
 .bss.__malloc_current_mallinfo
                0x2000e918       0x28 c:/program files (x86)/atmel/studio/7.0/toolchain/arm/arm-gnu-toolchain/bin/../lib/gcc/arm-none-eabi/6.3.1/../../../../arm-none-eabi/lib/thumb/v7e-m/fpv4-sp/hard\libc.a(lib_a-mallocr.o)
                0x2000e918                __malloc_current_mallinfo
 .bss.__malloc_max_sbrked_mem
                0x2000e940        0x4 c:/program files (x86)/atmel/studio/7.0/toolchain/arm/arm-gnu-toolchain/bin/../lib/gcc/arm-none-eabi/6.3.1/../../../../arm-none-eabi/lib/thumb/v7e-m/fpv4-sp/hard\libc.a(lib_a-mallocr.o)
                0x2000e940                __malloc_max_sbrked_mem
 .bss.__malloc_max_total_mem
                0x2000e944        0x4 c:/program files (x86)/atmel/studio/7.0/toolchain/arm/arm-gnu-toolchain/bin/../lib/gcc/arm-none-eabi/6.3.1/../../../../arm-none-eabi/lib/thumb/v7e-m/fpv4-sp/hard\libc.a(lib_a-mallocr.o)
                0x2000e944                __malloc_max_total_mem
 .bss.__malloc_top_pad
                0x2000e948        0x4 c:/program files (x86)/atmel/studio/7.0/toolchain/arm/arm-gnu-toolchain/bin/../lib/gcc/arm-none-eabi/6.3.1/../../../../arm-none-eabi/lib/thumb/v7e-m/fpv4-sp/hard\libc.a(lib_a-mallocr.o)
                0x2000e948                __malloc_top_pad
 *(COMMON)
 COMMON         0x2000e94c        0xc syscalls.o
                0x2000e94c                ptr_get
                0x2000e950                ptr_put
                0x2000e954                stdio_base
 COMMON         0x2000e958       0x21 c:/program files (x86)/atmel/studio/7.0/toolchain/arm/arm-gnu-toolchain/bin/../lib/gcc/arm-none-eabi/6.3.1/../../../../arm-none-eabi/lib/thumb/v7e-m/fpv4-sp/hard\libc.a(lib_a-lock.o)
                0x2000e958                __lock___atexit_recursive_mutex
                0x2000e95c                __lock___arc4random_mutex
                0x2000e960                __lock___env_recursive_mutex
                0x2000e964                __lock___sinit_recursive_mutex
                0x2000e968                __lock___malloc_recursive_mutex
                0x2000e96c                __lock___at_quick_exit_mutex
                0x2000e970                __lock___dd_hash_mutex
                0x2000e974                __lock___tz_mutex
                0x2000e978                __lock___sfp_recursive_mutex
 *fill*         0x2000e979        0x3 
 COMMON         0x2000e97c        0x4 c:/program files (x86)/atmel/studio/7.0/toolchain/arm/arm-gnu-toolchain/bin/../lib/gcc/arm-none-eabi/6.3.1/../../../../arm-none-eabi/lib/thumb/v7e-m/fpv4-sp/hard\libc.a(lib_a-reent.o)
                0x2000e97c                errno
                0x2000e980                . = ALIGN (0x4)
                0x2000e980                _ebss = .
                0x2000e980                _ezero = .

.heap           0x2000e980      0x200 load address 0x004169f0
                0x2000e980                . = ALIGN (0x8)
                0x2000e980                _sheap = .
                0x2000eb80                . = (. + HEAP_SIZE)
 *fill*         0x2000e980      0x200 
                0x2000eb80                . = ALIGN (0x8)
                0x2000eb80                _eheap = .

.stack          0x2000eb80      0x400 load address 0x00416bf0
                0x2000eb80                . = ALIGN (0x8)
                0x2000eb80                _sstack = .
                0x2000ef80                . = (. + STACK_SIZE)
 *fill*         0x2000eb80      0x400 
                0x2000ef80                . = ALIGN (0x8)
                0x2000ef80                _estack = .
                0x2000ef80                . = ALIGN (0x4)
                0x2000ef80                _end = .
                0x20027fff                _ram_end_ = ((ORIGIN (ram) + LENGTH (ram)) - 0x1)
OUTPUT(CodesignSemiparamEQ.elf elf32-littlearm)

.ARM.attributes
                0x00000000       0x30
 .ARM.attributes
                0x00000000       0x22 c:/program files (x86)/atmel/studio/7.0/toolchain/arm/arm-gnu-toolchain/bin/../lib/gcc/arm-none-eabi/6.3.1/thumb/v7e-m/fpv4-sp/hard/crti.o
 .ARM.attributes
                0x00000022       0x34 c:/program files (x86)/atmel/studio/7.0/toolchain/arm/arm-gnu-toolchain/bin/../lib/gcc/arm-none-eabi/6.3.1/thumb/v7e-m/fpv4-sp/hard/crtbegin.o
 .ARM.attributes
                0x00000056       0x39 AK4588EN.o
 .ARM.attributes
                0x0000008f       0x39 Device_Startup/startup_samg55j19.o
 .ARM.attributes
                0x000000c8       0x39 Device_Startup/system_samg55j19.o
 .ARM.attributes
                0x00000101       0x39 I2SC.o
 .ARM.attributes
                0x0000013a       0x39 main.o
 .ARM.attributes
                0x00000173       0x39 Matrix.o
 .ARM.attributes
                0x000001ac       0x39 PIO.o
 .ARM.attributes
                0x000001e5       0x39 PMC.o
 .ARM.attributes
                0x0000021e       0x39 syscalls.o
 .ARM.attributes
                0x00000257       0x39 TWI.o
 .ARM.attributes
                0x00000290       0x39 UART.o
 .ARM.attributes
                0x000002c9       0x39 C:\Program Files (x86)\Atmel\Studio\7.0\packs\arm\cmsis\5.0.1\CMSIS\Lib\libarm_cortexM4lf_math.a(arm_const_structs.o)
 .ARM.attributes
                0x00000302       0x39 C:\Program Files (x86)\Atmel\Studio\7.0\packs\arm\cmsis\5.0.1\CMSIS\Lib\libarm_cortexM4lf_math.a(arm_common_tables.o)
 .ARM.attributes
                0x0000033b       0x34 C:\Program Files (x86)\Atmel\Studio\7.0\packs\arm\cmsis\5.0.1\CMSIS\Lib\libarm_cortexM4lf_math.a(arm_cfft_f32.o)
 .ARM.attributes
                0x0000036f       0x34 C:\Program Files (x86)\Atmel\Studio\7.0\packs\arm\cmsis\5.0.1\CMSIS\Lib\libarm_cortexM4lf_math.a(arm_bitreversal2.o)
 .ARM.attributes
                0x000003a3       0x34 C:\Program Files (x86)\Atmel\Studio\7.0\packs\arm\cmsis\5.0.1\CMSIS\Lib\libarm_cortexM4lf_math.a(arm_cfft_radix8_f32.o)
 .ARM.attributes
                0x000003d7       0x22 c:/program files (x86)/atmel/studio/7.0/toolchain/arm/arm-gnu-toolchain/bin/../lib/gcc/arm-none-eabi/6.3.1/thumb/v7e-m/fpv4-sp/hard\libgcc.a(_arm_addsubdf3.o)
 .ARM.attributes
                0x000003f9       0x22 c:/program files (x86)/atmel/studio/7.0/toolchain/arm/arm-gnu-toolchain/bin/../lib/gcc/arm-none-eabi/6.3.1/thumb/v7e-m/fpv4-sp/hard\libgcc.a(_arm_muldivdf3.o)
 .ARM.attributes
                0x0000041b       0x22 c:/program files (x86)/atmel/studio/7.0/toolchain/arm/arm-gnu-toolchain/bin/../lib/gcc/arm-none-eabi/6.3.1/thumb/v7e-m/fpv4-sp/hard\libgcc.a(_arm_fixdfsi.o)
 .ARM.attributes
                0x0000043d       0x22 c:/program files (x86)/atmel/studio/7.0/toolchain/arm/arm-gnu-toolchain/bin/../lib/gcc/arm-none-eabi/6.3.1/thumb/v7e-m/fpv4-sp/hard\libgcc.a(_arm_truncdfsf2.o)
 .ARM.attributes
                0x0000045f       0x34 c:/program files (x86)/atmel/studio/7.0/toolchain/arm/arm-gnu-toolchain/bin/../lib/gcc/arm-none-eabi/6.3.1/../../../../arm-none-eabi/lib/thumb/v7e-m/fpv4-sp/hard\libc.a(lib_a-impure.o)
 .ARM.attributes
                0x00000493       0x34 c:/program files (x86)/atmel/studio/7.0/toolchain/arm/arm-gnu-toolchain/bin/../lib/gcc/arm-none-eabi/6.3.1/../../../../arm-none-eabi/lib/thumb/v7e-m/fpv4-sp/hard\libc.a(lib_a-init.o)
 .ARM.attributes
                0x000004c7       0x34 c:/program files (x86)/atmel/studio/7.0/toolchain/arm/arm-gnu-toolchain/bin/../lib/gcc/arm-none-eabi/6.3.1/../../../../arm-none-eabi/lib/thumb/v7e-m/fpv4-sp/hard\libc.a(lib_a-memset.o)
 .ARM.attributes
                0x000004fb       0x34 c:/program files (x86)/atmel/studio/7.0/toolchain/arm/arm-gnu-toolchain/bin/../lib/gcc/arm-none-eabi/6.3.1/../../../../arm-none-eabi/lib/thumb/v7e-m/fpv4-sp/hard\libc.a(lib_a-puts.o)
 .ARM.attributes
                0x0000052f       0x34 c:/program files (x86)/atmel/studio/7.0/toolchain/arm/arm-gnu-toolchain/bin/../lib/gcc/arm-none-eabi/6.3.1/../../../../arm-none-eabi/lib/thumb/v7e-m/fpv4-sp/hard\libc.a(lib_a-setbuf.o)
 .ARM.attributes
                0x00000563       0x34 c:/program files (x86)/atmel/studio/7.0/toolchain/arm/arm-gnu-toolchain/bin/../lib/gcc/arm-none-eabi/6.3.1/../../../../arm-none-eabi/lib/thumb/v7e-m/fpv4-sp/hard\libc.a(lib_a-setvbuf.o)
 .ARM.attributes
                0x00000597       0x20 c:/program files (x86)/atmel/studio/7.0/toolchain/arm/arm-gnu-toolchain/bin/../lib/gcc/arm-none-eabi/6.3.1/../../../../arm-none-eabi/lib/thumb/v7e-m/fpv4-sp/hard\libc.a(lib_a-strlen.o)
 .ARM.attributes
                0x000005b7       0x34 c:/program files (x86)/atmel/studio/7.0/toolchain/arm/arm-gnu-toolchain/bin/../lib/gcc/arm-none-eabi/6.3.1/../../../../arm-none-eabi/lib/thumb/v7e-m/fpv4-sp/hard\libc.a(lib_a-__call_atexit.o)
 .ARM.attributes
                0x000005eb       0x34 c:/program files (x86)/atmel/studio/7.0/toolchain/arm/arm-gnu-toolchain/bin/../lib/gcc/arm-none-eabi/6.3.1/../../../../arm-none-eabi/lib/thumb/v7e-m/fpv4-sp/hard\libc.a(lib_a-atexit.o)
 .ARM.attributes
                0x0000061f       0x34 c:/program files (x86)/atmel/studio/7.0/toolchain/arm/arm-gnu-toolchain/bin/../lib/gcc/arm-none-eabi/6.3.1/../../../../arm-none-eabi/lib/thumb/v7e-m/fpv4-sp/hard\libc.a(lib_a-fflush.o)
 .ARM.attributes
                0x00000653       0x34 c:/program files (x86)/atmel/studio/7.0/toolchain/arm/arm-gnu-toolchain/bin/../lib/gcc/arm-none-eabi/6.3.1/../../../../arm-none-eabi/lib/thumb/v7e-m/fpv4-sp/hard\libc.a(lib_a-findfp.o)
 .ARM.attributes
                0x00000687       0x34 c:/program files (x86)/atmel/studio/7.0/toolchain/arm/arm-gnu-toolchain/bin/../lib/gcc/arm-none-eabi/6.3.1/../../../../arm-none-eabi/lib/thumb/v7e-m/fpv4-sp/hard\libc.a(lib_a-fini.o)
 .ARM.attributes
                0x000006bb       0x34 c:/program files (x86)/atmel/studio/7.0/toolchain/arm/arm-gnu-toolchain/bin/../lib/gcc/arm-none-eabi/6.3.1/../../../../arm-none-eabi/lib/thumb/v7e-m/fpv4-sp/hard\libc.a(lib_a-freer.o)
 .ARM.attributes
                0x000006ef       0x34 c:/program files (x86)/atmel/studio/7.0/toolchain/arm/arm-gnu-toolchain/bin/../lib/gcc/arm-none-eabi/6.3.1/../../../../arm-none-eabi/lib/thumb/v7e-m/fpv4-sp/hard\libc.a(lib_a-fvwrite.o)
 .ARM.attributes
                0x00000723       0x34 c:/program files (x86)/atmel/studio/7.0/toolchain/arm/arm-gnu-toolchain/bin/../lib/gcc/arm-none-eabi/6.3.1/../../../../arm-none-eabi/lib/thumb/v7e-m/fpv4-sp/hard\libc.a(lib_a-fwalk.o)
 .ARM.attributes
                0x00000757       0x34 c:/program files (x86)/atmel/studio/7.0/toolchain/arm/arm-gnu-toolchain/bin/../lib/gcc/arm-none-eabi/6.3.1/../../../../arm-none-eabi/lib/thumb/v7e-m/fpv4-sp/hard\libc.a(lib_a-lock.o)
 .ARM.attributes
                0x0000078b       0x34 c:/program files (x86)/atmel/studio/7.0/toolchain/arm/arm-gnu-toolchain/bin/../lib/gcc/arm-none-eabi/6.3.1/../../../../arm-none-eabi/lib/thumb/v7e-m/fpv4-sp/hard\libc.a(lib_a-makebuf.o)
 .ARM.attributes
                0x000007bf       0x34 c:/program files (x86)/atmel/studio/7.0/toolchain/arm/arm-gnu-toolchain/bin/../lib/gcc/arm-none-eabi/6.3.1/../../../../arm-none-eabi/lib/thumb/v7e-m/fpv4-sp/hard\libc.a(lib_a-malloc.o)
 .ARM.attributes
                0x000007f3       0x34 c:/program files (x86)/atmel/studio/7.0/toolchain/arm/arm-gnu-toolchain/bin/../lib/gcc/arm-none-eabi/6.3.1/../../../../arm-none-eabi/lib/thumb/v7e-m/fpv4-sp/hard\libc.a(lib_a-mallocr.o)
 .ARM.attributes
                0x00000827       0x20 c:/program files (x86)/atmel/studio/7.0/toolchain/arm/arm-gnu-toolchain/bin/../lib/gcc/arm-none-eabi/6.3.1/../../../../arm-none-eabi/lib/thumb/v7e-m/fpv4-sp/hard\libc.a(lib_a-memchr.o)
 .ARM.attributes
                0x00000847       0x20 c:/program files (x86)/atmel/studio/7.0/toolchain/arm/arm-gnu-toolchain/bin/../lib/gcc/arm-none-eabi/6.3.1/../../../../arm-none-eabi/lib/thumb/v7e-m/fpv4-sp/hard\libc.a(lib_a-memcpy.o)
 .ARM.attributes
                0x00000867       0x34 c:/program files (x86)/atmel/studio/7.0/toolchain/arm/arm-gnu-toolchain/bin/../lib/gcc/arm-none-eabi/6.3.1/../../../../arm-none-eabi/lib/thumb/v7e-m/fpv4-sp/hard\libc.a(lib_a-memmove.o)
 .ARM.attributes
                0x0000089b       0x34 c:/program files (x86)/atmel/studio/7.0/toolchain/arm/arm-gnu-toolchain/bin/../lib/gcc/arm-none-eabi/6.3.1/../../../../arm-none-eabi/lib/thumb/v7e-m/fpv4-sp/hard\libc.a(lib_a-mlock.o)
 .ARM.attributes
                0x000008cf       0x34 c:/program files (x86)/atmel/studio/7.0/toolchain/arm/arm-gnu-toolchain/bin/../lib/gcc/arm-none-eabi/6.3.1/../../../../arm-none-eabi/lib/thumb/v7e-m/fpv4-sp/hard\libc.a(lib_a-reallocr.o)
 .ARM.attributes
                0x00000903       0x34 c:/program files (x86)/atmel/studio/7.0/toolchain/arm/arm-gnu-toolchain/bin/../lib/gcc/arm-none-eabi/6.3.1/../../../../arm-none-eabi/lib/thumb/v7e-m/fpv4-sp/hard\libc.a(lib_a-sbrkr.o)
 .ARM.attributes
                0x00000937       0x34 c:/program files (x86)/atmel/studio/7.0/toolchain/arm/arm-gnu-toolchain/bin/../lib/gcc/arm-none-eabi/6.3.1/../../../../arm-none-eabi/lib/thumb/v7e-m/fpv4-sp/hard\libc.a(lib_a-stdio.o)
 .ARM.attributes
                0x0000096b       0x34 c:/program files (x86)/atmel/studio/7.0/toolchain/arm/arm-gnu-toolchain/bin/../lib/gcc/arm-none-eabi/6.3.1/../../../../arm-none-eabi/lib/thumb/v7e-m/fpv4-sp/hard\libc.a(lib_a-writer.o)
 .ARM.attributes
                0x0000099f       0x34 c:/program files (x86)/atmel/studio/7.0/toolchain/arm/arm-gnu-toolchain/bin/../lib/gcc/arm-none-eabi/6.3.1/../../../../arm-none-eabi/lib/thumb/v7e-m/fpv4-sp/hard\libc.a(lib_a-wsetup.o)
 .ARM.attributes
                0x000009d3       0x34 c:/program files (x86)/atmel/studio/7.0/toolchain/arm/arm-gnu-toolchain/bin/../lib/gcc/arm-none-eabi/6.3.1/../../../../arm-none-eabi/lib/thumb/v7e-m/fpv4-sp/hard\libc.a(lib_a-__atexit.o)
 .ARM.attributes
                0x00000a07       0x34 c:/program files (x86)/atmel/studio/7.0/toolchain/arm/arm-gnu-toolchain/bin/../lib/gcc/arm-none-eabi/6.3.1/../../../../arm-none-eabi/lib/thumb/v7e-m/fpv4-sp/hard\libc.a(lib_a-closer.o)
 .ARM.attributes
                0x00000a3b       0x34 c:/program files (x86)/atmel/studio/7.0/toolchain/arm/arm-gnu-toolchain/bin/../lib/gcc/arm-none-eabi/6.3.1/../../../../arm-none-eabi/lib/thumb/v7e-m/fpv4-sp/hard\libc.a(lib_a-fclose.o)
 .ARM.attributes
                0x00000a6f       0x34 c:/program files (x86)/atmel/studio/7.0/toolchain/arm/arm-gnu-toolchain/bin/../lib/gcc/arm-none-eabi/6.3.1/../../../../arm-none-eabi/lib/thumb/v7e-m/fpv4-sp/hard\libc.a(lib_a-fstatr.o)
 .ARM.attributes
                0x00000aa3       0x34 c:/program files (x86)/atmel/studio/7.0/toolchain/arm/arm-gnu-toolchain/bin/../lib/gcc/arm-none-eabi/6.3.1/../../../../arm-none-eabi/lib/thumb/v7e-m/fpv4-sp/hard\libc.a(lib_a-isattyr.o)
 .ARM.attributes
                0x00000ad7       0x34 c:/program files (x86)/atmel/studio/7.0/toolchain/arm/arm-gnu-toolchain/bin/../lib/gcc/arm-none-eabi/6.3.1/../../../../arm-none-eabi/lib/thumb/v7e-m/fpv4-sp/hard\libc.a(lib_a-lseekr.o)
 .ARM.attributes
                0x00000b0b       0x34 c:/program files (x86)/atmel/studio/7.0/toolchain/arm/arm-gnu-toolchain/bin/../lib/gcc/arm-none-eabi/6.3.1/../../../../arm-none-eabi/lib/thumb/v7e-m/fpv4-sp/hard\libc.a(lib_a-readr.o)
 .ARM.attributes
                0x00000b3f       0x34 c:/program files (x86)/atmel/studio/7.0/toolchain/arm/arm-gnu-toolchain/bin/../lib/gcc/arm-none-eabi/6.3.1/../../../../arm-none-eabi/lib/thumb/v7e-m/fpv4-sp/hard\libc.a(lib_a-reent.o)
 .ARM.attributes
                0x00000b73       0x22 c:/program files (x86)/atmel/studio/7.0/toolchain/arm/arm-gnu-toolchain/bin/../lib/gcc/arm-none-eabi/6.3.1/thumb/v7e-m/fpv4-sp/hard/crtn.o

.comment        0x00000000       0xce
 .comment       0x00000000       0x59 AK4588EN.o
                                 0x5a (size before relaxing)
 .comment       0x00000059       0x5a Device_Startup/startup_samg55j19.o
 .comment       0x00000059       0x5a Device_Startup/system_samg55j19.o
 .comment       0x00000059       0x5a I2SC.o
 .comment       0x00000059       0x5a main.o
 .comment       0x00000059       0x5a Matrix.o
 .comment       0x00000059       0x5a PIO.o
 .comment       0x00000059       0x5a PMC.o
 .comment       0x00000059       0x5a syscalls.o
 .comment       0x00000059       0x5a TWI.o
 .comment       0x00000059       0x5a UART.o
 .comment       0x00000059       0x75 C:\Program Files (x86)\Atmel\Studio\7.0\packs\arm\cmsis\5.0.1\CMSIS\Lib\libarm_cortexM4lf_math.a(arm_const_structs.o)
                                 0x76 (size before relaxing)
 .comment       0x000000ce       0x76 C:\Program Files (x86)\Atmel\Studio\7.0\packs\arm\cmsis\5.0.1\CMSIS\Lib\libarm_cortexM4lf_math.a(arm_common_tables.o)
 .comment       0x000000ce       0x76 C:\Program Files (x86)\Atmel\Studio\7.0\packs\arm\cmsis\5.0.1\CMSIS\Lib\libarm_cortexM4lf_math.a(arm_cfft_f32.o)
 .comment       0x000000ce       0x76 C:\Program Files (x86)\Atmel\Studio\7.0\packs\arm\cmsis\5.0.1\CMSIS\Lib\libarm_cortexM4lf_math.a(arm_bitreversal2.o)
 .comment       0x000000ce       0x76 C:\Program Files (x86)\Atmel\Studio\7.0\packs\arm\cmsis\5.0.1\CMSIS\Lib\libarm_cortexM4lf_math.a(arm_cfft_radix8_f32.o)

.debug_info     0x00000000     0xfdd3
 .debug_info    0x00000000      0x3ef AK4588EN.o
 .debug_info    0x000003ef      0x78e Device_Startup/startup_samg55j19.o
 .debug_info    0x00000b7d       0xf6 Device_Startup/system_samg55j19.o
 .debug_info    0x00000c73     0x170f I2SC.o
 .debug_info    0x00002382     0x27a0 main.o
 .debug_info    0x00004b22      0x302 Matrix.o
 .debug_info    0x00004e24      0x5e5 PIO.o
 .debug_info    0x00005409      0x403 PMC.o
 .debug_info    0x0000580c      0xeed syscalls.o
 .debug_info    0x000066f9      0x8b0 TWI.o
 .debug_info    0x00006fa9     0x14b5 UART.o
 .debug_info    0x0000845e     0x1d16 C:\Program Files (x86)\Atmel\Studio\7.0\packs\arm\cmsis\5.0.1\CMSIS\Lib\libarm_cortexM4lf_math.a(arm_const_structs.o)
 .debug_info    0x0000a174     0x1a84 C:\Program Files (x86)\Atmel\Studio\7.0\packs\arm\cmsis\5.0.1\CMSIS\Lib\libarm_cortexM4lf_math.a(arm_common_tables.o)
 .debug_info    0x0000bbf8     0x1c5b C:\Program Files (x86)\Atmel\Studio\7.0\packs\arm\cmsis\5.0.1\CMSIS\Lib\libarm_cortexM4lf_math.a(arm_cfft_f32.o)
 .debug_info    0x0000d853     0x16a6 C:\Program Files (x86)\Atmel\Studio\7.0\packs\arm\cmsis\5.0.1\CMSIS\Lib\libarm_cortexM4lf_math.a(arm_bitreversal2.o)
 .debug_info    0x0000eef9      0xeda C:\Program Files (x86)\Atmel\Studio\7.0\packs\arm\cmsis\5.0.1\CMSIS\Lib\libarm_cortexM4lf_math.a(arm_cfft_radix8_f32.o)

.debug_abbrev   0x00000000     0x1f54
 .debug_abbrev  0x00000000      0x115 AK4588EN.o
 .debug_abbrev  0x00000115      0x153 Device_Startup/startup_samg55j19.o
 .debug_abbrev  0x00000268       0x7d Device_Startup/system_samg55j19.o
 .debug_abbrev  0x000002e5      0x321 I2SC.o
 .debug_abbrev  0x00000606      0x4b8 main.o
 .debug_abbrev  0x00000abe       0xae Matrix.o
 .debug_abbrev  0x00000b6c       0xfb PIO.o
 .debug_abbrev  0x00000c67       0xae PMC.o
 .debug_abbrev  0x00000d15      0x2ce syscalls.o
 .debug_abbrev  0x00000fe3      0x167 TWI.o
 .debug_abbrev  0x0000114a      0x33b UART.o
 .debug_abbrev  0x00001485      0x201 C:\Program Files (x86)\Atmel\Studio\7.0\packs\arm\cmsis\5.0.1\CMSIS\Lib\libarm_cortexM4lf_math.a(arm_const_structs.o)
 .debug_abbrev  0x00001686      0x1dd C:\Program Files (x86)\Atmel\Studio\7.0\packs\arm\cmsis\5.0.1\CMSIS\Lib\libarm_cortexM4lf_math.a(arm_common_tables.o)
 .debug_abbrev  0x00001863      0x2e0 C:\Program Files (x86)\Atmel\Studio\7.0\packs\arm\cmsis\5.0.1\CMSIS\Lib\libarm_cortexM4lf_math.a(arm_cfft_f32.o)
 .debug_abbrev  0x00001b43      0x206 C:\Program Files (x86)\Atmel\Studio\7.0\packs\arm\cmsis\5.0.1\CMSIS\Lib\libarm_cortexM4lf_math.a(arm_bitreversal2.o)
 .debug_abbrev  0x00001d49      0x20b C:\Program Files (x86)\Atmel\Studio\7.0\packs\arm\cmsis\5.0.1\CMSIS\Lib\libarm_cortexM4lf_math.a(arm_cfft_radix8_f32.o)

.debug_loc      0x00000000     0x3057
 .debug_loc     0x00000000      0x25c AK4588EN.o
 .debug_loc     0x0000025c       0x6b Device_Startup/startup_samg55j19.o
 .debug_loc     0x000002c7      0x1db I2SC.o
 .debug_loc     0x000004a2      0x71f main.o
 .debug_loc     0x00000bc1       0x20 PIO.o
 .debug_loc     0x00000be1      0x2db syscalls.o
 .debug_loc     0x00000ebc       0x62 TWI.o
 .debug_loc     0x00000f1e      0x24e UART.o
 .debug_loc     0x0000116c     0x1449 C:\Program Files (x86)\Atmel\Studio\7.0\packs\arm\cmsis\5.0.1\CMSIS\Lib\libarm_cortexM4lf_math.a(arm_cfft_f32.o)
 .debug_loc     0x000025b5      0x1b3 C:\Program Files (x86)\Atmel\Studio\7.0\packs\arm\cmsis\5.0.1\CMSIS\Lib\libarm_cortexM4lf_math.a(arm_bitreversal2.o)
 .debug_loc     0x00002768      0x8ef C:\Program Files (x86)\Atmel\Studio\7.0\packs\arm\cmsis\5.0.1\CMSIS\Lib\libarm_cortexM4lf_math.a(arm_cfft_radix8_f32.o)

.debug_aranges  0x00000000      0x338
 .debug_aranges
                0x00000000       0x28 AK4588EN.o
 .debug_aranges
                0x00000028       0x28 Device_Startup/startup_samg55j19.o
 .debug_aranges
                0x00000050       0x28 Device_Startup/system_samg55j19.o
 .debug_aranges
                0x00000078       0x40 I2SC.o
 .debug_aranges
                0x000000b8       0x78 main.o
 .debug_aranges
                0x00000130       0x20 Matrix.o
 .debug_aranges
                0x00000150       0x30 PIO.o
 .debug_aranges
                0x00000180       0x20 PMC.o
 .debug_aranges
                0x000001a0       0x70 syscalls.o
 .debug_aranges
                0x00000210       0x30 TWI.o
 .debug_aranges
                0x00000240       0x50 UART.o
 .debug_aranges
                0x00000290       0x18 C:\Program Files (x86)\Atmel\Studio\7.0\packs\arm\cmsis\5.0.1\CMSIS\Lib\libarm_cortexM4lf_math.a(arm_const_structs.o)
 .debug_aranges
                0x000002a8       0x18 C:\Program Files (x86)\Atmel\Studio\7.0\packs\arm\cmsis\5.0.1\CMSIS\Lib\libarm_cortexM4lf_math.a(arm_common_tables.o)
 .debug_aranges
                0x000002c0       0x30 C:\Program Files (x86)\Atmel\Studio\7.0\packs\arm\cmsis\5.0.1\CMSIS\Lib\libarm_cortexM4lf_math.a(arm_cfft_f32.o)
 .debug_aranges
                0x000002f0       0x28 C:\Program Files (x86)\Atmel\Studio\7.0\packs\arm\cmsis\5.0.1\CMSIS\Lib\libarm_cortexM4lf_math.a(arm_bitreversal2.o)
 .debug_aranges
                0x00000318       0x20 C:\Program Files (x86)\Atmel\Studio\7.0\packs\arm\cmsis\5.0.1\CMSIS\Lib\libarm_cortexM4lf_math.a(arm_cfft_radix8_f32.o)

.debug_ranges   0x00000000      0x330
 .debug_ranges  0x00000000       0x18 AK4588EN.o
 .debug_ranges  0x00000018       0x18 Device_Startup/startup_samg55j19.o
 .debug_ranges  0x00000030       0x18 Device_Startup/system_samg55j19.o
 .debug_ranges  0x00000048       0x30 I2SC.o
 .debug_ranges  0x00000078      0x158 main.o
 .debug_ranges  0x000001d0       0x10 Matrix.o
 .debug_ranges  0x000001e0       0x20 PIO.o
 .debug_ranges  0x00000200       0x10 PMC.o
 .debug_ranges  0x00000210       0x60 syscalls.o
 .debug_ranges  0x00000270       0x20 TWI.o
 .debug_ranges  0x00000290       0x58 UART.o
 .debug_ranges  0x000002e8       0x20 C:\Program Files (x86)\Atmel\Studio\7.0\packs\arm\cmsis\5.0.1\CMSIS\Lib\libarm_cortexM4lf_math.a(arm_cfft_f32.o)
 .debug_ranges  0x00000308       0x18 C:\Program Files (x86)\Atmel\Studio\7.0\packs\arm\cmsis\5.0.1\CMSIS\Lib\libarm_cortexM4lf_math.a(arm_bitreversal2.o)
 .debug_ranges  0x00000320       0x10 C:\Program Files (x86)\Atmel\Studio\7.0\packs\arm\cmsis\5.0.1\CMSIS\Lib\libarm_cortexM4lf_math.a(arm_cfft_radix8_f32.o)

.debug_macro    0x00000000    0x1f890
 .debug_macro   0x00000000      0x405 AK4588EN.o
 .debug_macro   0x00000405      0x8b6 AK4588EN.o
 .debug_macro   0x00000cbb       0x22 AK4588EN.o
 .debug_macro   0x00000cdd       0x87 AK4588EN.o
 .debug_macro   0x00000d64       0x51 AK4588EN.o
 .debug_macro   0x00000db5       0xef AK4588EN.o
 .debug_macro   0x00000ea4       0x6a AK4588EN.o
 .debug_macro   0x00000f0e      0x1df AK4588EN.o
 .debug_macro   0x000010ed       0x68 AK4588EN.o
 .debug_macro   0x00001155       0x28 AK4588EN.o
 .debug_macro   0x0000117d       0xaf AK4588EN.o
 .debug_macro   0x0000122c      0xfe7 AK4588EN.o
 .debug_macro   0x00002213     0x1436 AK4588EN.o
 .debug_macro   0x00003649      0x37f AK4588EN.o
 .debug_macro   0x000039c8      0x390 AK4588EN.o
 .debug_macro   0x00003d58      0x314 AK4588EN.o
 .debug_macro   0x0000406c      0x2d3 AK4588EN.o
 .debug_macro   0x0000433f       0xb8 AK4588EN.o
 .debug_macro   0x000043f7       0x40 AK4588EN.o
 .debug_macro   0x00004437      0x9f5 AK4588EN.o
 .debug_macro   0x00004e2c      0x4d1 AK4588EN.o
 .debug_macro   0x000052fd      0x41a AK4588EN.o
 .debug_macro   0x00005717      0x2a4 AK4588EN.o
 .debug_macro   0x000059bb      0x5d7 AK4588EN.o
 .debug_macro   0x00005f92     0x7ee5 AK4588EN.o
 .debug_macro   0x0000de77     0x218c AK4588EN.o
 .debug_macro   0x00010003      0x1b0 AK4588EN.o
 .debug_macro   0x000101b3      0x86c AK4588EN.o
 .debug_macro   0x00010a1f      0x27d AK4588EN.o
 .debug_macro   0x00010c9c      0xb26 AK4588EN.o
 .debug_macro   0x000117c2     0x132c AK4588EN.o
 .debug_macro   0x00012aee      0xaf7 AK4588EN.o
 .debug_macro   0x000135e5     0x103e AK4588EN.o
 .debug_macro   0x00014623      0x83d AK4588EN.o
 .debug_macro   0x00014e60      0xb35 AK4588EN.o
 .debug_macro   0x00015995     0x1109 AK4588EN.o
 .debug_macro   0x00016a9e      0x13f AK4588EN.o
 .debug_macro   0x00016bdd       0xe8 AK4588EN.o
 .debug_macro   0x00016cc5       0x16 AK4588EN.o
 .debug_macro   0x00016cdb       0x46 AK4588EN.o
 .debug_macro   0x00016d21       0x6a AK4588EN.o
 .debug_macro   0x00016d8b       0x40 AK4588EN.o
 .debug_macro   0x00016dcb       0x2e AK4588EN.o
 .debug_macro   0x00016df9       0x2e AK4588EN.o
 .debug_macro   0x00016e27       0x2e AK4588EN.o
 .debug_macro   0x00016e55       0x2e AK4588EN.o
 .debug_macro   0x00016e83       0x2e AK4588EN.o
 .debug_macro   0x00016eb1       0x2e AK4588EN.o
 .debug_macro   0x00016edf       0x2e AK4588EN.o
 .debug_macro   0x00016f0d       0x2e AK4588EN.o
 .debug_macro   0x00016f3b       0x40 AK4588EN.o
 .debug_macro   0x00016f7b       0xa0 AK4588EN.o
 .debug_macro   0x0001701b       0xa0 AK4588EN.o
 .debug_macro   0x000170bb       0x7c AK4588EN.o
 .debug_macro   0x00017137       0x70 AK4588EN.o
 .debug_macro   0x000171a7       0x7c AK4588EN.o
 .debug_macro   0x00017223       0x76 AK4588EN.o
 .debug_macro   0x00017299      0x13f AK4588EN.o
 .debug_macro   0x000173d8      0x13f AK4588EN.o
 .debug_macro   0x00017517      0x100 AK4588EN.o
 .debug_macro   0x00017617       0x22 AK4588EN.o
 .debug_macro   0x00017639       0x64 AK4588EN.o
 .debug_macro   0x0001769d       0x2e AK4588EN.o
 .debug_macro   0x000176cb       0xa6 AK4588EN.o
 .debug_macro   0x00017771       0xa6 AK4588EN.o
 .debug_macro   0x00017817       0xa6 AK4588EN.o
 .debug_macro   0x000178bd       0xa6 AK4588EN.o
 .debug_macro   0x00017963       0xa6 AK4588EN.o
 .debug_macro   0x00017a09       0xa6 AK4588EN.o
 .debug_macro   0x00017aaf       0xa6 AK4588EN.o
 .debug_macro   0x00017b55       0xa6 AK4588EN.o
 .debug_macro   0x00017bfb       0x3a AK4588EN.o
 .debug_macro   0x00017c35      0x12e AK4588EN.o
 .debug_macro   0x00017d63      0x127 AK4588EN.o
 .debug_macro   0x00017e8a       0xb8 AK4588EN.o
 .debug_macro   0x00017f42       0xb8 AK4588EN.o
 .debug_macro   0x00017ffa       0xb8 AK4588EN.o
 .debug_macro   0x000180b2       0xb8 AK4588EN.o
 .debug_macro   0x0001816a       0xb8 AK4588EN.o
 .debug_macro   0x00018222       0xb8 AK4588EN.o
 .debug_macro   0x000182da       0xb8 AK4588EN.o
 .debug_macro   0x00018392       0xb8 AK4588EN.o
 .debug_macro   0x0001844a       0xa0 AK4588EN.o
 .debug_macro   0x000184ea       0xa0 AK4588EN.o
 .debug_macro   0x0001858a       0xca AK4588EN.o
 .debug_macro   0x00018654       0xca AK4588EN.o
 .debug_macro   0x0001871e       0xca AK4588EN.o
 .debug_macro   0x000187e8       0xca AK4588EN.o
 .debug_macro   0x000188b2       0xca AK4588EN.o
 .debug_macro   0x0001897c       0xca AK4588EN.o
 .debug_macro   0x00018a46       0xca AK4588EN.o
 .debug_macro   0x00018b10       0xca AK4588EN.o
 .debug_macro   0x00018bda       0x22 AK4588EN.o
 .debug_macro   0x00018bfc      0x3c3 AK4588EN.o
 .debug_macro   0x00018fbf     0x275b AK4588EN.o
 .debug_macro   0x0001b71a      0x107 AK4588EN.o
 .debug_macro   0x0001b821       0x94 AK4588EN.o
 .debug_macro   0x0001b8b5      0x3de Device_Startup/startup_samg55j19.o
 .debug_macro   0x0001bc93      0x3e4 Device_Startup/system_samg55j19.o
 .debug_macro   0x0001c077      0x58e I2SC.o
 .debug_macro   0x0001c605       0x58 I2SC.o
 .debug_macro   0x0001c65d       0x35 I2SC.o
 .debug_macro   0x0001c692       0x9c I2SC.o
 .debug_macro   0x0001c72e       0x16 I2SC.o
 .debug_macro   0x0001c744       0x97 I2SC.o
 .debug_macro   0x0001c7db      0x330 I2SC.o
 .debug_macro   0x0001cb0b       0xfd I2SC.o
 .debug_macro   0x0001cc08       0x10 I2SC.o
 .debug_macro   0x0001cc18       0x58 I2SC.o
 .debug_macro   0x0001cc70       0x1f I2SC.o
 .debug_macro   0x0001cc8f       0x43 I2SC.o
 .debug_macro   0x0001ccd2       0x20 I2SC.o
 .debug_macro   0x0001ccf2      0x187 I2SC.o
 .debug_macro   0x0001ce79       0x10 I2SC.o
 .debug_macro   0x0001ce89       0x1c I2SC.o
 .debug_macro   0x0001cea5       0x52 I2SC.o
 .debug_macro   0x0001cef7       0x40 I2SC.o
 .debug_macro   0x0001cf37       0x10 I2SC.o
 .debug_macro   0x0001cf47       0x40 I2SC.o
 .debug_macro   0x0001cf87       0xd7 I2SC.o
 .debug_macro   0x0001d05e       0x16 I2SC.o
 .debug_macro   0x0001d074      0x18b I2SC.o
 .debug_macro   0x0001d1ff      0x6a3 main.o
 .debug_macro   0x0001d8a2       0x16 main.o
 .debug_macro   0x0001d8b8       0x35 main.o
 .debug_macro   0x0001d8ed       0x16 main.o
 .debug_macro   0x0001d903       0x29 main.o
 .debug_macro   0x0001d92c       0x16 main.o
 .debug_macro   0x0001d942      0x1e1 main.o
 .debug_macro   0x0001db23       0x16 main.o
 .debug_macro   0x0001db39       0x12 main.o
 .debug_macro   0x0001db4b       0xe4 main.o
 .debug_macro   0x0001dc2f       0x7c main.o
 .debug_macro   0x0001dcab       0x16 main.o
 .debug_macro   0x0001dcc1      0x3f6 Matrix.o
 .debug_macro   0x0001e0b7      0x3ff PIO.o
 .debug_macro   0x0001e4b6      0x174 PIO.o
 .debug_macro   0x0001e62a      0x3f6 PMC.o
 .debug_macro   0x0001ea20      0x1d6 syscalls.o
 .debug_macro   0x0001ebf6       0x52 syscalls.o
 .debug_macro   0x0001ec48       0x8d syscalls.o
 .debug_macro   0x0001ecd5       0x57 syscalls.o
 .debug_macro   0x0001ed2c       0x4c syscalls.o
 .debug_macro   0x0001ed78       0x16 syscalls.o
 .debug_macro   0x0001ed8e       0x10 syscalls.o
 .debug_macro   0x0001ed9e       0x10 syscalls.o
 .debug_macro   0x0001edae       0x35 syscalls.o
 .debug_macro   0x0001ede3      0x122 syscalls.o
 .debug_macro   0x0001ef05      0x415 TWI.o
 .debug_macro   0x0001f31a      0x576 UART.o

.debug_line     0x00000000     0x7f8d
 .debug_line    0x00000000      0x8a4 AK4588EN.o
 .debug_line    0x000008a4      0x7de Device_Startup/startup_samg55j19.o
 .debug_line    0x00001082      0x7cf Device_Startup/system_samg55j19.o
 .debug_line    0x00001851      0x960 I2SC.o
 .debug_line    0x000021b1      0xc41 main.o
 .debug_line    0x00002df2      0x7be Matrix.o
 .debug_line    0x000035b0      0x7f0 PIO.o
 .debug_line    0x00003da0      0x7d9 PMC.o
 .debug_line    0x00004579      0x43f syscalls.o
 .debug_line    0x000049b8      0x811 TWI.o
 .debug_line    0x000051c9      0x9e9 UART.o
 .debug_line    0x00005bb2      0x25a C:\Program Files (x86)\Atmel\Studio\7.0\packs\arm\cmsis\5.0.1\CMSIS\Lib\libarm_cortexM4lf_math.a(arm_const_structs.o)
 .debug_line    0x00005e0c      0x243 C:\Program Files (x86)\Atmel\Studio\7.0\packs\arm\cmsis\5.0.1\CMSIS\Lib\libarm_cortexM4lf_math.a(arm_common_tables.o)
 .debug_line    0x0000604f      0xf14 C:\Program Files (x86)\Atmel\Studio\7.0\packs\arm\cmsis\5.0.1\CMSIS\Lib\libarm_cortexM4lf_math.a(arm_cfft_f32.o)
 .debug_line    0x00006f63      0x353 C:\Program Files (x86)\Atmel\Studio\7.0\packs\arm\cmsis\5.0.1\CMSIS\Lib\libarm_cortexM4lf_math.a(arm_bitreversal2.o)
 .debug_line    0x000072b6      0xcd7 C:\Program Files (x86)\Atmel\Studio\7.0\packs\arm\cmsis\5.0.1\CMSIS\Lib\libarm_cortexM4lf_math.a(arm_cfft_radix8_f32.o)

.debug_str      0x00000000    0x9d2d3
 .debug_str     0x00000000    0x9512a AK4588EN.o
                              0x95339 (size before relaxing)
 .debug_str     0x0009512a      0x542 Device_Startup/startup_samg55j19.o
                              0x95473 (size before relaxing)
 .debug_str     0x0009566c       0x6f Device_Startup/system_samg55j19.o
                              0x94f72 (size before relaxing)
 .debug_str     0x000956db     0x4738 I2SC.o
                              0x9984a (size before relaxing)
 .debug_str     0x00099e13     0x223e main.o
                              0x9b728 (size before relaxing)
 .debug_str     0x0009c051       0xa3 Matrix.o
                              0x9502b (size before relaxing)
 .debug_str     0x0009c0f4       0x28 PIO.o
                              0x954b4 (size before relaxing)
 .debug_str     0x0009c11c        0xb PMC.o
                              0x950bd (size before relaxing)
 .debug_str     0x0009c127      0x779 syscalls.o
                               0x7381 (size before relaxing)
 .debug_str     0x0009c8a0       0x6c TWI.o
                              0x9557a (size before relaxing)
 .debug_str     0x0009c90c      0x17a UART.o
                              0x99533 (size before relaxing)
 .debug_str     0x0009ca86      0x660 C:\Program Files (x86)\Atmel\Studio\7.0\packs\arm\cmsis\5.0.1\CMSIS\Lib\libarm_cortexM4lf_math.a(arm_const_structs.o)
                               0x135c (size before relaxing)
 .debug_str     0x0009d0e6       0x2e C:\Program Files (x86)\Atmel\Studio\7.0\packs\arm\cmsis\5.0.1\CMSIS\Lib\libarm_cortexM4lf_math.a(arm_common_tables.o)
                                0xd1d (size before relaxing)
 .debug_str     0x0009d114      0x117 C:\Program Files (x86)\Atmel\Studio\7.0\packs\arm\cmsis\5.0.1\CMSIS\Lib\libarm_cortexM4lf_math.a(arm_cfft_f32.o)
                                0xe7e (size before relaxing)
 .debug_str     0x0009d22b       0x5b C:\Program Files (x86)\Atmel\Studio\7.0\packs\arm\cmsis\5.0.1\CMSIS\Lib\libarm_cortexM4lf_math.a(arm_bitreversal2.o)
                                0xd76 (size before relaxing)
 .debug_str     0x0009d286       0x4d C:\Program Files (x86)\Atmel\Studio\7.0\packs\arm\cmsis\5.0.1\CMSIS\Lib\libarm_cortexM4lf_math.a(arm_cfft_radix8_f32.o)
                                0x69b (size before relaxing)

.debug_frame    0x00000000     0x11f0
 .debug_frame   0x00000000       0x38 AK4588EN.o
 .debug_frame   0x00000038       0x38 Device_Startup/startup_samg55j19.o
 .debug_frame   0x00000070       0x30 Device_Startup/system_samg55j19.o
 .debug_frame   0x000000a0       0x80 I2SC.o
 .debug_frame   0x00000120      0x14c main.o
 .debug_frame   0x0000026c       0x20 Matrix.o
 .debug_frame   0x0000028c       0x48 PIO.o
 .debug_frame   0x000002d4       0x20 PMC.o
 .debug_frame   0x000002f4       0xf8 syscalls.o
 .debug_frame   0x000003ec       0x48 TWI.o
 .debug_frame   0x00000434       0xdc UART.o
 .debug_frame   0x00000510       0xfc C:\Program Files (x86)\Atmel\Studio\7.0\packs\arm\cmsis\5.0.1\CMSIS\Lib\libarm_cortexM4lf_math.a(arm_cfft_f32.o)
 .debug_frame   0x0000060c       0x5c C:\Program Files (x86)\Atmel\Studio\7.0\packs\arm\cmsis\5.0.1\CMSIS\Lib\libarm_cortexM4lf_math.a(arm_bitreversal2.o)
 .debug_frame   0x00000668       0x94 C:\Program Files (x86)\Atmel\Studio\7.0\packs\arm\cmsis\5.0.1\CMSIS\Lib\libarm_cortexM4lf_math.a(arm_cfft_radix8_f32.o)
 .debug_frame   0x000006fc       0xac c:/program files (x86)/atmel/studio/7.0/toolchain/arm/arm-gnu-toolchain/bin/../lib/gcc/arm-none-eabi/6.3.1/thumb/v7e-m/fpv4-sp/hard\libgcc.a(_arm_addsubdf3.o)
 .debug_frame   0x000007a8       0x50 c:/program files (x86)/atmel/studio/7.0/toolchain/arm/arm-gnu-toolchain/bin/../lib/gcc/arm-none-eabi/6.3.1/thumb/v7e-m/fpv4-sp/hard\libgcc.a(_arm_muldivdf3.o)
 .debug_frame   0x000007f8       0x24 c:/program files (x86)/atmel/studio/7.0/toolchain/arm/arm-gnu-toolchain/bin/../lib/gcc/arm-none-eabi/6.3.1/thumb/v7e-m/fpv4-sp/hard\libgcc.a(_arm_fixdfsi.o)
 .debug_frame   0x0000081c       0x24 c:/program files (x86)/atmel/studio/7.0/toolchain/arm/arm-gnu-toolchain/bin/../lib/gcc/arm-none-eabi/6.3.1/thumb/v7e-m/fpv4-sp/hard\libgcc.a(_arm_truncdfsf2.o)
 .debug_frame   0x00000840       0x2c c:/program files (x86)/atmel/studio/7.0/toolchain/arm/arm-gnu-toolchain/bin/../lib/gcc/arm-none-eabi/6.3.1/../../../../arm-none-eabi/lib/thumb/v7e-m/fpv4-sp/hard\libc.a(lib_a-init.o)
 .debug_frame   0x0000086c       0x34 c:/program files (x86)/atmel/studio/7.0/toolchain/arm/arm-gnu-toolchain/bin/../lib/gcc/arm-none-eabi/6.3.1/../../../../arm-none-eabi/lib/thumb/v7e-m/fpv4-sp/hard\libc.a(lib_a-memset.o)
 .debug_frame   0x000008a0       0x4c c:/program files (x86)/atmel/studio/7.0/toolchain/arm/arm-gnu-toolchain/bin/../lib/gcc/arm-none-eabi/6.3.1/../../../../arm-none-eabi/lib/thumb/v7e-m/fpv4-sp/hard\libc.a(lib_a-puts.o)
 .debug_frame   0x000008ec       0x20 c:/program files (x86)/atmel/studio/7.0/toolchain/arm/arm-gnu-toolchain/bin/../lib/gcc/arm-none-eabi/6.3.1/../../../../arm-none-eabi/lib/thumb/v7e-m/fpv4-sp/hard\libc.a(lib_a-setbuf.o)
 .debug_frame   0x0000090c       0x48 c:/program files (x86)/atmel/studio/7.0/toolchain/arm/arm-gnu-toolchain/bin/../lib/gcc/arm-none-eabi/6.3.1/../../../../arm-none-eabi/lib/thumb/v7e-m/fpv4-sp/hard\libc.a(lib_a-setvbuf.o)
 .debug_frame   0x00000954       0x5c c:/program files (x86)/atmel/studio/7.0/toolchain/arm/arm-gnu-toolchain/bin/../lib/gcc/arm-none-eabi/6.3.1/../../../../arm-none-eabi/lib/thumb/v7e-m/fpv4-sp/hard\libc.a(lib_a-__call_atexit.o)
 .debug_frame   0x000009b0       0x20 c:/program files (x86)/atmel/studio/7.0/toolchain/arm/arm-gnu-toolchain/bin/../lib/gcc/arm-none-eabi/6.3.1/../../../../arm-none-eabi/lib/thumb/v7e-m/fpv4-sp/hard\libc.a(lib_a-atexit.o)
 .debug_frame   0x000009d0       0x5c c:/program files (x86)/atmel/studio/7.0/toolchain/arm/arm-gnu-toolchain/bin/../lib/gcc/arm-none-eabi/6.3.1/../../../../arm-none-eabi/lib/thumb/v7e-m/fpv4-sp/hard\libc.a(lib_a-fflush.o)
 .debug_frame   0x00000a2c      0x148 c:/program files (x86)/atmel/studio/7.0/toolchain/arm/arm-gnu-toolchain/bin/../lib/gcc/arm-none-eabi/6.3.1/../../../../arm-none-eabi/lib/thumb/v7e-m/fpv4-sp/hard\libc.a(lib_a-findfp.o)
 .debug_frame   0x00000b74       0x34 c:/program files (x86)/atmel/studio/7.0/toolchain/arm/arm-gnu-toolchain/bin/../lib/gcc/arm-none-eabi/6.3.1/../../../../arm-none-eabi/lib/thumb/v7e-m/fpv4-sp/hard\libc.a(lib_a-fini.o)
 .debug_frame   0x00000ba8       0x74 c:/program files (x86)/atmel/studio/7.0/toolchain/arm/arm-gnu-toolchain/bin/../lib/gcc/arm-none-eabi/6.3.1/../../../../arm-none-eabi/lib/thumb/v7e-m/fpv4-sp/hard\libc.a(lib_a-freer.o)
 .debug_frame   0x00000c1c       0x68 c:/program files (x86)/atmel/studio/7.0/toolchain/arm/arm-gnu-toolchain/bin/../lib/gcc/arm-none-eabi/6.3.1/../../../../arm-none-eabi/lib/thumb/v7e-m/fpv4-sp/hard\libc.a(lib_a-fvwrite.o)
 .debug_frame   0x00000c84       0x54 c:/program files (x86)/atmel/studio/7.0/toolchain/arm/arm-gnu-toolchain/bin/../lib/gcc/arm-none-eabi/6.3.1/../../../../arm-none-eabi/lib/thumb/v7e-m/fpv4-sp/hard\libc.a(lib_a-fwalk.o)
 .debug_frame   0x00000cd8       0xb0 c:/program files (x86)/atmel/studio/7.0/toolchain/arm/arm-gnu-toolchain/bin/../lib/gcc/arm-none-eabi/6.3.1/../../../../arm-none-eabi/lib/thumb/v7e-m/fpv4-sp/hard\libc.a(lib_a-lock.o)
 .debug_frame   0x00000d88       0x68 c:/program files (x86)/atmel/studio/7.0/toolchain/arm/arm-gnu-toolchain/bin/../lib/gcc/arm-none-eabi/6.3.1/../../../../arm-none-eabi/lib/thumb/v7e-m/fpv4-sp/hard\libc.a(lib_a-makebuf.o)
 .debug_frame   0x00000df0       0x30 c:/program files (x86)/atmel/studio/7.0/toolchain/arm/arm-gnu-toolchain/bin/../lib/gcc/arm-none-eabi/6.3.1/../../../../arm-none-eabi/lib/thumb/v7e-m/fpv4-sp/hard\libc.a(lib_a-malloc.o)
 .debug_frame   0x00000e20       0x58 c:/program files (x86)/atmel/studio/7.0/toolchain/arm/arm-gnu-toolchain/bin/../lib/gcc/arm-none-eabi/6.3.1/../../../../arm-none-eabi/lib/thumb/v7e-m/fpv4-sp/hard\libc.a(lib_a-mallocr.o)
 .debug_frame   0x00000e78       0x30 c:/program files (x86)/atmel/studio/7.0/toolchain/arm/arm-gnu-toolchain/bin/../lib/gcc/arm-none-eabi/6.3.1/../../../../arm-none-eabi/lib/thumb/v7e-m/fpv4-sp/hard\libc.a(lib_a-memmove.o)
 .debug_frame   0x00000ea8       0x30 c:/program files (x86)/atmel/studio/7.0/toolchain/arm/arm-gnu-toolchain/bin/../lib/gcc/arm-none-eabi/6.3.1/../../../../arm-none-eabi/lib/thumb/v7e-m/fpv4-sp/hard\libc.a(lib_a-mlock.o)
 .debug_frame   0x00000ed8       0x68 c:/program files (x86)/atmel/studio/7.0/toolchain/arm/arm-gnu-toolchain/bin/../lib/gcc/arm-none-eabi/6.3.1/../../../../arm-none-eabi/lib/thumb/v7e-m/fpv4-sp/hard\libc.a(lib_a-reallocr.o)
 .debug_frame   0x00000f40       0x2c c:/program files (x86)/atmel/studio/7.0/toolchain/arm/arm-gnu-toolchain/bin/../lib/gcc/arm-none-eabi/6.3.1/../../../../arm-none-eabi/lib/thumb/v7e-m/fpv4-sp/hard\libc.a(lib_a-sbrkr.o)
 .debug_frame   0x00000f6c       0x88 c:/program files (x86)/atmel/studio/7.0/toolchain/arm/arm-gnu-toolchain/bin/../lib/gcc/arm-none-eabi/6.3.1/../../../../arm-none-eabi/lib/thumb/v7e-m/fpv4-sp/hard\libc.a(lib_a-stdio.o)
 .debug_frame   0x00000ff4       0x2c c:/program files (x86)/atmel/studio/7.0/toolchain/arm/arm-gnu-toolchain/bin/../lib/gcc/arm-none-eabi/6.3.1/../../../../arm-none-eabi/lib/thumb/v7e-m/fpv4-sp/hard\libc.a(lib_a-writer.o)
 .debug_frame   0x00001020       0x2c c:/program files (x86)/atmel/studio/7.0/toolchain/arm/arm-gnu-toolchain/bin/../lib/gcc/arm-none-eabi/6.3.1/../../../../arm-none-eabi/lib/thumb/v7e-m/fpv4-sp/hard\libc.a(lib_a-wsetup.o)
 .debug_frame   0x0000104c       0x34 c:/program files (x86)/atmel/studio/7.0/toolchain/arm/arm-gnu-toolchain/bin/../lib/gcc/arm-none-eabi/6.3.1/../../../../arm-none-eabi/lib/thumb/v7e-m/fpv4-sp/hard\libc.a(lib_a-__atexit.o)
 .debug_frame   0x00001080       0x2c c:/program files (x86)/atmel/studio/7.0/toolchain/arm/arm-gnu-toolchain/bin/../lib/gcc/arm-none-eabi/6.3.1/../../../../arm-none-eabi/lib/thumb/v7e-m/fpv4-sp/hard\libc.a(lib_a-closer.o)
 .debug_frame   0x000010ac       0x3c c:/program files (x86)/atmel/studio/7.0/toolchain/arm/arm-gnu-toolchain/bin/../lib/gcc/arm-none-eabi/6.3.1/../../../../arm-none-eabi/lib/thumb/v7e-m/fpv4-sp/hard\libc.a(lib_a-fclose.o)
 .debug_frame   0x000010e8       0x2c c:/program files (x86)/atmel/studio/7.0/toolchain/arm/arm-gnu-toolchain/bin/../lib/gcc/arm-none-eabi/6.3.1/../../../../arm-none-eabi/lib/thumb/v7e-m/fpv4-sp/hard\libc.a(lib_a-fstatr.o)
 .debug_frame   0x00001114       0x2c c:/program files (x86)/atmel/studio/7.0/toolchain/arm/arm-gnu-toolchain/bin/../lib/gcc/arm-none-eabi/6.3.1/../../../../arm-none-eabi/lib/thumb/v7e-m/fpv4-sp/hard\libc.a(lib_a-isattyr.o)
 .debug_frame   0x00001140       0x2c c:/program files (x86)/atmel/studio/7.0/toolchain/arm/arm-gnu-toolchain/bin/../lib/gcc/arm-none-eabi/6.3.1/../../../../arm-none-eabi/lib/thumb/v7e-m/fpv4-sp/hard\libc.a(lib_a-lseekr.o)
 .debug_frame   0x0000116c       0x2c c:/program files (x86)/atmel/studio/7.0/toolchain/arm/arm-gnu-toolchain/bin/../lib/gcc/arm-none-eabi/6.3.1/../../../../arm-none-eabi/lib/thumb/v7e-m/fpv4-sp/hard\libc.a(lib_a-readr.o)
 .debug_frame   0x00001198       0x58 c:/program files (x86)/atmel/studio/7.0/toolchain/arm/arm-gnu-toolchain/bin/../lib/gcc/arm-none-eabi/6.3.1/../../../../arm-none-eabi/lib/thumb/v7e-m/fpv4-sp/hard\libc.a(lib_a-reent.o)
