Archive member included to satisfy reference by file (symbol)

c:/program files (x86)/atmel/studio/7.0/toolchain/arm/arm-gnu-toolchain/bin/../lib/gcc/arm-none-eabi/6.3.1/../../../../arm-none-eabi/lib/thumb/v7e-m/fpv4-sp/hard\libm.a(lib_a-w_pow.o)
                              main.o (pow)
c:/program files (x86)/atmel/studio/7.0/toolchain/arm/arm-gnu-toolchain/bin/../lib/gcc/arm-none-eabi/6.3.1/../../../../arm-none-eabi/lib/thumb/v7e-m/fpv4-sp/hard\libm.a(lib_a-e_pow.o)
                              c:/program files (x86)/atmel/studio/7.0/toolchain/arm/arm-gnu-toolchain/bin/../lib/gcc/arm-none-eabi/6.3.1/../../../../arm-none-eabi/lib/thumb/v7e-m/fpv4-sp/hard\libm.a(lib_a-w_pow.o) (__ieee754_pow)
c:/program files (x86)/atmel/studio/7.0/toolchain/arm/arm-gnu-toolchain/bin/../lib/gcc/arm-none-eabi/6.3.1/../../../../arm-none-eabi/lib/thumb/v7e-m/fpv4-sp/hard\libm.a(lib_a-e_sqrt.o)
                              c:/program files (x86)/atmel/studio/7.0/toolchain/arm/arm-gnu-toolchain/bin/../lib/gcc/arm-none-eabi/6.3.1/../../../../arm-none-eabi/lib/thumb/v7e-m/fpv4-sp/hard\libm.a(lib_a-e_pow.o) (__ieee754_sqrt)
c:/program files (x86)/atmel/studio/7.0/toolchain/arm/arm-gnu-toolchain/bin/../lib/gcc/arm-none-eabi/6.3.1/../../../../arm-none-eabi/lib/thumb/v7e-m/fpv4-sp/hard\libm.a(lib_a-s_fabs.o)
                              c:/program files (x86)/atmel/studio/7.0/toolchain/arm/arm-gnu-toolchain/bin/../lib/gcc/arm-none-eabi/6.3.1/../../../../arm-none-eabi/lib/thumb/v7e-m/fpv4-sp/hard\libm.a(lib_a-e_pow.o) (fabs)
c:/program files (x86)/atmel/studio/7.0/toolchain/arm/arm-gnu-toolchain/bin/../lib/gcc/arm-none-eabi/6.3.1/../../../../arm-none-eabi/lib/thumb/v7e-m/fpv4-sp/hard\libm.a(lib_a-s_finite.o)
                              c:/program files (x86)/atmel/studio/7.0/toolchain/arm/arm-gnu-toolchain/bin/../lib/gcc/arm-none-eabi/6.3.1/../../../../arm-none-eabi/lib/thumb/v7e-m/fpv4-sp/hard\libm.a(lib_a-w_pow.o) (finite)
c:/program files (x86)/atmel/studio/7.0/toolchain/arm/arm-gnu-toolchain/bin/../lib/gcc/arm-none-eabi/6.3.1/../../../../arm-none-eabi/lib/thumb/v7e-m/fpv4-sp/hard\libm.a(lib_a-s_lib_ver.o)
                              c:/program files (x86)/atmel/studio/7.0/toolchain/arm/arm-gnu-toolchain/bin/../lib/gcc/arm-none-eabi/6.3.1/../../../../arm-none-eabi/lib/thumb/v7e-m/fpv4-sp/hard\libm.a(lib_a-w_pow.o) (__fdlib_version)
c:/program files (x86)/atmel/studio/7.0/toolchain/arm/arm-gnu-toolchain/bin/../lib/gcc/arm-none-eabi/6.3.1/../../../../arm-none-eabi/lib/thumb/v7e-m/fpv4-sp/hard\libm.a(lib_a-s_matherr.o)
                              c:/program files (x86)/atmel/studio/7.0/toolchain/arm/arm-gnu-toolchain/bin/../lib/gcc/arm-none-eabi/6.3.1/../../../../arm-none-eabi/lib/thumb/v7e-m/fpv4-sp/hard\libm.a(lib_a-w_pow.o) (matherr)
c:/program files (x86)/atmel/studio/7.0/toolchain/arm/arm-gnu-toolchain/bin/../lib/gcc/arm-none-eabi/6.3.1/../../../../arm-none-eabi/lib/thumb/v7e-m/fpv4-sp/hard\libm.a(lib_a-s_nan.o)
                              c:/program files (x86)/atmel/studio/7.0/toolchain/arm/arm-gnu-toolchain/bin/../lib/gcc/arm-none-eabi/6.3.1/../../../../arm-none-eabi/lib/thumb/v7e-m/fpv4-sp/hard\libm.a(lib_a-e_pow.o) (nan)
c:/program files (x86)/atmel/studio/7.0/toolchain/arm/arm-gnu-toolchain/bin/../lib/gcc/arm-none-eabi/6.3.1/../../../../arm-none-eabi/lib/thumb/v7e-m/fpv4-sp/hard\libm.a(lib_a-s_rint.o)
                              c:/program files (x86)/atmel/studio/7.0/toolchain/arm/arm-gnu-toolchain/bin/../lib/gcc/arm-none-eabi/6.3.1/../../../../arm-none-eabi/lib/thumb/v7e-m/fpv4-sp/hard\libm.a(lib_a-w_pow.o) (rint)
c:/program files (x86)/atmel/studio/7.0/toolchain/arm/arm-gnu-toolchain/bin/../lib/gcc/arm-none-eabi/6.3.1/../../../../arm-none-eabi/lib/thumb/v7e-m/fpv4-sp/hard\libm.a(lib_a-s_scalbn.o)
                              c:/program files (x86)/atmel/studio/7.0/toolchain/arm/arm-gnu-toolchain/bin/../lib/gcc/arm-none-eabi/6.3.1/../../../../arm-none-eabi/lib/thumb/v7e-m/fpv4-sp/hard\libm.a(lib_a-e_pow.o) (scalbn)
c:/program files (x86)/atmel/studio/7.0/toolchain/arm/arm-gnu-toolchain/bin/../lib/gcc/arm-none-eabi/6.3.1/../../../../arm-none-eabi/lib/thumb/v7e-m/fpv4-sp/hard\libm.a(lib_a-s_copysign.o)
                              c:/program files (x86)/atmel/studio/7.0/toolchain/arm/arm-gnu-toolchain/bin/../lib/gcc/arm-none-eabi/6.3.1/../../../../arm-none-eabi/lib/thumb/v7e-m/fpv4-sp/hard\libm.a(lib_a-s_scalbn.o) (copysign)
C:\Program Files (x86)\Atmel\Studio\7.0\packs\arm\CMSIS\5.0.1\CMSIS\Lib\libarm_cortexM4lf_math.a(arm_q31_to_float.o)
                              main.o (arm_q31_to_float)
C:\Program Files (x86)\Atmel\Studio\7.0\packs\arm\CMSIS\5.0.1\CMSIS\Lib\libarm_cortexM4lf_math.a(arm_float_to_q31.o)
                              main.o (arm_float_to_q31)
C:\Program Files (x86)\Atmel\Studio\7.0\packs\arm\CMSIS\5.0.1\CMSIS\Lib\libarm_cortexM4lf_math.a(arm_biquad_cascade_df1_init_f32.o)
                              main.o (arm_biquad_cascade_df1_init_f32)
[...]
Memory Configuration

Name             Origin             Length             Attributes
rom              0x00400000         0x00080000         xr
ram              0x20000000         0x00028000         xrw
*default*        0x00000000         0xffffffff

Linker script and memory map

LOAD c:/program files (x86)/atmel/studio/7.0/toolchain/arm/arm-gnu-toolchain/bin/../lib/gcc/arm-none-eabi/6.3.1/thumb/v7e-m/fpv4-sp/hard/crti.o
LOAD c:/program files (x86)/atmel/studio/7.0/toolchain/arm/arm-gnu-toolchain/bin/../lib/gcc/arm-none-eabi/6.3.1/thumb/v7e-m/fpv4-sp/hard/crtbegin.o
LOAD c:/program files (x86)/atmel/studio/7.0/toolchain/arm/arm-gnu-toolchain/bin/../lib/gcc/arm-none-eabi/6.3.1/../../../../arm-none-eabi/lib/thumb/v7e-m/fpv4-sp/hard/crt0.o
LOAD AK4588EN.o
LOAD Device_Startup/startup_samg55j19.o
LOAD Device_Startup/system_samg55j19.o
LOAD I2SC.o
LOAD main.o
LOAD Matrix.o
LOAD PIO.o
LOAD PMC.o
LOAD syscalls.o
LOAD TWI.o
LOAD UART.o
START GROUP
LOAD c:/program files (x86)/atmel/studio/7.0/toolchain/arm/arm-gnu-toolchain/bin/../lib/gcc/arm-none-eabi/6.3.1/../../../../arm-none-eabi/lib/thumb/v7e-m/fpv4-sp/hard\libm.a
LOAD C:\Program Files (x86)\Atmel\Studio\7.0\packs\arm\CMSIS\5.0.1\CMSIS\Lib\libarm_cortexM4lf_math.a
END GROUP
START GROUP
LOAD c:/program files (x86)/atmel/studio/7.0/toolchain/arm/arm-gnu-toolchain/bin/../lib/gcc/arm-none-eabi/6.3.1/thumb/v7e-m/fpv4-sp/hard\libgcc.a
LOAD c:/program files (x86)/atmel/studio/7.0/toolchain/arm/arm-gnu-toolchain/bin/../lib/gcc/arm-none-eabi/6.3.1/../../../../arm-none-eabi/lib/thumb/v7e-m/fpv4-sp/hard\libc.a
END GROUP
LOAD c:/program files (x86)/atmel/studio/7.0/toolchain/arm/arm-gnu-toolchain/bin/../lib/gcc/arm-none-eabi/6.3.1/thumb/v7e-m/fpv4-sp/hard/crtend.o
LOAD c:/program files (x86)/atmel/studio/7.0/toolchain/arm/arm-gnu-toolchain/bin/../lib/gcc/arm-none-eabi/6.3.1/thumb/v7e-m/fpv4-sp/hard/crtn.o
                0x00003000                STACK_SIZE = DEFINED (STACK_SIZE)?STACK_SIZE:DEFINED (__stack_size__)?__stack_size__:0x3000
                0x20027ffc                __ram_end__ = ((ORIGIN (ram) + LENGTH (ram)) - 0x4)
                0x00000200                HEAP_SIZE = DEFINED (HEAP_SIZE)?HEAP_SIZE:DEFINED (__heap_size__)?__heap_size__:0x200

.text           0x00400000     0x8424
                0x00400000                . = ALIGN (0x4)
                0x00400000                _sfixed = .
 *(.vectors .vectors.*)
 .vectors       0x00400000      0x108 Device_Startup/startup_samg55j19.o
                0x00400000                exception_table
 *(.text .text.* .gnu.linkonce.t.*)
 .text          0x00400108       0x6c c:/program files (x86)/atmel/studio/7.0/toolchain/arm/arm-gnu-toolchain/bin/../lib/gcc/arm-none-eabi/6.3.1/thumb/v7e-m/fpv4-sp/hard/crtbegin.o
 .text.AK4588EN_Init
                0x00400174      0x200 AK4588EN.o
                0x00400174                AK4588EN_Init
 .text.Dummy_Handler
                0x00400374        0x2 Device_Startup/startup_samg55j19.o
                0x00400374                SVCall_Handler
                0x00400374                HardFault_Handler
                0x00400374                TC2_Handler
                0x00400374                FLEXCOM4_Handler
                0x00400374                SysTick_Handler
                0x00400374                PendSV_Handler
                0x00400374                ADC_Handler
                0x00400374                NonMaskableInt_Handler
                0x00400374                CRCCU_Handler
                0x00400374                RTT_Handler
                0x00400374                FLEXCOM6_Handler
                0x00400374                PIOB_Handler
                0x00400374                RTC_Handler
                0x00400374                UsageFault_Handler
                0x00400374                FLEXCOM0_Handler
                0x00400374                PDMIC1_Handler
                0x00400374                WDT_Handler
                0x00400374                TC4_Handler
                0x00400374                TC1_Handler
                0x00400374                TC3_Handler
                0x00400374                Dummy_Handler
                0x00400374                PIOA_Handler
                0x00400374                MEM2MEM_Handler
                0x00400374                PMC_Handler
                0x00400374                PDMIC0_Handler
                0x00400374                SUPC_Handler
                0x00400374                UHP_Handler
                0x00400374                EFC_Handler
                0x00400374                FLEXCOM7_Handler
                0x00400374                I2SC1_Handler
                0x00400374                FLEXCOM2_Handler
                0x00400374                UDP_Handler
                0x00400374                FLEXCOM3_Handler
                0x00400374                BusFault_Handler
                0x00400374                RSTC_Handler
                0x00400374                TC0_Handler
                0x00400374                MemoryManagement_Handler
                0x00400374                FLEXCOM5_Handler
                0x00400374                DebugMonitor_Handler
                0x00400374                TC5_Handler
 *fill*         0x00400376        0x2 
 .text.Reset_Handler
                0x00400378       0x84 Device_Startup/startup_samg55j19.o
                0x00400378                Reset_Handler
 .text.SystemInit
                0x004003fc       0x10 Device_Startup/system_samg55j19.o
                0x004003fc                SystemInit
 .text.I2SC_DMAenable
                0x0040040c       0x4c I2SC.o
                0x0040040c                I2SC_DMAenable
 .text.Init_I2SC
                0x00400458       0x98 I2SC.o
                0x00400458                Init_I2SC
 .text.fpu_enable
                0x004004f0       0x18 main.o
                0x004004f0                fpu_enable
 .text.db_to_lin
                0x00400508       0x44 main.o
                0x00400508                db_to_lin
 .text.gain     0x0040054c       0x1c main.o
                0x0040054c                gain
 .text.main     0x00400568      0x270 main.o
                0x00400568                main
 .text.I2SC0_Handler
                0x004007d8       0xe0 main.o
                0x004007d8                I2SC0_Handler
 .text.FLEXCOM1_Handler
                0x004008b8       0xb4 main.o
                0x004008b8                FLEXCOM1_Handler
 .text.Setup_Matrix
                0x0040096c       0x24 Matrix.o
                0x0040096c                Setup_Matrix
 .text.Led3State
                0x00400990       0x20 PIO.o
                0x00400990                Led3State
 .text.AK4558EN_PDN_State
                0x004009b0       0x20 PIO.o
                0x004009b0                AK4558EN_PDN_State
 .text.Init_PIO
                0x004009d0       0x78 PIO.o
                0x004009d0                Init_PIO
 .text.Setup_PMC
                0x00400a48       0x8c PMC.o
                0x00400a48                Setup_PMC
 .text._sbrk    0x00400ad4       0x38 syscalls.o
                0x00400ad4                _sbrk
 .text._close   0x00400b0c        0x6 syscalls.o
                0x00400b0c                _close
 .text._fstat   0x00400b12        0xa syscalls.o
                0x00400b12                _fstat
 .text._isatty  0x00400b1c        0x4 syscalls.o
                0x00400b1c                _isatty
 .text._lseek   0x00400b20        0x4 syscalls.o
                0x00400b20                _lseek
 .text._write   0x00400b24       0x50 syscalls.o
                0x00400b24                _write
 .text._read    0x00400b74       0x3c syscalls.o
                0x00400b74                _read
 .text.Init_TWI
                0x00400bb0       0x84 TWI.o
                0x00400bb0                Init_TWI
 .text.Ctrl_putchar
                0x00400c34       0x18 UART.o
 .text.convert  0x00400c4c       0x30 UART.o
 .text.Init_UART
                0x00400c7c       0xac UART.o
                0x00400c7c                Init_UART
 .text.UART_Putchar
                0x00400d28       0x14 UART.o
                0x00400d28                UART_Putchar
 .text.UART_Puts
                0x00400d3c       0x2c UART.o
                0x00400d3c                UART_Puts
 .text.UART_Printf
                0x00400d68      0x140 UART.o
                0x00400d68                UART_Printf
 .text.pow      0x00400ea8      0x320 c:/program files (x86)/atmel/studio/7.0/toolchain/arm/arm-gnu-toolchain/bin/../lib/gcc/arm-none-eabi/6.3.1/../../../../arm-none-eabi/lib/thumb/v7e-m/fpv4-sp/hard\libm.a(lib_a-w_pow.o)
                0x00400ea8                pow
 .text.__ieee754_pow
                0x004011c8      0xae0 c:/program files (x86)/atmel/studio/7.0/toolchain/arm/arm-gnu-toolchain/bin/../lib/gcc/arm-none-eabi/6.3.1/../../../../arm-none-eabi/lib/thumb/v7e-m/fpv4-sp/hard\libm.a(lib_a-e_pow.o)
                0x004011c8                __ieee754_pow
 .text.__ieee754_sqrt
                0x00401ca8      0x198 c:/program files (x86)/atmel/studio/7.0/toolchain/arm/arm-gnu-toolchain/bin/../lib/gcc/arm-none-eabi/6.3.1/../../../../arm-none-eabi/lib/thumb/v7e-m/fpv4-sp/hard\libm.a(lib_a-e_sqrt.o)
                0x00401ca8                __ieee754_sqrt
 .text.fabs     0x00401e40       0x10 c:/program files (x86)/atmel/studio/7.0/toolchain/arm/arm-gnu-toolchain/bin/../lib/gcc/arm-none-eabi/6.3.1/../../../../arm-none-eabi/lib/thumb/v7e-m/fpv4-sp/hard\libm.a(lib_a-s_fabs.o)
                0x00401e40                fabs
 .text.finite   0x00401e50       0x10 c:/program files (x86)/atmel/studio/7.0/toolchain/arm/arm-gnu-toolchain/bin/../lib/gcc/arm-none-eabi/6.3.1/../../../../arm-none-eabi/lib/thumb/v7e-m/fpv4-sp/hard\libm.a(lib_a-s_finite.o)
                0x00401e50                finite
 .text.matherr  0x00401e60        0x4 c:/program files (x86)/atmel/studio/7.0/toolchain/arm/arm-gnu-toolchain/bin/../lib/gcc/arm-none-eabi/6.3.1/../../../../arm-none-eabi/lib/thumb/v7e-m/fpv4-sp/hard\libm.a(lib_a-s_matherr.o)
                0x00401e60                matherr
 *fill*         0x00401e64        0x4 
 .text.nan      0x00401e68       0x10 c:/program files (x86)/atmel/studio/7.0/toolchain/arm/arm-gnu-toolchain/bin/../lib/gcc/arm-none-eabi/6.3.1/../../../../arm-none-eabi/lib/thumb/v7e-m/fpv4-sp/hard\libm.a(lib_a-s_nan.o)
                0x00401e68                nan
 .text.rint     0x00401e78      0x124 c:/program files (x86)/atmel/studio/7.0/toolchain/arm/arm-gnu-toolchain/bin/../lib/gcc/arm-none-eabi/6.3.1/../../../../arm-none-eabi/lib/thumb/v7e-m/fpv4-sp/hard\libm.a(lib_a-s_rint.o)
                0x00401e78                rint
 *fill*         0x00401f9c        0x4 
 .text.scalbn   0x00401fa0      0x10c c:/program files (x86)/atmel/studio/7.0/toolchain/arm/arm-gnu-toolchain/bin/../lib/gcc/arm-none-eabi/6.3.1/../../../../arm-none-eabi/lib/thumb/v7e-m/fpv4-sp/hard\libm.a(lib_a-s_scalbn.o)
                0x00401fa0                scalbn
 .text.copysign
                0x004020ac       0x1c c:/program files (x86)/atmel/studio/7.0/toolchain/arm/arm-gnu-toolchain/bin/../lib/gcc/arm-none-eabi/6.3.1/../../../../arm-none-eabi/lib/thumb/v7e-m/fpv4-sp/hard\libm.a(lib_a-s_copysign.o)
                0x004020ac                copysign
 .text.arm_q31_to_float
                0x004020c8       0xb0 C:\Program Files (x86)\Atmel\Studio\7.0\packs\arm\CMSIS\5.0.1\CMSIS\Lib\libarm_cortexM4lf_math.a(arm_q31_to_float.o)
                0x004020c8                arm_q31_to_float
 .text.arm_float_to_q31
                0x00402178      0x204 C:\Program Files (x86)\Atmel\Studio\7.0\packs\arm\CMSIS\5.0.1\CMSIS\Lib\libarm_cortexM4lf_math.a(arm_float_to_q31.o)
                0x00402178                arm_float_to_q31
 .text.arm_biquad_cascade_df1_init_f32
                0x0040237c       0x18 C:\Program Files (x86)\Atmel\Studio\7.0\packs\arm\CMSIS\5.0.1\CMSIS\Lib\libarm_cortexM4lf_math.a(arm_biquad_cascade_df1_init_f32.o)
                0x0040237c                arm_biquad_cascade_df1_init_f32
 .text.arm_biquad_cascade_df1_f32
                0x00402394      0x1fc C:\Program Files (x86)\Atmel\Studio\7.0\packs\arm\CMSIS\5.0.1\CMSIS\Lib\libarm_cortexM4lf_math.a(arm_biquad_cascade_df1_f32.o)
                0x00402394                arm_biquad_cascade_df1_f32
 .text          0x00402590      0x370 c:/program files (x86)/atmel/studio/7.0/toolchain/arm/arm-gnu-toolchain/bin/../lib/gcc/arm-none-eabi/6.3.1/thumb/v7e-m/fpv4-sp/hard\libgcc.a(_arm_addsubdf3.o)
                0x00402590                __aeabi_drsub
                0x00402598                __aeabi_dsub
                0x00402598                __subdf3
                0x0040259c                __aeabi_dadd
                0x0040259c                __adddf3
                0x00402814                __floatunsidf
                0x00402814                __aeabi_ui2d
                0x00402834                __floatsidf
                0x00402834                __aeabi_i2d
                0x00402858                __aeabi_f2d
                0x00402858                __extendsfdf2
                0x00402894                __floatundidf
                0x00402894                __aeabi_ul2d
                0x004028a4                __floatdidf
                0x004028a4                __aeabi_l2d
 .text          0x00402900      0x424 c:/program files (x86)/atmel/studio/7.0/toolchain/arm/arm-gnu-toolchain/bin/../lib/gcc/arm-none-eabi/6.3.1/thumb/v7e-m/fpv4-sp/hard\libgcc.a(_arm_muldivdf3.o)
                0x00402900                __aeabi_dmul
                0x00402900                __muldf3
                0x00402b54                __divdf3
                0x00402b54                __aeabi_ddiv
 .text          0x00402d24      0x110 c:/program files (x86)/atmel/studio/7.0/toolchain/arm/arm-gnu-toolchain/bin/../lib/gcc/arm-none-eabi/6.3.1/thumb/v7e-m/fpv4-sp/hard\libgcc.a(_arm_cmpdf2.o)
                0x00402d24                __gtdf2
                0x00402d24                __gedf2
                0x00402d2c                __ltdf2
                0x00402d2c                __ledf2
                0x00402d34                __nedf2
                0x00402d34                __eqdf2
                0x00402d34                __cmpdf2
                0x00402db0                __aeabi_cdrcmple
                0x00402dc0                __aeabi_cdcmpeq
                0x00402dc0                __aeabi_cdcmple
                0x00402dd0                __aeabi_dcmpeq
                0x00402de4                __aeabi_dcmplt
                0x00402df8                __aeabi_dcmple
                0x00402e0c                __aeabi_dcmpge
                0x00402e20                __aeabi_dcmpgt
 .text          0x00402e34       0x2c c:/program files (x86)/atmel/studio/7.0/toolchain/arm/arm-gnu-toolchain/bin/../lib/gcc/arm-none-eabi/6.3.1/thumb/v7e-m/fpv4-sp/hard\libgcc.a(_arm_unorddf2.o)
                0x00402e34                __unorddf2
                0x00402e34                __aeabi_dcmpun
 .text          0x00402e60       0xa0 c:/program files (x86)/atmel/studio/7.0/toolchain/arm/arm-gnu-toolchain/bin/../lib/gcc/arm-none-eabi/6.3.1/thumb/v7e-m/fpv4-sp/hard\libgcc.a(_arm_truncdfsf2.o)
                0x00402e60                __truncdfsf2
                0x00402e60                __aeabi_d2f
 .text          0x00402f00       0x24 c:/program files (x86)/atmel/studio/7.0/toolchain/arm/arm-gnu-toolchain/bin/../lib/gcc/arm-none-eabi/6.3.1/thumb/v7e-m/fpv4-sp/hard\libgcc.a(_fixsfdi.o)
                0x00402f00                __fixsfdi
                0x00402f00                __aeabi_f2lz
 .text          0x00402f24       0x4c c:/program files (x86)/atmel/studio/7.0/toolchain/arm/arm-gnu-toolchain/bin/../lib/gcc/arm-none-eabi/6.3.1/thumb/v7e-m/fpv4-sp/hard\libgcc.a(_fixunssfdi.o)
                0x00402f24                __fixunssfdi
                0x00402f24                __aeabi_f2ulz
 .text          0x00402f70       0x40 c:/program files (x86)/atmel/studio/7.0/toolchain/arm/arm-gnu-toolchain/bin/../lib/gcc/arm-none-eabi/6.3.1/thumb/v7e-m/fpv4-sp/hard\libgcc.a(_arm_fixunsdfsi.o)
                0x00402f70                __aeabi_d2uiz
                0x00402f70                __fixunsdfsi
 .text.atoi     0x00402fb0        0x8 c:/program files (x86)/atmel/studio/7.0/toolchain/arm/arm-gnu-toolchain/bin/../lib/gcc/arm-none-eabi/6.3.1/../../../../arm-none-eabi/lib/thumb/v7e-m/fpv4-sp/hard\libc.a(lib_a-atoi.o)
                0x00402fb0                atoi
 .text.__errno  0x00402fb8        0xc c:/program files (x86)/atmel/studio/7.0/toolchain/arm/arm-gnu-toolchain/bin/../lib/gcc/arm-none-eabi/6.3.1/../../../../arm-none-eabi/lib/thumb/v7e-m/fpv4-sp/hard\libc.a(lib_a-errno.o)
                0x00402fb8                __errno
 .text.__libc_init_array
                0x00402fc4       0x50 c:/program files (x86)/atmel/studio/7.0/toolchain/arm/arm-gnu-toolchain/bin/../lib/gcc/arm-none-eabi/6.3.1/../../../../arm-none-eabi/lib/thumb/v7e-m/fpv4-sp/hard\libc.a(lib_a-init.o)
                0x00402fc4                __libc_init_array
 .text.memset   0x00403014       0x9c c:/program files (x86)/atmel/studio/7.0/toolchain/arm/arm-gnu-toolchain/bin/../lib/gcc/arm-none-eabi/6.3.1/../../../../arm-none-eabi/lib/thumb/v7e-m/fpv4-sp/hard\libc.a(lib_a-memset.o)
                0x00403014                memset
 .text.printf   0x004030b0       0x28 c:/program files (x86)/atmel/studio/7.0/toolchain/arm/arm-gnu-toolchain/bin/../lib/gcc/arm-none-eabi/6.3.1/../../../../arm-none-eabi/lib/thumb/v7e-m/fpv4-sp/hard\libc.a(lib_a-printf.o)
                0x004030b0                printf
 .text._puts_r  0x004030d8       0x9c c:/program files (x86)/atmel/studio/7.0/toolchain/arm/arm-gnu-toolchain/bin/../lib/gcc/arm-none-eabi/6.3.1/../../../../arm-none-eabi/lib/thumb/v7e-m/fpv4-sp/hard\libc.a(lib_a-puts.o)
                0x004030d8                _puts_r
 .text.puts     0x00403174       0x10 c:/program files (x86)/atmel/studio/7.0/toolchain/arm/arm-gnu-toolchain/bin/../lib/gcc/arm-none-eabi/6.3.1/../../../../arm-none-eabi/lib/thumb/v7e-m/fpv4-sp/hard\libc.a(lib_a-puts.o)
                0x00403174                puts
 .text.setbuf   0x00403184       0x10 c:/program files (x86)/atmel/studio/7.0/toolchain/arm/arm-gnu-toolchain/bin/../lib/gcc/arm-none-eabi/6.3.1/../../../../arm-none-eabi/lib/thumb/v7e-m/fpv4-sp/hard\libc.a(lib_a-setbuf.o)
                0x00403184                setbuf
 .text.setvbuf  0x00403194      0x190 c:/program files (x86)/atmel/studio/7.0/toolchain/arm/arm-gnu-toolchain/bin/../lib/gcc/arm-none-eabi/6.3.1/../../../../arm-none-eabi/lib/thumb/v7e-m/fpv4-sp/hard\libc.a(lib_a-setvbuf.o)
                0x00403194                setvbuf
 *fill*         0x00403324       0x1c 
 .text          0x00403340       0xdc c:/program files (x86)/atmel/studio/7.0/toolchain/arm/arm-gnu-toolchain/bin/../lib/gcc/arm-none-eabi/6.3.1/../../../../arm-none-eabi/lib/thumb/v7e-m/fpv4-sp/hard\libc.a(lib_a-strlen.o)
                0x00403340                strlen
 .text._strtol_l.isra.0
                0x0040341c      0x128 c:/program files (x86)/atmel/studio/7.0/toolchain/arm/arm-gnu-toolchain/bin/../lib/gcc/arm-none-eabi/6.3.1/../../../../arm-none-eabi/lib/thumb/v7e-m/fpv4-sp/hard\libc.a(lib_a-strtol.o)
 .text.strtol   0x00403544       0x2c c:/program files (x86)/atmel/studio/7.0/toolchain/arm/arm-gnu-toolchain/bin/../lib/gcc/arm-none-eabi/6.3.1/../../../../arm-none-eabi/lib/thumb/v7e-m/fpv4-sp/hard\libc.a(lib_a-strtol.o)
                0x00403544                strtol
 .text._vfprintf_r
                0x00403570     0x158c c:/program files (x86)/atmel/studio/7.0/toolchain/arm/arm-gnu-toolchain/bin/../lib/gcc/arm-none-eabi/6.3.1/../../../../arm-none-eabi/lib/thumb/v7e-m/fpv4-sp/hard\libc.a(lib_a-vfprintf.o)
                0x00403570                _vfprintf_r
 .text.__sbprintf
                0x00404afc       0x84 c:/program files (x86)/atmel/studio/7.0/toolchain/arm/arm-gnu-toolchain/bin/../lib/gcc/arm-none-eabi/6.3.1/../../../../arm-none-eabi/lib/thumb/v7e-m/fpv4-sp/hard\libc.a(lib_a-vfprintf.o)
 .text.__swsetup_r
                0x00404b80       0xc8 c:/program files (x86)/atmel/studio/7.0/toolchain/arm/arm-gnu-toolchain/bin/../lib/gcc/arm-none-eabi/6.3.1/../../../../arm-none-eabi/lib/thumb/v7e-m/fpv4-sp/hard\libc.a(lib_a-wsetup.o)
                0x00404b80                __swsetup_r
 .text.startup.register_fini
                0x00404c48       0x14 c:/program files (x86)/atmel/studio/7.0/toolchain/arm/arm-gnu-toolchain/bin/../lib/gcc/arm-none-eabi/6.3.1/../../../../arm-none-eabi/lib/thumb/v7e-m/fpv4-sp/hard\libc.a(lib_a-__call_atexit.o)
 .text.atexit   0x00404c5c        0xc c:/program files (x86)/atmel/studio/7.0/toolchain/arm/arm-gnu-toolchain/bin/../lib/gcc/arm-none-eabi/6.3.1/../../../../arm-none-eabi/lib/thumb/v7e-m/fpv4-sp/hard\libc.a(lib_a-atexit.o)
                0x00404c5c                atexit
 .text.quorem   0x00404c68      0x128 c:/program files (x86)/atmel/studio/7.0/toolchain/arm/arm-gnu-toolchain/bin/../lib/gcc/arm-none-eabi/6.3.1/../../../../arm-none-eabi/lib/thumb/v7e-m/fpv4-sp/hard\libc.a(lib_a-dtoa.o)
 .text._dtoa_r  0x00404d90      0xe4c c:/program files (x86)/atmel/studio/7.0/toolchain/arm/arm-gnu-toolchain/bin/../lib/gcc/arm-none-eabi/6.3.1/../../../../arm-none-eabi/lib/thumb/v7e-m/fpv4-sp/hard\libc.a(lib_a-dtoa.o)
                0x00404d90                _dtoa_r
 .text.__sflush_r
                0x00405bdc      0x140 c:/program files (x86)/atmel/studio/7.0/toolchain/arm/arm-gnu-toolchain/bin/../lib/gcc/arm-none-eabi/6.3.1/../../../../arm-none-eabi/lib/thumb/v7e-m/fpv4-sp/hard\libc.a(lib_a-fflush.o)
                0x00405bdc                __sflush_r
 .text._fflush_r
                0x00405d1c       0x54 c:/program files (x86)/atmel/studio/7.0/toolchain/arm/arm-gnu-toolchain/bin/../lib/gcc/arm-none-eabi/6.3.1/../../../../arm-none-eabi/lib/thumb/v7e-m/fpv4-sp/hard\libc.a(lib_a-fflush.o)
                0x00405d1c                _fflush_r
 .text._cleanup_r
                0x00405d70        0xc c:/program files (x86)/atmel/studio/7.0/toolchain/arm/arm-gnu-toolchain/bin/../lib/gcc/arm-none-eabi/6.3.1/../../../../arm-none-eabi/lib/thumb/v7e-m/fpv4-sp/hard\libc.a(lib_a-findfp.o)
                0x00405d70                _cleanup_r
 .text.std.isra.0
                0x00405d7c       0x50 c:/program files (x86)/atmel/studio/7.0/toolchain/arm/arm-gnu-toolchain/bin/../lib/gcc/arm-none-eabi/6.3.1/../../../../arm-none-eabi/lib/thumb/v7e-m/fpv4-sp/hard\libc.a(lib_a-findfp.o)
 .text.__sinit  0x00405dcc       0x58 c:/program files (x86)/atmel/studio/7.0/toolchain/arm/arm-gnu-toolchain/bin/../lib/gcc/arm-none-eabi/6.3.1/../../../../arm-none-eabi/lib/thumb/v7e-m/fpv4-sp/hard\libc.a(lib_a-findfp.o)
                0x00405dcc                __sinit
 .text.__sfp_lock_acquire
                0x00405e24        0xc c:/program files (x86)/atmel/studio/7.0/toolchain/arm/arm-gnu-toolchain/bin/../lib/gcc/arm-none-eabi/6.3.1/../../../../arm-none-eabi/lib/thumb/v7e-m/fpv4-sp/hard\libc.a(lib_a-findfp.o)
                0x00405e24                __sfp_lock_acquire
 .text.__sfp_lock_release
                0x00405e30        0xc c:/program files (x86)/atmel/studio/7.0/toolchain/arm/arm-gnu-toolchain/bin/../lib/gcc/arm-none-eabi/6.3.1/../../../../arm-none-eabi/lib/thumb/v7e-m/fpv4-sp/hard\libc.a(lib_a-findfp.o)
                0x00405e30                __sfp_lock_release
 .text.__libc_fini_array
                0x00405e3c       0x34 c:/program files (x86)/atmel/studio/7.0/toolchain/arm/arm-gnu-toolchain/bin/../lib/gcc/arm-none-eabi/6.3.1/../../../../arm-none-eabi/lib/thumb/v7e-m/fpv4-sp/hard\libc.a(lib_a-fini.o)
                0x00405e3c                __libc_fini_array
 .text._malloc_trim_r
                0x00405e70       0xa0 c:/program files (x86)/atmel/studio/7.0/toolchain/arm/arm-gnu-toolchain/bin/../lib/gcc/arm-none-eabi/6.3.1/../../../../arm-none-eabi/lib/thumb/v7e-m/fpv4-sp/hard\libc.a(lib_a-freer.o)
                0x00405e70                _malloc_trim_r
 .text._free_r  0x00405f10      0x1cc c:/program files (x86)/atmel/studio/7.0/toolchain/arm/arm-gnu-toolchain/bin/../lib/gcc/arm-none-eabi/6.3.1/../../../../arm-none-eabi/lib/thumb/v7e-m/fpv4-sp/hard\libc.a(lib_a-freer.o)
                0x00405f10                _free_r
 .text.__sfvwrite_r
                0x004060dc      0x2f0 c:/program files (x86)/atmel/studio/7.0/toolchain/arm/arm-gnu-toolchain/bin/../lib/gcc/arm-none-eabi/6.3.1/../../../../arm-none-eabi/lib/thumb/v7e-m/fpv4-sp/hard\libc.a(lib_a-fvwrite.o)
                0x004060dc                __sfvwrite_r
 .text._fwalk_reent
                0x004063cc       0x54 c:/program files (x86)/atmel/studio/7.0/toolchain/arm/arm-gnu-toolchain/bin/../lib/gcc/arm-none-eabi/6.3.1/../../../../arm-none-eabi/lib/thumb/v7e-m/fpv4-sp/hard\libc.a(lib_a-fwalk.o)
                0x004063cc                _fwalk_reent
 .text.__locale_mb_cur_max
                0x00406420       0x1c c:/program files (x86)/atmel/studio/7.0/toolchain/arm/arm-gnu-toolchain/bin/../lib/gcc/arm-none-eabi/6.3.1/../../../../arm-none-eabi/lib/thumb/v7e-m/fpv4-sp/hard\libc.a(lib_a-locale.o)
                0x00406420                __locale_mb_cur_max
 .text.__locale_ctype_ptr_l
                0x0040643c        0x8 c:/program files (x86)/atmel/studio/7.0/toolchain/arm/arm-gnu-toolchain/bin/../lib/gcc/arm-none-eabi/6.3.1/../../../../arm-none-eabi/lib/thumb/v7e-m/fpv4-sp/hard\libc.a(lib_a-locale.o)
                0x0040643c                __locale_ctype_ptr_l
 .text._localeconv_r
                0x00406444       0x1c c:/program files (x86)/atmel/studio/7.0/toolchain/arm/arm-gnu-toolchain/bin/../lib/gcc/arm-none-eabi/6.3.1/../../../../arm-none-eabi/lib/thumb/v7e-m/fpv4-sp/hard\libc.a(lib_a-localeconv.o)
                0x00406444                _localeconv_r
 .text.__retarget_lock_init_recursive
                0x00406460        0x4 c:/program files (x86)/atmel/studio/7.0/toolchain/arm/arm-gnu-toolchain/bin/../lib/gcc/arm-none-eabi/6.3.1/../../../../arm-none-eabi/lib/thumb/v7e-m/fpv4-sp/hard\libc.a(lib_a-lock.o)
                0x00406460                __retarget_lock_init_recursive
 .text.__retarget_lock_close_recursive
                0x00406464        0x4 c:/program files (x86)/atmel/studio/7.0/toolchain/arm/arm-gnu-toolchain/bin/../lib/gcc/arm-none-eabi/6.3.1/../../../../arm-none-eabi/lib/thumb/v7e-m/fpv4-sp/hard\libc.a(lib_a-lock.o)
                0x00406464                __retarget_lock_close_recursive
 .text.__retarget_lock_acquire_recursive
                0x00406468        0x4 c:/program files (x86)/atmel/studio/7.0/toolchain/arm/arm-gnu-toolchain/bin/../lib/gcc/arm-none-eabi/6.3.1/../../../../arm-none-eabi/lib/thumb/v7e-m/fpv4-sp/hard\libc.a(lib_a-lock.o)
                0x00406468                __retarget_lock_acquire_recursive
 .text.__retarget_lock_release_recursive
                0x0040646c        0x4 c:/program files (x86)/atmel/studio/7.0/toolchain/arm/arm-gnu-toolchain/bin/../lib/gcc/arm-none-eabi/6.3.1/../../../../arm-none-eabi/lib/thumb/v7e-m/fpv4-sp/hard\libc.a(lib_a-lock.o)
                0x0040646c                __retarget_lock_release_recursive
 .text.__swhatbuf_r
                0x00406470       0x5c c:/program files (x86)/atmel/studio/7.0/toolchain/arm/arm-gnu-toolchain/bin/../lib/gcc/arm-none-eabi/6.3.1/../../../../arm-none-eabi/lib/thumb/v7e-m/fpv4-sp/hard\libc.a(lib_a-makebuf.o)
                0x00406470                __swhatbuf_r
 .text.__smakebuf_r
                0x004064cc       0x94 c:/program files (x86)/atmel/studio/7.0/toolchain/arm/arm-gnu-toolchain/bin/../lib/gcc/arm-none-eabi/6.3.1/../../../../arm-none-eabi/lib/thumb/v7e-m/fpv4-sp/hard\libc.a(lib_a-makebuf.o)
                0x004064cc                __smakebuf_r
 .text.malloc   0x00406560       0x10 c:/program files (x86)/atmel/studio/7.0/toolchain/arm/arm-gnu-toolchain/bin/../lib/gcc/arm-none-eabi/6.3.1/../../../../arm-none-eabi/lib/thumb/v7e-m/fpv4-sp/hard\libc.a(lib_a-malloc.o)
                0x00406560                malloc
 .text._malloc_r
                0x00406570      0x560 c:/program files (x86)/atmel/studio/7.0/toolchain/arm/arm-gnu-toolchain/bin/../lib/gcc/arm-none-eabi/6.3.1/../../../../arm-none-eabi/lib/thumb/v7e-m/fpv4-sp/hard\libc.a(lib_a-mallocr.o)
                0x00406570                _malloc_r
 .text.__ascii_mbtowc
                0x00406ad0       0x2c c:/program files (x86)/atmel/studio/7.0/toolchain/arm/arm-gnu-toolchain/bin/../lib/gcc/arm-none-eabi/6.3.1/../../../../arm-none-eabi/lib/thumb/v7e-m/fpv4-sp/hard\libc.a(lib_a-mbtowc_r.o)
                0x00406ad0                __ascii_mbtowc
 *fill*         0x00406afc        0x4 
 .text          0x00406b00       0xa0 c:/program files (x86)/atmel/studio/7.0/toolchain/arm/arm-gnu-toolchain/bin/../lib/gcc/arm-none-eabi/6.3.1/../../../../arm-none-eabi/lib/thumb/v7e-m/fpv4-sp/hard\libc.a(lib_a-memchr.o)
                0x00406b00                memchr
 .text          0x00406ba0      0x134 c:/program files (x86)/atmel/studio/7.0/toolchain/arm/arm-gnu-toolchain/bin/../lib/gcc/arm-none-eabi/6.3.1/../../../../arm-none-eabi/lib/thumb/v7e-m/fpv4-sp/hard\libc.a(lib_a-memcpy.o)
                0x00406ba0                memcpy
 .text.memmove  0x00406cd4       0xc8 c:/program files (x86)/atmel/studio/7.0/toolchain/arm/arm-gnu-toolchain/bin/../lib/gcc/arm-none-eabi/6.3.1/../../../../arm-none-eabi/lib/thumb/v7e-m/fpv4-sp/hard\libc.a(lib_a-memmove.o)
                0x00406cd4                memmove
 .text.__malloc_lock
                0x00406d9c        0xc c:/program files (x86)/atmel/studio/7.0/toolchain/arm/arm-gnu-toolchain/bin/../lib/gcc/arm-none-eabi/6.3.1/../../../../arm-none-eabi/lib/thumb/v7e-m/fpv4-sp/hard\libc.a(lib_a-mlock.o)
                0x00406d9c                __malloc_lock
 .text.__malloc_unlock
                0x00406da8        0xc c:/program files (x86)/atmel/studio/7.0/toolchain/arm/arm-gnu-toolchain/bin/../lib/gcc/arm-none-eabi/6.3.1/../../../../arm-none-eabi/lib/thumb/v7e-m/fpv4-sp/hard\libc.a(lib_a-mlock.o)
                0x00406da8                __malloc_unlock
 .text._Balloc  0x00406db4       0x4c c:/program files (x86)/atmel/studio/7.0/toolchain/arm/arm-gnu-toolchain/bin/../lib/gcc/arm-none-eabi/6.3.1/../../../../arm-none-eabi/lib/thumb/v7e-m/fpv4-sp/hard\libc.a(lib_a-mprec.o)
                0x00406db4                _Balloc
 .text._Bfree   0x00406e00       0x14 c:/program files (x86)/atmel/studio/7.0/toolchain/arm/arm-gnu-toolchain/bin/../lib/gcc/arm-none-eabi/6.3.1/../../../../arm-none-eabi/lib/thumb/v7e-m/fpv4-sp/hard\libc.a(lib_a-mprec.o)
                0x00406e00                _Bfree
 .text.__multadd
                0x00406e14       0x80 c:/program files (x86)/atmel/studio/7.0/toolchain/arm/arm-gnu-toolchain/bin/../lib/gcc/arm-none-eabi/6.3.1/../../../../arm-none-eabi/lib/thumb/v7e-m/fpv4-sp/hard\libc.a(lib_a-mprec.o)
                0x00406e14                __multadd
 .text.__hi0bits
                0x00406e94       0x40 c:/program files (x86)/atmel/studio/7.0/toolchain/arm/arm-gnu-toolchain/bin/../lib/gcc/arm-none-eabi/6.3.1/../../../../arm-none-eabi/lib/thumb/v7e-m/fpv4-sp/hard\libc.a(lib_a-mprec.o)
                0x00406e94                __hi0bits
 .text.__lo0bits
                0x00406ed4       0x60 c:/program files (x86)/atmel/studio/7.0/toolchain/arm/arm-gnu-toolchain/bin/../lib/gcc/arm-none-eabi/6.3.1/../../../../arm-none-eabi/lib/thumb/v7e-m/fpv4-sp/hard\libc.a(lib_a-mprec.o)
                0x00406ed4                __lo0bits
 .text.__i2b    0x00406f34       0x14 c:/program files (x86)/atmel/studio/7.0/toolchain/arm/arm-gnu-toolchain/bin/../lib/gcc/arm-none-eabi/6.3.1/../../../../arm-none-eabi/lib/thumb/v7e-m/fpv4-sp/hard\libc.a(lib_a-mprec.o)
                0x00406f34                __i2b
 .text.__multiply
                0x00406f48      0x124 c:/program files (x86)/atmel/studio/7.0/toolchain/arm/arm-gnu-toolchain/bin/../lib/gcc/arm-none-eabi/6.3.1/../../../../arm-none-eabi/lib/thumb/v7e-m/fpv4-sp/hard\libc.a(lib_a-mprec.o)
                0x00406f48                __multiply
 .text.__pow5mult
                0x0040706c       0xa0 c:/program files (x86)/atmel/studio/7.0/toolchain/arm/arm-gnu-toolchain/bin/../lib/gcc/arm-none-eabi/6.3.1/../../../../arm-none-eabi/lib/thumb/v7e-m/fpv4-sp/hard\libc.a(lib_a-mprec.o)
                0x0040706c                __pow5mult
 .text.__lshift
                0x0040710c       0xa4 c:/program files (x86)/atmel/studio/7.0/toolchain/arm/arm-gnu-toolchain/bin/../lib/gcc/arm-none-eabi/6.3.1/../../../../arm-none-eabi/lib/thumb/v7e-m/fpv4-sp/hard\libc.a(lib_a-mprec.o)
                0x0040710c                __lshift
 .text.__mcmp   0x004071b0       0x38 c:/program files (x86)/atmel/studio/7.0/toolchain/arm/arm-gnu-toolchain/bin/../lib/gcc/arm-none-eabi/6.3.1/../../../../arm-none-eabi/lib/thumb/v7e-m/fpv4-sp/hard\libc.a(lib_a-mprec.o)
                0x004071b0                __mcmp
 .text.__mdiff  0x004071e8      0x108 c:/program files (x86)/atmel/studio/7.0/toolchain/arm/arm-gnu-toolchain/bin/../lib/gcc/arm-none-eabi/6.3.1/../../../../arm-none-eabi/lib/thumb/v7e-m/fpv4-sp/hard\libc.a(lib_a-mprec.o)
                0x004071e8                __mdiff
 .text.__d2b    0x004072f0       0xbc c:/program files (x86)/atmel/studio/7.0/toolchain/arm/arm-gnu-toolchain/bin/../lib/gcc/arm-none-eabi/6.3.1/../../../../arm-none-eabi/lib/thumb/v7e-m/fpv4-sp/hard\libc.a(lib_a-mprec.o)
                0x004072f0                __d2b
 .text._realloc_r
                0x004073ac      0x34c c:/program files (x86)/atmel/studio/7.0/toolchain/arm/arm-gnu-toolchain/bin/../lib/gcc/arm-none-eabi/6.3.1/../../../../arm-none-eabi/lib/thumb/v7e-m/fpv4-sp/hard\libc.a(lib_a-reallocr.o)
                0x004073ac                _realloc_r
 .text._sbrk_r  0x004076f8       0x24 c:/program files (x86)/atmel/studio/7.0/toolchain/arm/arm-gnu-toolchain/bin/../lib/gcc/arm-none-eabi/6.3.1/../../../../arm-none-eabi/lib/thumb/v7e-m/fpv4-sp/hard\libc.a(lib_a-sbrkr.o)
                0x004076f8                _sbrk_r
 .text.__sread  0x0040771c       0x24 c:/program files (x86)/atmel/studio/7.0/toolchain/arm/arm-gnu-toolchain/bin/../lib/gcc/arm-none-eabi/6.3.1/../../../../arm-none-eabi/lib/thumb/v7e-m/fpv4-sp/hard\libc.a(lib_a-stdio.o)
                0x0040771c                __sread
 .text.__swrite
                0x00407740       0x3c c:/program files (x86)/atmel/studio/7.0/toolchain/arm/arm-gnu-toolchain/bin/../lib/gcc/arm-none-eabi/6.3.1/../../../../arm-none-eabi/lib/thumb/v7e-m/fpv4-sp/hard\libc.a(lib_a-stdio.o)
                0x00407740                __swrite
 .text.__sseek  0x0040777c       0x20 c:/program files (x86)/atmel/studio/7.0/toolchain/arm/arm-gnu-toolchain/bin/../lib/gcc/arm-none-eabi/6.3.1/../../../../arm-none-eabi/lib/thumb/v7e-m/fpv4-sp/hard\libc.a(lib_a-stdio.o)
                0x0040777c                __sseek
 .text.__sclose
                0x0040779c        0x8 c:/program files (x86)/atmel/studio/7.0/toolchain/arm/arm-gnu-toolchain/bin/../lib/gcc/arm-none-eabi/6.3.1/../../../../arm-none-eabi/lib/thumb/v7e-m/fpv4-sp/hard\libc.a(lib_a-stdio.o)
                0x0040779c                __sclose
 .text.__sprint_r.part.0
                0x004077a4       0x80 c:/program files (x86)/atmel/studio/7.0/toolchain/arm/arm-gnu-toolchain/bin/../lib/gcc/arm-none-eabi/6.3.1/../../../../arm-none-eabi/lib/thumb/v7e-m/fpv4-sp/hard\libc.a(lib_a-vfiprintf.o)
 .text.__sprint_r
                0x00407824       0x14 c:/program files (x86)/atmel/studio/7.0/toolchain/arm/arm-gnu-toolchain/bin/../lib/gcc/arm-none-eabi/6.3.1/../../../../arm-none-eabi/lib/thumb/v7e-m/fpv4-sp/hard\libc.a(lib_a-vfiprintf.o)
                0x00407824                __sprint_r
 .text.__ascii_wctomb
                0x00407838       0x1c c:/program files (x86)/atmel/studio/7.0/toolchain/arm/arm-gnu-toolchain/bin/../lib/gcc/arm-none-eabi/6.3.1/../../../../arm-none-eabi/lib/thumb/v7e-m/fpv4-sp/hard\libc.a(lib_a-wctomb_r.o)
                0x00407838                __ascii_wctomb
 .text._write_r
                0x00407854       0x2c c:/program files (x86)/atmel/studio/7.0/toolchain/arm/arm-gnu-toolchain/bin/../lib/gcc/arm-none-eabi/6.3.1/../../../../arm-none-eabi/lib/thumb/v7e-m/fpv4-sp/hard\libc.a(lib_a-writer.o)
                0x00407854                _write_r
 .text.__register_exitproc
                0x00407880       0xc4 c:/program files (x86)/atmel/studio/7.0/toolchain/arm/arm-gnu-toolchain/bin/../lib/gcc/arm-none-eabi/6.3.1/../../../../arm-none-eabi/lib/thumb/v7e-m/fpv4-sp/hard\libc.a(lib_a-__atexit.o)
                0x00407880                __register_exitproc
 .text._calloc_r
                0x00407944       0x60 c:/program files (x86)/atmel/studio/7.0/toolchain/arm/arm-gnu-toolchain/bin/../lib/gcc/arm-none-eabi/6.3.1/../../../../arm-none-eabi/lib/thumb/v7e-m/fpv4-sp/hard\libc.a(lib_a-callocr.o)
                0x00407944                _calloc_r
 .text._close_r
                0x004079a4       0x24 c:/program files (x86)/atmel/studio/7.0/toolchain/arm/arm-gnu-toolchain/bin/../lib/gcc/arm-none-eabi/6.3.1/../../../../arm-none-eabi/lib/thumb/v7e-m/fpv4-sp/hard\libc.a(lib_a-closer.o)
                0x004079a4                _close_r
 .text._fclose_r
                0x004079c8       0xc4 c:/program files (x86)/atmel/studio/7.0/toolchain/arm/arm-gnu-toolchain/bin/../lib/gcc/arm-none-eabi/6.3.1/../../../../arm-none-eabi/lib/thumb/v7e-m/fpv4-sp/hard\libc.a(lib_a-fclose.o)
                0x004079c8                _fclose_r
 .text.__fputwc
                0x00407a8c       0xa0 c:/program files (x86)/atmel/studio/7.0/toolchain/arm/arm-gnu-toolchain/bin/../lib/gcc/arm-none-eabi/6.3.1/../../../../arm-none-eabi/lib/thumb/v7e-m/fpv4-sp/hard\libc.a(lib_a-fputwc.o)
                0x00407a8c                __fputwc
 .text._fputwc_r
                0x00407b2c       0x68 c:/program files (x86)/atmel/studio/7.0/toolchain/arm/arm-gnu-toolchain/bin/../lib/gcc/arm-none-eabi/6.3.1/../../../../arm-none-eabi/lib/thumb/v7e-m/fpv4-sp/hard\libc.a(lib_a-fputwc.o)
                0x00407b2c                _fputwc_r
 .text._fstat_r
                0x00407b94       0x28 c:/program files (x86)/atmel/studio/7.0/toolchain/arm/arm-gnu-toolchain/bin/../lib/gcc/arm-none-eabi/6.3.1/../../../../arm-none-eabi/lib/thumb/v7e-m/fpv4-sp/hard\libc.a(lib_a-fstatr.o)
                0x00407b94                _fstat_r
 .text._isatty_r
                0x00407bbc       0x24 c:/program files (x86)/atmel/studio/7.0/toolchain/arm/arm-gnu-toolchain/bin/../lib/gcc/arm-none-eabi/6.3.1/../../../../arm-none-eabi/lib/thumb/v7e-m/fpv4-sp/hard\libc.a(lib_a-isattyr.o)
                0x00407bbc                _isatty_r
 .text._lseek_r
                0x00407be0       0x2c c:/program files (x86)/atmel/studio/7.0/toolchain/arm/arm-gnu-toolchain/bin/../lib/gcc/arm-none-eabi/6.3.1/../../../../arm-none-eabi/lib/thumb/v7e-m/fpv4-sp/hard\libc.a(lib_a-lseekr.o)
                0x00407be0                _lseek_r
 .text._read_r  0x00407c0c       0x2c c:/program files (x86)/atmel/studio/7.0/toolchain/arm/arm-gnu-toolchain/bin/../lib/gcc/arm-none-eabi/6.3.1/../../../../arm-none-eabi/lib/thumb/v7e-m/fpv4-sp/hard\libc.a(lib_a-readr.o)
                0x00407c0c                _read_r
 .text.__swbuf_r
                0x00407c38       0xb0 c:/program files (x86)/atmel/studio/7.0/toolchain/arm/arm-gnu-toolchain/bin/../lib/gcc/arm-none-eabi/6.3.1/../../../../arm-none-eabi/lib/thumb/v7e-m/fpv4-sp/hard\libc.a(lib_a-wbuf.o)
                0x00407c38                __swbuf_r
 .text._wcrtomb_r
                0x00407ce8       0x54 c:/program files (x86)/atmel/studio/7.0/toolchain/arm/arm-gnu-toolchain/bin/../lib/gcc/arm-none-eabi/6.3.1/../../../../arm-none-eabi/lib/thumb/v7e-m/fpv4-sp/hard\libc.a(lib_a-wcrtomb.o)
                0x00407ce8                _wcrtomb_r
 .text          0x00407d3c       0x50 c:/program files (x86)/atmel/studio/7.0/toolchain/arm/arm-gnu-toolchain/bin/../lib/gcc/arm-none-eabi/6.3.1/thumb/v7e-m/fpv4-sp/hard\libgcc.a(_arm_fixdfsi.o)
                0x00407d3c                __aeabi_d2iz
                0x00407d3c                __fixdfsi
 .text          0x00407d8c       0x30 c:/program files (x86)/atmel/studio/7.0/toolchain/arm/arm-gnu-toolchain/bin/../lib/gcc/arm-none-eabi/6.3.1/thumb/v7e-m/fpv4-sp/hard\libgcc.a(_aeabi_uldivmod.o)
                0x00407d8c                __aeabi_uldivmod
 .text          0x00407dbc      0x2dc c:/program files (x86)/atmel/studio/7.0/toolchain/arm/arm-gnu-toolchain/bin/../lib/gcc/arm-none-eabi/6.3.1/thumb/v7e-m/fpv4-sp/hard\libgcc.a(_udivmoddi4.o)
                0x00407dbc                __udivmoddi4
 .text          0x00408098        0x4 c:/program files (x86)/atmel/studio/7.0/toolchain/arm/arm-gnu-toolchain/bin/../lib/gcc/arm-none-eabi/6.3.1/thumb/v7e-m/fpv4-sp/hard\libgcc.a(_dvmd_tls.o)
                0x00408098                __aeabi_idiv0
                0x00408098                __aeabi_ldiv0
 *(.glue_7t)
 .glue_7t       0x0040809c        0x0 linker stubs
 *(.glue_7)
 .glue_7        0x0040809c        0x0 linker stubs
 *(.rodata .rodata* .gnu.linkonce.r.*)
 .rodata.str1.4
                0x0040809c       0x1a AK4588EN.o
 *fill*         0x004080b6        0x2 
 .rodata.str1.4
                0x004080b8       0x13 I2SC.o
 *fill*         0x004080cb        0x1 
 .rodata.str1.4
                0x004080cc       0x50 main.o
 .rodata.str1.4
                0x0040811c       0x12 TWI.o
 *fill*         0x0040812e        0x2 
 .rodata        0x00408130       0x11 UART.o
 *fill*         0x00408141        0x3 
 .rodata.str1.4
                0x00408144       0x1e UART.o
 *fill*         0x00408162        0x2 
 .rodata.pow.str1.4
                0x00408164        0x4 c:/program files (x86)/atmel/studio/7.0/toolchain/arm/arm-gnu-toolchain/bin/../lib/gcc/arm-none-eabi/6.3.1/../../../../arm-none-eabi/lib/thumb/v7e-m/fpv4-sp/hard\libm.a(lib_a-w_pow.o)
 .rodata.__ieee754_pow.str1.4
                0x00408168        0x4 c:/program files (x86)/atmel/studio/7.0/toolchain/arm/arm-gnu-toolchain/bin/../lib/gcc/arm-none-eabi/6.3.1/../../../../arm-none-eabi/lib/thumb/v7e-m/fpv4-sp/hard\libm.a(lib_a-e_pow.o)
                                  0x1 (size before relaxing)
 .rodata.TWO52  0x00408168       0x10 c:/program files (x86)/atmel/studio/7.0/toolchain/arm/arm-gnu-toolchain/bin/../lib/gcc/arm-none-eabi/6.3.1/../../../../arm-none-eabi/lib/thumb/v7e-m/fpv4-sp/hard\libm.a(lib_a-s_rint.o)
 .rodata._global_impure_ptr
                0x00408178        0x4 c:/program files (x86)/atmel/studio/7.0/toolchain/arm/arm-gnu-toolchain/bin/../lib/gcc/arm-none-eabi/6.3.1/../../../../arm-none-eabi/lib/thumb/v7e-m/fpv4-sp/hard\libc.a(lib_a-impure.o)
                0x00408178                _global_impure_ptr
 .rodata._puts_r.str1.4
                0x0040817c        0x4 c:/program files (x86)/atmel/studio/7.0/toolchain/arm/arm-gnu-toolchain/bin/../lib/gcc/arm-none-eabi/6.3.1/../../../../arm-none-eabi/lib/thumb/v7e-m/fpv4-sp/hard\libc.a(lib_a-puts.o)
                                  0x2 (size before relaxing)
 .rodata._vfprintf_r.str1.4
                0x0040817c       0x42 c:/program files (x86)/atmel/studio/7.0/toolchain/arm/arm-gnu-toolchain/bin/../lib/gcc/arm-none-eabi/6.3.1/../../../../arm-none-eabi/lib/thumb/v7e-m/fpv4-sp/hard\libc.a(lib_a-vfprintf.o)
 *fill*         0x004081be        0x2 
 .rodata.blanks.8361
                0x004081c0       0x10 c:/program files (x86)/atmel/studio/7.0/toolchain/arm/arm-gnu-toolchain/bin/../lib/gcc/arm-none-eabi/6.3.1/../../../../arm-none-eabi/lib/thumb/v7e-m/fpv4-sp/hard\libc.a(lib_a-vfprintf.o)
 .rodata.zeroes.8362
                0x004081d0       0x10 c:/program files (x86)/atmel/studio/7.0/toolchain/arm/arm-gnu-toolchain/bin/../lib/gcc/arm-none-eabi/6.3.1/../../../../arm-none-eabi/lib/thumb/v7e-m/fpv4-sp/hard\libc.a(lib_a-vfprintf.o)
 .rodata._dtoa_r.str1.4
                0x004081e0       0x10 c:/program files (x86)/atmel/studio/7.0/toolchain/arm/arm-gnu-toolchain/bin/../lib/gcc/arm-none-eabi/6.3.1/../../../../arm-none-eabi/lib/thumb/v7e-m/fpv4-sp/hard\libc.a(lib_a-dtoa.o)
                                 0x12 (size before relaxing)
 .rodata._setlocale_r.str1.4
                0x004081f0        0xa c:/program files (x86)/atmel/studio/7.0/toolchain/arm/arm-gnu-toolchain/bin/../lib/gcc/arm-none-eabi/6.3.1/../../../../arm-none-eabi/lib/thumb/v7e-m/fpv4-sp/hard\libc.a(lib_a-locale.o)
                                  0xd (size before relaxing)
 *fill*         0x004081fa        0x2 
 .rodata.str1.4
                0x004081fc        0x4 c:/program files (x86)/atmel/studio/7.0/toolchain/arm/arm-gnu-toolchain/bin/../lib/gcc/arm-none-eabi/6.3.1/../../../../arm-none-eabi/lib/thumb/v7e-m/fpv4-sp/hard\libc.a(lib_a-locale.o)
                                  0x2 (size before relaxing)
 .rodata.__mprec_bigtens
                0x00408200       0x28 c:/program files (x86)/atmel/studio/7.0/toolchain/arm/arm-gnu-toolchain/bin/../lib/gcc/arm-none-eabi/6.3.1/../../../../arm-none-eabi/lib/thumb/v7e-m/fpv4-sp/hard\libc.a(lib_a-mprec.o)
                0x00408200                __mprec_bigtens
 .rodata.__mprec_tens
                0x00408228       0xc8 c:/program files (x86)/atmel/studio/7.0/toolchain/arm/arm-gnu-toolchain/bin/../lib/gcc/arm-none-eabi/6.3.1/../../../../arm-none-eabi/lib/thumb/v7e-m/fpv4-sp/hard\libc.a(lib_a-mprec.o)
                0x00408228                __mprec_tens
 .rodata.p05.7178
                0x004082f0        0xc c:/program files (x86)/atmel/studio/7.0/toolchain/arm/arm-gnu-toolchain/bin/../lib/gcc/arm-none-eabi/6.3.1/../../../../arm-none-eabi/lib/thumb/v7e-m/fpv4-sp/hard\libc.a(lib_a-mprec.o)
 .rodata._ctype_
                0x004082fc      0x101 c:/program files (x86)/atmel/studio/7.0/toolchain/arm/arm-gnu-toolchain/bin/../lib/gcc/arm-none-eabi/6.3.1/../../../../arm-none-eabi/lib/thumb/v7e-m/fpv4-sp/hard\libc.a(lib_a-ctype_.o)
                0x004082fc                _ctype_
 *(.ARM.extab* .gnu.linkonce.armextab.*)
                0x00408400                . = ALIGN (0x4)
 *fill*         0x004083fd        0x3 
 *(.init)
 .init          0x00408400        0x4 c:/program files (x86)/atmel/studio/7.0/toolchain/arm/arm-gnu-toolchain/bin/../lib/gcc/arm-none-eabi/6.3.1/thumb/v7e-m/fpv4-sp/hard/crti.o
                0x00408400                _init
 .init          0x00408404        0x8 c:/program files (x86)/atmel/studio/7.0/toolchain/arm/arm-gnu-toolchain/bin/../lib/gcc/arm-none-eabi/6.3.1/thumb/v7e-m/fpv4-sp/hard/crtn.o
                0x0040840c                . = ALIGN (0x4)
                0x0040840c                __preinit_array_start = .
 *(.preinit_array)
                0x0040840c                __preinit_array_end = .
                0x0040840c                . = ALIGN (0x4)
                0x0040840c                __init_array_start = .
 *(SORT(.init_array.*))
 .init_array.00000
                0x0040840c        0x4 c:/program files (x86)/atmel/studio/7.0/toolchain/arm/arm-gnu-toolchain/bin/../lib/gcc/arm-none-eabi/6.3.1/../../../../arm-none-eabi/lib/thumb/v7e-m/fpv4-sp/hard\libc.a(lib_a-__call_atexit.o)
 *(.init_array)
 .init_array    0x00408410        0x4 c:/program files (x86)/atmel/studio/7.0/toolchain/arm/arm-gnu-toolchain/bin/../lib/gcc/arm-none-eabi/6.3.1/thumb/v7e-m/fpv4-sp/hard/crtbegin.o
                0x00408414                __init_array_end = .
                0x00408414                . = ALIGN (0x4)
 *crtbegin.o(.ctors)
 *(EXCLUDE_FILE(*crtend.o) .ctors)
 *(SORT(.ctors.*))
 *crtend.o(.ctors)
                0x00408414                . = ALIGN (0x4)
 *(.fini)
 .fini          0x00408414        0x4 c:/program files (x86)/atmel/studio/7.0/toolchain/arm/arm-gnu-toolchain/bin/../lib/gcc/arm-none-eabi/6.3.1/thumb/v7e-m/fpv4-sp/hard/crti.o
                0x00408414                _fini
 .fini          0x00408418        0x8 c:/program files (x86)/atmel/studio/7.0/toolchain/arm/arm-gnu-toolchain/bin/../lib/gcc/arm-none-eabi/6.3.1/thumb/v7e-m/fpv4-sp/hard/crtn.o
                0x00408420                . = ALIGN (0x4)
                0x00408420                __fini_array_start = .
 *(.fini_array)
 .fini_array    0x00408420        0x4 c:/program files (x86)/atmel/studio/7.0/toolchain/arm/arm-gnu-toolchain/bin/../lib/gcc/arm-none-eabi/6.3.1/thumb/v7e-m/fpv4-sp/hard/crtbegin.o
 *(SORT(.fini_array.*))
                0x00408424                __fini_array_end = .
 *crtbegin.o(.dtors)
 *(EXCLUDE_FILE(*crtend.o) .dtors)
 *(SORT(.dtors.*))
 *crtend.o(.dtors)
                0x00408424                . = ALIGN (0x4)
                0x00408424                _efixed = .
                [!provide]                PROVIDE (__exidx_start, .)

.vfp11_veneer   0x00408424        0x0
 .vfp11_veneer  0x00408424        0x0 linker stubs

.v4_bx          0x00408424        0x0
 .v4_bx         0x00408424        0x0 linker stubs

.iplt           0x00408424        0x0
 .iplt          0x00408424        0x0 c:/program files (x86)/atmel/studio/7.0/toolchain/arm/arm-gnu-toolchain/bin/../lib/gcc/arm-none-eabi/6.3.1/thumb/v7e-m/fpv4-sp/hard/crtbegin.o

.ARM.exidx      0x00408424        0x8
 *(.ARM.exidx* .gnu.linkonce.armexidx.*)
 .ARM.exidx     0x00408424        0x8 c:/program files (x86)/atmel/studio/7.0/toolchain/arm/arm-gnu-toolchain/bin/../lib/gcc/arm-none-eabi/6.3.1/thumb/v7e-m/fpv4-sp/hard\libgcc.a(_udivmoddi4.o)
                [!provide]                PROVIDE (__exidx_end, .)

.eh_frame       0x0040842c        0x0
 .eh_frame      0x0040842c        0x0 c:/program files (x86)/atmel/studio/7.0/toolchain/arm/arm-gnu-toolchain/bin/../lib/gcc/arm-none-eabi/6.3.1/thumb/v7e-m/fpv4-sp/hard/crtbegin.o

.rel.dyn        0x0040842c        0x0
 .rel.iplt      0x0040842c        0x0 c:/program files (x86)/atmel/studio/7.0/toolchain/arm/arm-gnu-toolchain/bin/../lib/gcc/arm-none-eabi/6.3.1/thumb/v7e-m/fpv4-sp/hard/crtbegin.o

.jcr            0x0040842c        0x0
 .jcr           0x0040842c        0x0 c:/program files (x86)/atmel/studio/7.0/toolchain/arm/arm-gnu-toolchain/bin/../lib/gcc/arm-none-eabi/6.3.1/thumb/v7e-m/fpv4-sp/hard/crtbegin.o

.igot.plt       0x0040842c        0x0
 .igot.plt      0x0040842c        0x0 c:/program files (x86)/atmel/studio/7.0/toolchain/arm/arm-gnu-toolchain/bin/../lib/gcc/arm-none-eabi/6.3.1/thumb/v7e-m/fpv4-sp/hard/crtbegin.o
                0x0040842c                . = ALIGN (0x4)
                0x0040842c                _etext = .

.relocate       0x20000000      0x9e8 load address 0x0040842c
                0x20000000                . = ALIGN (0x4)
                0x20000000                _srelocate = .
 *(.ramfunc .ramfunc.*)
 *(.data .data.*)
 .data          0x20000000        0x4 Device_Startup/system_samg55j19.o
                0x20000000                SystemCoreClock
 .data          0x20000004       0x34 main.o
                0x20000004                I2SC0_2
                0x2000000c                floatPrintStr
 .data.__fdlib_version
                0x20000038        0x1 c:/program files (x86)/atmel/studio/7.0/toolchain/arm/arm-gnu-toolchain/bin/../lib/gcc/arm-none-eabi/6.3.1/../../../../arm-none-eabi/lib/thumb/v7e-m/fpv4-sp/hard\libm.a(lib_a-s_lib_ver.o)
                0x20000038                __fdlib_version
 *fill*         0x20000039        0x3 
 .data._impure_ptr
                0x2000003c        0x4 c:/program files (x86)/atmel/studio/7.0/toolchain/arm/arm-gnu-toolchain/bin/../lib/gcc/arm-none-eabi/6.3.1/../../../../arm-none-eabi/lib/thumb/v7e-m/fpv4-sp/hard\libc.a(lib_a-impure.o)
                0x2000003c                _impure_ptr
 .data.impure_data
                0x20000040      0x428 c:/program files (x86)/atmel/studio/7.0/toolchain/arm/arm-gnu-toolchain/bin/../lib/gcc/arm-none-eabi/6.3.1/../../../../arm-none-eabi/lib/thumb/v7e-m/fpv4-sp/hard\libc.a(lib_a-impure.o)
 .data.__atexit_recursive_mutex
                0x20000468        0x4 c:/program files (x86)/atmel/studio/7.0/toolchain/arm/arm-gnu-toolchain/bin/../lib/gcc/arm-none-eabi/6.3.1/../../../../arm-none-eabi/lib/thumb/v7e-m/fpv4-sp/hard\libc.a(lib_a-__call_atexit.o)
                0x20000468                __atexit_recursive_mutex
 .data.__global_locale
                0x2000046c      0x16c c:/program files (x86)/atmel/studio/7.0/toolchain/arm/arm-gnu-toolchain/bin/../lib/gcc/arm-none-eabi/6.3.1/../../../../arm-none-eabi/lib/thumb/v7e-m/fpv4-sp/hard\libc.a(lib_a-locale.o)
                0x2000046c                __global_locale
 .data.__malloc_av_
                0x200005d8      0x408 c:/program files (x86)/atmel/studio/7.0/toolchain/arm/arm-gnu-toolchain/bin/../lib/gcc/arm-none-eabi/6.3.1/../../../../arm-none-eabi/lib/thumb/v7e-m/fpv4-sp/hard\libc.a(lib_a-mallocr.o)
                0x200005d8                __malloc_av_
 .data.__malloc_sbrk_base
                0x200009e0        0x4 c:/program files (x86)/atmel/studio/7.0/toolchain/arm/arm-gnu-toolchain/bin/../lib/gcc/arm-none-eabi/6.3.1/../../../../arm-none-eabi/lib/thumb/v7e-m/fpv4-sp/hard\libc.a(lib_a-mallocr.o)
                0x200009e0                __malloc_sbrk_base
 .data.__malloc_trim_threshold
                0x200009e4        0x4 c:/program files (x86)/atmel/studio/7.0/toolchain/arm/arm-gnu-toolchain/bin/../lib/gcc/arm-none-eabi/6.3.1/../../../../arm-none-eabi/lib/thumb/v7e-m/fpv4-sp/hard\libc.a(lib_a-mallocr.o)
                0x200009e4                __malloc_trim_threshold
                0x200009e8                . = ALIGN (0x4)
                0x200009e8                _erelocate = .

.bss            0x200009e8     0x20fc load address 0x00408e14
                0x200009e8                . = ALIGN (0x4)
                0x200009e8                _sbss = .
                0x200009e8                _szero = .
 *(.bss .bss.*)
 .bss           0x200009e8       0x1c c:/program files (x86)/atmel/studio/7.0/toolchain/arm/arm-gnu-toolchain/bin/../lib/gcc/arm-none-eabi/6.3.1/thumb/v7e-m/fpv4-sp/hard/crtbegin.o
 .bss           0x20000a04       0x34 main.o
                0x20000a2a                channelCount
 .bss           0x20000a38        0x4 syscalls.o
 .bss           0x20000a3c       0x32 UART.o
 *fill*         0x20000a6e        0x2 
 .bss.__malloc_current_mallinfo
                0x20000a70       0x28 c:/program files (x86)/atmel/studio/7.0/toolchain/arm/arm-gnu-toolchain/bin/../lib/gcc/arm-none-eabi/6.3.1/../../../../arm-none-eabi/lib/thumb/v7e-m/fpv4-sp/hard\libc.a(lib_a-mallocr.o)
                0x20000a70                __malloc_current_mallinfo
 .bss.__malloc_max_sbrked_mem
                0x20000a98        0x4 c:/program files (x86)/atmel/studio/7.0/toolchain/arm/arm-gnu-toolchain/bin/../lib/gcc/arm-none-eabi/6.3.1/../../../../arm-none-eabi/lib/thumb/v7e-m/fpv4-sp/hard\libc.a(lib_a-mallocr.o)
                0x20000a98                __malloc_max_sbrked_mem
 .bss.__malloc_max_total_mem
                0x20000a9c        0x4 c:/program files (x86)/atmel/studio/7.0/toolchain/arm/arm-gnu-toolchain/bin/../lib/gcc/arm-none-eabi/6.3.1/../../../../arm-none-eabi/lib/thumb/v7e-m/fpv4-sp/hard\libc.a(lib_a-mallocr.o)
                0x20000a9c                __malloc_max_total_mem
 .bss.__malloc_top_pad
                0x20000aa0        0x4 c:/program files (x86)/atmel/studio/7.0/toolchain/arm/arm-gnu-toolchain/bin/../lib/gcc/arm-none-eabi/6.3.1/../../../../arm-none-eabi/lib/thumb/v7e-m/fpv4-sp/hard\libc.a(lib_a-mallocr.o)
                0x20000aa0                __malloc_top_pad
 *(COMMON)
 COMMON         0x20000aa4     0x200c main.o
                0x20000aa4                TransmitBufR1
                0x20000ea4                ReceiveBufR1
                0x200012a4                TransmitBufR2
                0x200016a4                TransmitBufL1
                0x20001aa4                ReceiveBufL1
                0x20001ea4                i
                0x20001ea8                ubuf
                0x20001eb0                ReceiveBufL2
                0x200022b0                TransmitBufL2
                0x200026b0                ReceiveBufR2
 COMMON         0x20002ab0        0xc syscalls.o
                0x20002ab0                ptr_get
                0x20002ab4                ptr_put
                0x20002ab8                stdio_base
 COMMON         0x20002abc       0x21 c:/program files (x86)/atmel/studio/7.0/toolchain/arm/arm-gnu-toolchain/bin/../lib/gcc/arm-none-eabi/6.3.1/../../../../arm-none-eabi/lib/thumb/v7e-m/fpv4-sp/hard\libc.a(lib_a-lock.o)
                0x20002abc                __lock___atexit_recursive_mutex
                0x20002ac0                __lock___arc4random_mutex
                0x20002ac4                __lock___env_recursive_mutex
                0x20002ac8                __lock___sinit_recursive_mutex
                0x20002acc                __lock___malloc_recursive_mutex
                0x20002ad0                __lock___at_quick_exit_mutex
                0x20002ad4                __lock___dd_hash_mutex
                0x20002ad8                __lock___tz_mutex
                0x20002adc                __lock___sfp_recursive_mutex
 *fill*         0x20002add        0x3 
 COMMON         0x20002ae0        0x4 c:/program files (x86)/atmel/studio/7.0/toolchain/arm/arm-gnu-toolchain/bin/../lib/gcc/arm-none-eabi/6.3.1/../../../../arm-none-eabi/lib/thumb/v7e-m/fpv4-sp/hard\libc.a(lib_a-reent.o)
                0x20002ae0                errno
                0x20002ae4                . = ALIGN (0x4)
                0x20002ae4                _ebss = .
                0x20002ae4                _ezero = .

.heap           0x20002ae4      0x204 load address 0x0040af10
                0x20002ae8                . = ALIGN (0x8)
 *fill*         0x20002ae4        0x4 
                0x20002ae8                _sheap = .
                0x20002ce8                . = (. + HEAP_SIZE)
 *fill*         0x20002ae8      0x200 
                0x20002ce8                . = ALIGN (0x8)
                0x20002ce8                _eheap = .

.stack          0x20002ce8     0x3000 load address 0x0040b114
                0x20002ce8                . = ALIGN (0x8)
                0x20002ce8                _sstack = .
                0x20005ce8                . = (. + STACK_SIZE)
 *fill*         0x20002ce8     0x3000 
                0x20005ce8                . = ALIGN (0x8)
                0x20005ce8                _estack = .
                0x20005ce8                . = ALIGN (0x4)
                0x20005ce8                _end = .
                0x20027fff                _ram_end_ = ((ORIGIN (ram) + LENGTH (ram)) - 0x1)
OUTPUT(CodesignSemiparamEQ.elf elf32-littlearm)

.ARM.attributes
                0x00000000       0x30
 .ARM.attributes
                0x00000000       0x22 c:/program files (x86)/atmel/studio/7.0/toolchain/arm/arm-gnu-toolchain/bin/../lib/gcc/arm-none-eabi/6.3.1/thumb/v7e-m/fpv4-sp/hard/crti.o
 .ARM.attributes
                0x00000022       0x34 c:/program files (x86)/atmel/studio/7.0/toolchain/arm/arm-gnu-toolchain/bin/../lib/gcc/arm-none-eabi/6.3.1/thumb/v7e-m/fpv4-sp/hard/crtbegin.o
 .ARM.attributes
                0x00000056       0x39 AK4588EN.o
 .ARM.attributes
                0x0000008f       0x39 Device_Startup/startup_samg55j19.o
 .ARM.attributes
                0x000000c8       0x39 Device_Startup/system_samg55j19.o
 .ARM.attributes
                0x00000101       0x39 I2SC.o
 .ARM.attributes
                0x0000013a       0x39 main.o
 .ARM.attributes
                0x00000173       0x39 Matrix.o
 .ARM.attributes
                0x000001ac       0x39 PIO.o
 .ARM.attributes
                0x000001e5       0x39 PMC.o
 .ARM.attributes
                0x0000021e       0x39 syscalls.o
 .ARM.attributes
                0x00000257       0x39 TWI.o
 .ARM.attributes
                0x00000290       0x39 UART.o
 .ARM.attributes
                0x000002c9       0x34 c:/program files (x86)/atmel/studio/7.0/toolchain/arm/arm-gnu-toolchain/bin/../lib/gcc/arm-none-eabi/6.3.1/../../../../arm-none-eabi/lib/thumb/v7e-m/fpv4-sp/hard\libm.a(lib_a-w_pow.o)
 .ARM.attributes
                0x000002fd       0x34 c:/program files (x86)/atmel/studio/7.0/toolchain/arm/arm-gnu-toolchain/bin/../lib/gcc/arm-none-eabi/6.3.1/../../../../arm-none-eabi/lib/thumb/v7e-m/fpv4-sp/hard\libm.a(lib_a-e_pow.o)
 .ARM.attributes
                0x00000331       0x34 c:/program files (x86)/atmel/studio/7.0/toolchain/arm/arm-gnu-toolchain/bin/../lib/gcc/arm-none-eabi/6.3.1/../../../../arm-none-eabi/lib/thumb/v7e-m/fpv4-sp/hard\libm.a(lib_a-e_sqrt.o)
 .ARM.attributes
                0x00000365       0x34 c:/program files (x86)/atmel/studio/7.0/toolchain/arm/arm-gnu-toolchain/bin/../lib/gcc/arm-none-eabi/6.3.1/../../../../arm-none-eabi/lib/thumb/v7e-m/fpv4-sp/hard\libm.a(lib_a-s_fabs.o)
 .ARM.attributes
                0x00000399       0x34 c:/program files (x86)/atmel/studio/7.0/toolchain/arm/arm-gnu-toolchain/bin/../lib/gcc/arm-none-eabi/6.3.1/../../../../arm-none-eabi/lib/thumb/v7e-m/fpv4-sp/hard\libm.a(lib_a-s_finite.o)
 .ARM.attributes
                0x000003cd       0x34 c:/program files (x86)/atmel/studio/7.0/toolchain/arm/arm-gnu-toolchain/bin/../lib/gcc/arm-none-eabi/6.3.1/../../../../arm-none-eabi/lib/thumb/v7e-m/fpv4-sp/hard\libm.a(lib_a-s_lib_ver.o)
 .ARM.attributes
                0x00000401       0x34 c:/program files (x86)/atmel/studio/7.0/toolchain/arm/arm-gnu-toolchain/bin/../lib/gcc/arm-none-eabi/6.3.1/../../../../arm-none-eabi/lib/thumb/v7e-m/fpv4-sp/hard\libm.a(lib_a-s_matherr.o)
 .ARM.attributes
                0x00000435       0x34 c:/program files (x86)/atmel/studio/7.0/toolchain/arm/arm-gnu-toolchain/bin/../lib/gcc/arm-none-eabi/6.3.1/../../../../arm-none-eabi/lib/thumb/v7e-m/fpv4-sp/hard\libm.a(lib_a-s_nan.o)
 .ARM.attributes
                0x00000469       0x34 c:/program files (x86)/atmel/studio/7.0/toolchain/arm/arm-gnu-toolchain/bin/../lib/gcc/arm-none-eabi/6.3.1/../../../../arm-none-eabi/lib/thumb/v7e-m/fpv4-sp/hard\libm.a(lib_a-s_rint.o)
 .ARM.attributes
                0x0000049d       0x34 c:/program files (x86)/atmel/studio/7.0/toolchain/arm/arm-gnu-toolchain/bin/../lib/gcc/arm-none-eabi/6.3.1/../../../../arm-none-eabi/lib/thumb/v7e-m/fpv4-sp/hard\libm.a(lib_a-s_scalbn.o)
 .ARM.attributes
                0x000004d1       0x34 c:/program files (x86)/atmel/studio/7.0/toolchain/arm/arm-gnu-toolchain/bin/../lib/gcc/arm-none-eabi/6.3.1/../../../../arm-none-eabi/lib/thumb/v7e-m/fpv4-sp/hard\libm.a(lib_a-s_copysign.o)
 .ARM.attributes
                0x00000505       0x34 C:\Program Files (x86)\Atmel\Studio\7.0\packs\arm\CMSIS\5.0.1\CMSIS\Lib\libarm_cortexM4lf_math.a(arm_q31_to_float.o)
 .ARM.attributes
                0x00000539       0x34 C:\Program Files (x86)\Atmel\Studio\7.0\packs\arm\CMSIS\5.0.1\CMSIS\Lib\libarm_cortexM4lf_math.a(arm_float_to_q31.o)
 .ARM.attributes
                0x0000056d       0x34 C:\Program Files (x86)\Atmel\Studio\7.0\packs\arm\CMSIS\5.0.1\CMSIS\Lib\libarm_cortexM4lf_math.a(arm_biquad_cascade_df1_init_f32.o)
 .ARM.attributes
                0x000005a1       0x34 C:\Program Files (x86)\Atmel\Studio\7.0\packs\arm\CMSIS\5.0.1\CMSIS\Lib\libarm_cortexM4lf_math.a(arm_biquad_cascade_df1_f32.o)
 .ARM.attributes
                0x000005d5       0x22 c:/program files (x86)/atmel/studio/7.0/toolchain/arm/arm-gnu-toolchain/bin/../lib/gcc/arm-none-eabi/6.3.1/thumb/v7e-m/fpv4-sp/hard\libgcc.a(_arm_addsubdf3.o)
 .ARM.attributes
                0x000005f7       0x22 c:/program files (x86)/atmel/studio/7.0/toolchain/arm/arm-gnu-toolchain/bin/../lib/gcc/arm-none-eabi/6.3.1/thumb/v7e-m/fpv4-sp/hard\libgcc.a(_arm_muldivdf3.o)
 .ARM.attributes
                0x00000619       0x22 c:/program files (x86)/atmel/studio/7.0/toolchain/arm/arm-gnu-toolchain/bin/../lib/gcc/arm-none-eabi/6.3.1/thumb/v7e-m/fpv4-sp/hard\libgcc.a(_arm_cmpdf2.o)
 .ARM.attributes
                0x0000063b       0x22 c:/program files (x86)/atmel/studio/7.0/toolchain/arm/arm-gnu-toolchain/bin/../lib/gcc/arm-none-eabi/6.3.1/thumb/v7e-m/fpv4-sp/hard\libgcc.a(_arm_unorddf2.o)
 .ARM.attributes
                0x0000065d       0x22 c:/program files (x86)/atmel/studio/7.0/toolchain/arm/arm-gnu-toolchain/bin/../lib/gcc/arm-none-eabi/6.3.1/thumb/v7e-m/fpv4-sp/hard\libgcc.a(_arm_truncdfsf2.o)
 .ARM.attributes
                0x0000067f       0x34 c:/program files (x86)/atmel/studio/7.0/toolchain/arm/arm-gnu-toolchain/bin/../lib/gcc/arm-none-eabi/6.3.1/thumb/v7e-m/fpv4-sp/hard\libgcc.a(_fixsfdi.o)
 .ARM.attributes
                0x000006b3       0x34 c:/program files (x86)/atmel/studio/7.0/toolchain/arm/arm-gnu-toolchain/bin/../lib/gcc/arm-none-eabi/6.3.1/thumb/v7e-m/fpv4-sp/hard\libgcc.a(_fixunssfdi.o)
 .ARM.attributes
                0x000006e7       0x22 c:/program files (x86)/atmel/studio/7.0/toolchain/arm/arm-gnu-toolchain/bin/../lib/gcc/arm-none-eabi/6.3.1/thumb/v7e-m/fpv4-sp/hard\libgcc.a(_arm_fixunsdfsi.o)
 .ARM.attributes
                0x00000709       0x34 c:/program files (x86)/atmel/studio/7.0/toolchain/arm/arm-gnu-toolchain/bin/../lib/gcc/arm-none-eabi/6.3.1/../../../../arm-none-eabi/lib/thumb/v7e-m/fpv4-sp/hard\libc.a(lib_a-atoi.o)
 .ARM.attributes
                0x0000073d       0x34 c:/program files (x86)/atmel/studio/7.0/toolchain/arm/arm-gnu-toolchain/bin/../lib/gcc/arm-none-eabi/6.3.1/../../../../arm-none-eabi/lib/thumb/v7e-m/fpv4-sp/hard\libc.a(lib_a-errno.o)
 .ARM.attributes
                0x00000771       0x34 c:/program files (x86)/atmel/studio/7.0/toolchain/arm/arm-gnu-toolchain/bin/../lib/gcc/arm-none-eabi/6.3.1/../../../../arm-none-eabi/lib/thumb/v7e-m/fpv4-sp/hard\libc.a(lib_a-impure.o)
 .ARM.attributes
                0x000007a5       0x34 c:/program files (x86)/atmel/studio/7.0/toolchain/arm/arm-gnu-toolchain/bin/../lib/gcc/arm-none-eabi/6.3.1/../../../../arm-none-eabi/lib/thumb/v7e-m/fpv4-sp/hard\libc.a(lib_a-init.o)
 .ARM.attributes
                0x000007d9       0x34 c:/program files (x86)/atmel/studio/7.0/toolchain/arm/arm-gnu-toolchain/bin/../lib/gcc/arm-none-eabi/6.3.1/../../../../arm-none-eabi/lib/thumb/v7e-m/fpv4-sp/hard\libc.a(lib_a-memset.o)
 .ARM.attributes
                0x0000080d       0x34 c:/program files (x86)/atmel/studio/7.0/toolchain/arm/arm-gnu-toolchain/bin/../lib/gcc/arm-none-eabi/6.3.1/../../../../arm-none-eabi/lib/thumb/v7e-m/fpv4-sp/hard\libc.a(lib_a-printf.o)
 .ARM.attributes
                0x00000841       0x34 c:/program files (x86)/atmel/studio/7.0/toolchain/arm/arm-gnu-toolchain/bin/../lib/gcc/arm-none-eabi/6.3.1/../../../../arm-none-eabi/lib/thumb/v7e-m/fpv4-sp/hard\libc.a(lib_a-puts.o)
 .ARM.attributes
                0x00000875       0x34 c:/program files (x86)/atmel/studio/7.0/toolchain/arm/arm-gnu-toolchain/bin/../lib/gcc/arm-none-eabi/6.3.1/../../../../arm-none-eabi/lib/thumb/v7e-m/fpv4-sp/hard\libc.a(lib_a-setbuf.o)
 .ARM.attributes
                0x000008a9       0x34 c:/program files (x86)/atmel/studio/7.0/toolchain/arm/arm-gnu-toolchain/bin/../lib/gcc/arm-none-eabi/6.3.1/../../../../arm-none-eabi/lib/thumb/v7e-m/fpv4-sp/hard\libc.a(lib_a-setvbuf.o)
 .ARM.attributes
                0x000008dd       0x20 c:/program files (x86)/atmel/studio/7.0/toolchain/arm/arm-gnu-toolchain/bin/../lib/gcc/arm-none-eabi/6.3.1/../../../../arm-none-eabi/lib/thumb/v7e-m/fpv4-sp/hard\libc.a(lib_a-strlen.o)
 .ARM.attributes
                0x000008fd       0x34 c:/program files (x86)/atmel/studio/7.0/toolchain/arm/arm-gnu-toolchain/bin/../lib/gcc/arm-none-eabi/6.3.1/../../../../arm-none-eabi/lib/thumb/v7e-m/fpv4-sp/hard\libc.a(lib_a-strtol.o)
 .ARM.attributes
                0x00000931       0x34 c:/program files (x86)/atmel/studio/7.0/toolchain/arm/arm-gnu-toolchain/bin/../lib/gcc/arm-none-eabi/6.3.1/../../../../arm-none-eabi/lib/thumb/v7e-m/fpv4-sp/hard\libc.a(lib_a-vfprintf.o)
 .ARM.attributes
                0x00000965       0x34 c:/program files (x86)/atmel/studio/7.0/toolchain/arm/arm-gnu-toolchain/bin/../lib/gcc/arm-none-eabi/6.3.1/../../../../arm-none-eabi/lib/thumb/v7e-m/fpv4-sp/hard\libc.a(lib_a-wsetup.o)
 .ARM.attributes
                0x00000999       0x34 c:/program files (x86)/atmel/studio/7.0/toolchain/arm/arm-gnu-toolchain/bin/../lib/gcc/arm-none-eabi/6.3.1/../../../../arm-none-eabi/lib/thumb/v7e-m/fpv4-sp/hard\libc.a(lib_a-__call_atexit.o)
 .ARM.attributes
                0x000009cd       0x34 c:/program files (x86)/atmel/studio/7.0/toolchain/arm/arm-gnu-toolchain/bin/../lib/gcc/arm-none-eabi/6.3.1/../../../../arm-none-eabi/lib/thumb/v7e-m/fpv4-sp/hard\libc.a(lib_a-atexit.o)
 .ARM.attributes
                0x00000a01       0x34 c:/program files (x86)/atmel/studio/7.0/toolchain/arm/arm-gnu-toolchain/bin/../lib/gcc/arm-none-eabi/6.3.1/../../../../arm-none-eabi/lib/thumb/v7e-m/fpv4-sp/hard\libc.a(lib_a-dtoa.o)
 .ARM.attributes
                0x00000a35       0x34 c:/program files (x86)/atmel/studio/7.0/toolchain/arm/arm-gnu-toolchain/bin/../lib/gcc/arm-none-eabi/6.3.1/../../../../arm-none-eabi/lib/thumb/v7e-m/fpv4-sp/hard\libc.a(lib_a-fflush.o)
 .ARM.attributes
                0x00000a69       0x34 c:/program files (x86)/atmel/studio/7.0/toolchain/arm/arm-gnu-toolchain/bin/../lib/gcc/arm-none-eabi/6.3.1/../../../../arm-none-eabi/lib/thumb/v7e-m/fpv4-sp/hard\libc.a(lib_a-findfp.o)
 .ARM.attributes
                0x00000a9d       0x34 c:/program files (x86)/atmel/studio/7.0/toolchain/arm/arm-gnu-toolchain/bin/../lib/gcc/arm-none-eabi/6.3.1/../../../../arm-none-eabi/lib/thumb/v7e-m/fpv4-sp/hard\libc.a(lib_a-fini.o)
 .ARM.attributes
                0x00000ad1       0x34 c:/program files (x86)/atmel/studio/7.0/toolchain/arm/arm-gnu-toolchain/bin/../lib/gcc/arm-none-eabi/6.3.1/../../../../arm-none-eabi/lib/thumb/v7e-m/fpv4-sp/hard\libc.a(lib_a-freer.o)
 .ARM.attributes
                0x00000b05       0x34 c:/program files (x86)/atmel/studio/7.0/toolchain/arm/arm-gnu-toolchain/bin/../lib/gcc/arm-none-eabi/6.3.1/../../../../arm-none-eabi/lib/thumb/v7e-m/fpv4-sp/hard\libc.a(lib_a-fvwrite.o)
 .ARM.attributes
                0x00000b39       0x34 c:/program files (x86)/atmel/studio/7.0/toolchain/arm/arm-gnu-toolchain/bin/../lib/gcc/arm-none-eabi/6.3.1/../../../../arm-none-eabi/lib/thumb/v7e-m/fpv4-sp/hard\libc.a(lib_a-fwalk.o)
 .ARM.attributes
                0x00000b6d       0x34 c:/program files (x86)/atmel/studio/7.0/toolchain/arm/arm-gnu-toolchain/bin/../lib/gcc/arm-none-eabi/6.3.1/../../../../arm-none-eabi/lib/thumb/v7e-m/fpv4-sp/hard\libc.a(lib_a-locale.o)
 .ARM.attributes
                0x00000ba1       0x34 c:/program files (x86)/atmel/studio/7.0/toolchain/arm/arm-gnu-toolchain/bin/../lib/gcc/arm-none-eabi/6.3.1/../../../../arm-none-eabi/lib/thumb/v7e-m/fpv4-sp/hard\libc.a(lib_a-localeconv.o)
 .ARM.attributes
                0x00000bd5       0x34 c:/program files (x86)/atmel/studio/7.0/toolchain/arm/arm-gnu-toolchain/bin/../lib/gcc/arm-none-eabi/6.3.1/../../../../arm-none-eabi/lib/thumb/v7e-m/fpv4-sp/hard\libc.a(lib_a-lock.o)
 .ARM.attributes
                0x00000c09       0x34 c:/program files (x86)/atmel/studio/7.0/toolchain/arm/arm-gnu-toolchain/bin/../lib/gcc/arm-none-eabi/6.3.1/../../../../arm-none-eabi/lib/thumb/v7e-m/fpv4-sp/hard\libc.a(lib_a-makebuf.o)
 .ARM.attributes
                0x00000c3d       0x34 c:/program files (x86)/atmel/studio/7.0/toolchain/arm/arm-gnu-toolchain/bin/../lib/gcc/arm-none-eabi/6.3.1/../../../../arm-none-eabi/lib/thumb/v7e-m/fpv4-sp/hard\libc.a(lib_a-malloc.o)
 .ARM.attributes
                0x00000c71       0x34 c:/program files (x86)/atmel/studio/7.0/toolchain/arm/arm-gnu-toolchain/bin/../lib/gcc/arm-none-eabi/6.3.1/../../../../arm-none-eabi/lib/thumb/v7e-m/fpv4-sp/hard\libc.a(lib_a-mallocr.o)
 .ARM.attributes
                0x00000ca5       0x34 c:/program files (x86)/atmel/studio/7.0/toolchain/arm/arm-gnu-toolchain/bin/../lib/gcc/arm-none-eabi/6.3.1/../../../../arm-none-eabi/lib/thumb/v7e-m/fpv4-sp/hard\libc.a(lib_a-mbtowc_r.o)
 .ARM.attributes
                0x00000cd9       0x20 c:/program files (x86)/atmel/studio/7.0/toolchain/arm/arm-gnu-toolchain/bin/../lib/gcc/arm-none-eabi/6.3.1/../../../../arm-none-eabi/lib/thumb/v7e-m/fpv4-sp/hard\libc.a(lib_a-memchr.o)
 .ARM.attributes
                0x00000cf9       0x20 c:/program files (x86)/atmel/studio/7.0/toolchain/arm/arm-gnu-toolchain/bin/../lib/gcc/arm-none-eabi/6.3.1/../../../../arm-none-eabi/lib/thumb/v7e-m/fpv4-sp/hard\libc.a(lib_a-memcpy.o)
 .ARM.attributes
                0x00000d19       0x34 c:/program files (x86)/atmel/studio/7.0/toolchain/arm/arm-gnu-toolchain/bin/../lib/gcc/arm-none-eabi/6.3.1/../../../../arm-none-eabi/lib/thumb/v7e-m/fpv4-sp/hard\libc.a(lib_a-memmove.o)
 .ARM.attributes
                0x00000d4d       0x34 c:/program files (x86)/atmel/studio/7.0/toolchain/arm/arm-gnu-toolchain/bin/../lib/gcc/arm-none-eabi/6.3.1/../../../../arm-none-eabi/lib/thumb/v7e-m/fpv4-sp/hard\libc.a(lib_a-mlock.o)
 .ARM.attributes
                0x00000d81       0x34 c:/program files (x86)/atmel/studio/7.0/toolchain/arm/arm-gnu-toolchain/bin/../lib/gcc/arm-none-eabi/6.3.1/../../../../arm-none-eabi/lib/thumb/v7e-m/fpv4-sp/hard\libc.a(lib_a-mprec.o)
 .ARM.attributes
                0x00000db5       0x34 c:/program files (x86)/atmel/studio/7.0/toolchain/arm/arm-gnu-toolchain/bin/../lib/gcc/arm-none-eabi/6.3.1/../../../../arm-none-eabi/lib/thumb/v7e-m/fpv4-sp/hard\libc.a(lib_a-reallocr.o)
 .ARM.attributes
                0x00000de9       0x34 c:/program files (x86)/atmel/studio/7.0/toolchain/arm/arm-gnu-toolchain/bin/../lib/gcc/arm-none-eabi/6.3.1/../../../../arm-none-eabi/lib/thumb/v7e-m/fpv4-sp/hard\libc.a(lib_a-sbrkr.o)
 .ARM.attributes
                0x00000e1d       0x34 c:/program files (x86)/atmel/studio/7.0/toolchain/arm/arm-gnu-toolchain/bin/../lib/gcc/arm-none-eabi/6.3.1/../../../../arm-none-eabi/lib/thumb/v7e-m/fpv4-sp/hard\libc.a(lib_a-stdio.o)
 .ARM.attributes
                0x00000e51       0x34 c:/program files (x86)/atmel/studio/7.0/toolchain/arm/arm-gnu-toolchain/bin/../lib/gcc/arm-none-eabi/6.3.1/../../../../arm-none-eabi/lib/thumb/v7e-m/fpv4-sp/hard\libc.a(lib_a-vfiprintf.o)
 .ARM.attributes
                0x00000e85       0x34 c:/program files (x86)/atmel/studio/7.0/toolchain/arm/arm-gnu-toolchain/bin/../lib/gcc/arm-none-eabi/6.3.1/../../../../arm-none-eabi/lib/thumb/v7e-m/fpv4-sp/hard\libc.a(lib_a-wctomb_r.o)
 .ARM.attributes
                0x00000eb9       0x34 c:/program files (x86)/atmel/studio/7.0/toolchain/arm/arm-gnu-toolchain/bin/../lib/gcc/arm-none-eabi/6.3.1/../../../../arm-none-eabi/lib/thumb/v7e-m/fpv4-sp/hard\libc.a(lib_a-writer.o)
 .ARM.attributes
                0x00000eed       0x34 c:/program files (x86)/atmel/studio/7.0/toolchain/arm/arm-gnu-toolchain/bin/../lib/gcc/arm-none-eabi/6.3.1/../../../../arm-none-eabi/lib/thumb/v7e-m/fpv4-sp/hard\libc.a(lib_a-__atexit.o)
 .ARM.attributes
                0x00000f21       0x34 c:/program files (x86)/atmel/studio/7.0/toolchain/arm/arm-gnu-toolchain/bin/../lib/gcc/arm-none-eabi/6.3.1/../../../../arm-none-eabi/lib/thumb/v7e-m/fpv4-sp/hard\libc.a(lib_a-callocr.o)
 .ARM.attributes
                0x00000f55       0x34 c:/program files (x86)/atmel/studio/7.0/toolchain/arm/arm-gnu-toolchain/bin/../lib/gcc/arm-none-eabi/6.3.1/../../../../arm-none-eabi/lib/thumb/v7e-m/fpv4-sp/hard\libc.a(lib_a-closer.o)
 .ARM.attributes
                0x00000f89       0x34 c:/program files (x86)/atmel/studio/7.0/toolchain/arm/arm-gnu-toolchain/bin/../lib/gcc/arm-none-eabi/6.3.1/../../../../arm-none-eabi/lib/thumb/v7e-m/fpv4-sp/hard\libc.a(lib_a-ctype_.o)
 .ARM.attributes
                0x00000fbd       0x34 c:/program files (x86)/atmel/studio/7.0/toolchain/arm/arm-gnu-toolchain/bin/../lib/gcc/arm-none-eabi/6.3.1/../../../../arm-none-eabi/lib/thumb/v7e-m/fpv4-sp/hard\libc.a(lib_a-fclose.o)
 .ARM.attributes
                0x00000ff1       0x34 c:/program files (x86)/atmel/studio/7.0/toolchain/arm/arm-gnu-toolchain/bin/../lib/gcc/arm-none-eabi/6.3.1/../../../../arm-none-eabi/lib/thumb/v7e-m/fpv4-sp/hard\libc.a(lib_a-fputwc.o)
 .ARM.attributes
                0x00001025       0x34 c:/program files (x86)/atmel/studio/7.0/toolchain/arm/arm-gnu-toolchain/bin/../lib/gcc/arm-none-eabi/6.3.1/../../../../arm-none-eabi/lib/thumb/v7e-m/fpv4-sp/hard\libc.a(lib_a-fstatr.o)
 .ARM.attributes
                0x00001059       0x34 c:/program files (x86)/atmel/studio/7.0/toolchain/arm/arm-gnu-toolchain/bin/../lib/gcc/arm-none-eabi/6.3.1/../../../../arm-none-eabi/lib/thumb/v7e-m/fpv4-sp/hard\libc.a(lib_a-isattyr.o)
 .ARM.attributes
                0x0000108d       0x34 c:/program files (x86)/atmel/studio/7.0/toolchain/arm/arm-gnu-toolchain/bin/../lib/gcc/arm-none-eabi/6.3.1/../../../../arm-none-eabi/lib/thumb/v7e-m/fpv4-sp/hard\libc.a(lib_a-lseekr.o)
 .ARM.attributes
                0x000010c1       0x34 c:/program files (x86)/atmel/studio/7.0/toolchain/arm/arm-gnu-toolchain/bin/../lib/gcc/arm-none-eabi/6.3.1/../../../../arm-none-eabi/lib/thumb/v7e-m/fpv4-sp/hard\libc.a(lib_a-readr.o)
 .ARM.attributes
                0x000010f5       0x34 c:/program files (x86)/atmel/studio/7.0/toolchain/arm/arm-gnu-toolchain/bin/../lib/gcc/arm-none-eabi/6.3.1/../../../../arm-none-eabi/lib/thumb/v7e-m/fpv4-sp/hard\libc.a(lib_a-reent.o)
 .ARM.attributes
                0x00001129       0x34 c:/program files (x86)/atmel/studio/7.0/toolchain/arm/arm-gnu-toolchain/bin/../lib/gcc/arm-none-eabi/6.3.1/../../../../arm-none-eabi/lib/thumb/v7e-m/fpv4-sp/hard\libc.a(lib_a-wbuf.o)
 .ARM.attributes
                0x0000115d       0x34 c:/program files (x86)/atmel/studio/7.0/toolchain/arm/arm-gnu-toolchain/bin/../lib/gcc/arm-none-eabi/6.3.1/../../../../arm-none-eabi/lib/thumb/v7e-m/fpv4-sp/hard\libc.a(lib_a-wcrtomb.o)
 .ARM.attributes
                0x00001191       0x22 c:/program files (x86)/atmel/studio/7.0/toolchain/arm/arm-gnu-toolchain/bin/../lib/gcc/arm-none-eabi/6.3.1/thumb/v7e-m/fpv4-sp/hard\libgcc.a(_arm_fixdfsi.o)
 .ARM.attributes
                0x000011b3       0x22 c:/program files (x86)/atmel/studio/7.0/toolchain/arm/arm-gnu-toolchain/bin/../lib/gcc/arm-none-eabi/6.3.1/thumb/v7e-m/fpv4-sp/hard\libgcc.a(_aeabi_uldivmod.o)
 .ARM.attributes
                0x000011d5       0x34 c:/program files (x86)/atmel/studio/7.0/toolchain/arm/arm-gnu-toolchain/bin/../lib/gcc/arm-none-eabi/6.3.1/thumb/v7e-m/fpv4-sp/hard\libgcc.a(_udivmoddi4.o)
 .ARM.attributes
                0x00001209       0x22 c:/program files (x86)/atmel/studio/7.0/toolchain/arm/arm-gnu-toolchain/bin/../lib/gcc/arm-none-eabi/6.3.1/thumb/v7e-m/fpv4-sp/hard\libgcc.a(_dvmd_tls.o)
 .ARM.attributes
                0x0000122b       0x22 c:/program files (x86)/atmel/studio/7.0/toolchain/arm/arm-gnu-toolchain/bin/../lib/gcc/arm-none-eabi/6.3.1/thumb/v7e-m/fpv4-sp/hard/crtn.o

.comment        0x00000000       0xce
 .comment       0x00000000       0x59 AK4588EN.o
                                 0x5a (size before relaxing)
 .comment       0x00000059       0x5a Device_Startup/startup_samg55j19.o
 .comment       0x00000059       0x5a Device_Startup/system_samg55j19.o
 .comment       0x00000059       0x5a I2SC.o
 .comment       0x00000059       0x5a main.o
 .comment       0x00000059       0x5a Matrix.o
 .comment       0x00000059       0x5a PIO.o
 .comment       0x00000059       0x5a PMC.o
 .comment       0x00000059       0x5a syscalls.o
 .comment       0x00000059       0x5a TWI.o
 .comment       0x00000059       0x5a UART.o
 .comment       0x00000059       0x75 C:\Program Files (x86)\Atmel\Studio\7.0\packs\arm\CMSIS\5.0.1\CMSIS\Lib\libarm_cortexM4lf_math.a(arm_q31_to_float.o)
                                 0x76 (size before relaxing)
 .comment       0x000000ce       0x76 C:\Program Files (x86)\Atmel\Studio\7.0\packs\arm\CMSIS\5.0.1\CMSIS\Lib\libarm_cortexM4lf_math.a(arm_float_to_q31.o)
 .comment       0x000000ce       0x76 C:\Program Files (x86)\Atmel\Studio\7.0\packs\arm\CMSIS\5.0.1\CMSIS\Lib\libarm_cortexM4lf_math.a(arm_biquad_cascade_df1_init_f32.o)
 .comment       0x000000ce       0x76 C:\Program Files (x86)\Atmel\Studio\7.0\packs\arm\CMSIS\5.0.1\CMSIS\Lib\libarm_cortexM4lf_math.a(arm_biquad_cascade_df1_f32.o)

.debug_info     0x00000000     0xac8e
 .debug_info    0x00000000      0x3ef AK4588EN.o
 .debug_info    0x000003ef      0x78e Device_Startup/startup_samg55j19.o
 .debug_info    0x00000b7d       0xf6 Device_Startup/system_samg55j19.o
 .debug_info    0x00000c73     0x170f I2SC.o
 .debug_info    0x00002382     0x1be0 main.o
 .debug_info    0x00003f62      0x302 Matrix.o
 .debug_info    0x00004264      0x5e5 PIO.o
 .debug_info    0x00004849      0x403 PMC.o
 .debug_info    0x00004c4c      0xeed syscalls.o
 .debug_info    0x00005b39      0x8b0 TWI.o
 .debug_info    0x000063e9     0x1961 UART.o
 .debug_info    0x00007d4a      0xb19 C:\Program Files (x86)\Atmel\Studio\7.0\packs\arm\CMSIS\5.0.1\CMSIS\Lib\libarm_cortexM4lf_math.a(arm_q31_to_float.o)
 .debug_info    0x00008863      0xc27 C:\Program Files (x86)\Atmel\Studio\7.0\packs\arm\CMSIS\5.0.1\CMSIS\Lib\libarm_cortexM4lf_math.a(arm_float_to_q31.o)
 .debug_info    0x0000948a      0xb6b C:\Program Files (x86)\Atmel\Studio\7.0\packs\arm\CMSIS\5.0.1\CMSIS\Lib\libarm_cortexM4lf_math.a(arm_biquad_cascade_df1_init_f32.o)
 .debug_info    0x00009ff5      0xc99 C:\Program Files (x86)\Atmel\Studio\7.0\packs\arm\CMSIS\5.0.1\CMSIS\Lib\libarm_cortexM4lf_math.a(arm_biquad_cascade_df1_f32.o)

.debug_abbrev   0x00000000     0x1cfb
 .debug_abbrev  0x00000000      0x115 AK4588EN.o
 .debug_abbrev  0x00000115      0x153 Device_Startup/startup_samg55j19.o
 .debug_abbrev  0x00000268       0x7d Device_Startup/system_samg55j19.o
 .debug_abbrev  0x000002e5      0x321 I2SC.o
 .debug_abbrev  0x00000606      0x420 main.o
 .debug_abbrev  0x00000a26       0xae Matrix.o
 .debug_abbrev  0x00000ad4       0xfb PIO.o
 .debug_abbrev  0x00000bcf       0xae PMC.o
 .debug_abbrev  0x00000c7d      0x2ce syscalls.o
 .debug_abbrev  0x00000f4b      0x167 TWI.o
 .debug_abbrev  0x000010b2      0x3ae UART.o
 .debug_abbrev  0x00001460      0x1ff C:\Program Files (x86)\Atmel\Studio\7.0\packs\arm\CMSIS\5.0.1\CMSIS\Lib\libarm_cortexM4lf_math.a(arm_q31_to_float.o)
 .debug_abbrev  0x0000165f      0x271 C:\Program Files (x86)\Atmel\Studio\7.0\packs\arm\CMSIS\5.0.1\CMSIS\Lib\libarm_cortexM4lf_math.a(arm_float_to_q31.o)
 .debug_abbrev  0x000018d0      0x216 C:\Program Files (x86)\Atmel\Studio\7.0\packs\arm\CMSIS\5.0.1\CMSIS\Lib\libarm_cortexM4lf_math.a(arm_biquad_cascade_df1_init_f32.o)
 .debug_abbrev  0x00001ae6      0x215 C:\Program Files (x86)\Atmel\Studio\7.0\packs\arm\CMSIS\5.0.1\CMSIS\Lib\libarm_cortexM4lf_math.a(arm_biquad_cascade_df1_f32.o)

.debug_loc      0x00000000     0x1d03
 .debug_loc     0x00000000      0x25c AK4588EN.o
 .debug_loc     0x0000025c       0x6b Device_Startup/startup_samg55j19.o
 .debug_loc     0x000002c7      0x1db I2SC.o
 .debug_loc     0x000004a2      0x3a6 main.o
 .debug_loc     0x00000848       0x20 PIO.o
 .debug_loc     0x00000868      0x2db syscalls.o
 .debug_loc     0x00000b43       0x62 TWI.o
 .debug_loc     0x00000ba5      0x28a UART.o
 .debug_loc     0x00000e2f      0x1eb C:\Program Files (x86)\Atmel\Studio\7.0\packs\arm\CMSIS\5.0.1\CMSIS\Lib\libarm_cortexM4lf_math.a(arm_q31_to_float.o)
 .debug_loc     0x0000101a      0x469 C:\Program Files (x86)\Atmel\Studio\7.0\packs\arm\CMSIS\5.0.1\CMSIS\Lib\libarm_cortexM4lf_math.a(arm_float_to_q31.o)
 .debug_loc     0x00001483       0xcd C:\Program Files (x86)\Atmel\Studio\7.0\packs\arm\CMSIS\5.0.1\CMSIS\Lib\libarm_cortexM4lf_math.a(arm_biquad_cascade_df1_init_f32.o)
 .debug_loc     0x00001550      0x7b3 C:\Program Files (x86)\Atmel\Studio\7.0\packs\arm\CMSIS\5.0.1\CMSIS\Lib\libarm_cortexM4lf_math.a(arm_biquad_cascade_df1_f32.o)

.debug_aranges  0x00000000      0x2e8
 .debug_aranges
                0x00000000       0x28 AK4588EN.o
 .debug_aranges
                0x00000028       0x28 Device_Startup/startup_samg55j19.o
 .debug_aranges
                0x00000050       0x28 Device_Startup/system_samg55j19.o
 .debug_aranges
                0x00000078       0x40 I2SC.o
 .debug_aranges
                0x000000b8       0x50 main.o
 .debug_aranges
                0x00000108       0x20 Matrix.o
 .debug_aranges
                0x00000128       0x30 PIO.o
 .debug_aranges
                0x00000158       0x20 PMC.o
 .debug_aranges
                0x00000178       0x70 syscalls.o
 .debug_aranges
                0x000001e8       0x30 TWI.o
 .debug_aranges
                0x00000218       0x50 UART.o
 .debug_aranges
                0x00000268       0x20 C:\Program Files (x86)\Atmel\Studio\7.0\packs\arm\CMSIS\5.0.1\CMSIS\Lib\libarm_cortexM4lf_math.a(arm_q31_to_float.o)
 .debug_aranges
                0x00000288       0x20 C:\Program Files (x86)\Atmel\Studio\7.0\packs\arm\CMSIS\5.0.1\CMSIS\Lib\libarm_cortexM4lf_math.a(arm_float_to_q31.o)
 .debug_aranges
                0x000002a8       0x20 C:\Program Files (x86)\Atmel\Studio\7.0\packs\arm\CMSIS\5.0.1\CMSIS\Lib\libarm_cortexM4lf_math.a(arm_biquad_cascade_df1_init_f32.o)
 .debug_aranges
                0x000002c8       0x20 C:\Program Files (x86)\Atmel\Studio\7.0\packs\arm\CMSIS\5.0.1\CMSIS\Lib\libarm_cortexM4lf_math.a(arm_biquad_cascade_df1_f32.o)

.debug_ranges   0x00000000      0x2a8
 .debug_ranges  0x00000000       0x18 AK4588EN.o
 .debug_ranges  0x00000018       0x18 Device_Startup/startup_samg55j19.o
 .debug_ranges  0x00000030       0x18 Device_Startup/system_samg55j19.o
 .debug_ranges  0x00000048       0x30 I2SC.o
 .debug_ranges  0x00000078       0xa0 main.o
 .debug_ranges  0x00000118       0x10 Matrix.o
 .debug_ranges  0x00000128       0x20 PIO.o
 .debug_ranges  0x00000148       0x10 PMC.o
 .debug_ranges  0x00000158       0x60 syscalls.o
 .debug_ranges  0x000001b8       0x20 TWI.o
 .debug_ranges  0x000001d8       0x58 UART.o
 .debug_ranges  0x00000230       0x10 C:\Program Files (x86)\Atmel\Studio\7.0\packs\arm\CMSIS\5.0.1\CMSIS\Lib\libarm_cortexM4lf_math.a(arm_q31_to_float.o)
 .debug_ranges  0x00000240       0x48 C:\Program Files (x86)\Atmel\Studio\7.0\packs\arm\CMSIS\5.0.1\CMSIS\Lib\libarm_cortexM4lf_math.a(arm_float_to_q31.o)
 .debug_ranges  0x00000288       0x10 C:\Program Files (x86)\Atmel\Studio\7.0\packs\arm\CMSIS\5.0.1\CMSIS\Lib\libarm_cortexM4lf_math.a(arm_biquad_cascade_df1_init_f32.o)
 .debug_ranges  0x00000298       0x10 C:\Program Files (x86)\Atmel\Studio\7.0\packs\arm\CMSIS\5.0.1\CMSIS\Lib\libarm_cortexM4lf_math.a(arm_biquad_cascade_df1_f32.o)

.debug_macro    0x00000000    0x1f7db
 .debug_macro   0x00000000      0x405 AK4588EN.o
 .debug_macro   0x00000405      0x8b6 AK4588EN.o
 .debug_macro   0x00000cbb       0x22 AK4588EN.o
 .debug_macro   0x00000cdd       0x87 AK4588EN.o
 .debug_macro   0x00000d64       0x51 AK4588EN.o
 .debug_macro   0x00000db5       0xef AK4588EN.o
 .debug_macro   0x00000ea4       0x6a AK4588EN.o
 .debug_macro   0x00000f0e      0x1df AK4588EN.o
 .debug_macro   0x000010ed       0x68 AK4588EN.o
 .debug_macro   0x00001155       0x28 AK4588EN.o
 .debug_macro   0x0000117d       0xaf AK4588EN.o
 .debug_macro   0x0000122c      0xfe7 AK4588EN.o
 .debug_macro   0x00002213     0x1436 AK4588EN.o
 .debug_macro   0x00003649      0x37f AK4588EN.o
 .debug_macro   0x000039c8      0x390 AK4588EN.o
 .debug_macro   0x00003d58      0x314 AK4588EN.o
 .debug_macro   0x0000406c      0x2d3 AK4588EN.o
 .debug_macro   0x0000433f       0xb8 AK4588EN.o
 .debug_macro   0x000043f7       0x40 AK4588EN.o
 .debug_macro   0x00004437      0x9f5 AK4588EN.o
 .debug_macro   0x00004e2c      0x4d1 AK4588EN.o
 .debug_macro   0x000052fd      0x41a AK4588EN.o
 .debug_macro   0x00005717      0x2a4 AK4588EN.o
 .debug_macro   0x000059bb      0x5d7 AK4588EN.o
 .debug_macro   0x00005f92     0x7ee5 AK4588EN.o
 .debug_macro   0x0000de77     0x218c AK4588EN.o
 .debug_macro   0x00010003      0x1b0 AK4588EN.o
 .debug_macro   0x000101b3      0x86c AK4588EN.o
 .debug_macro   0x00010a1f      0x27d AK4588EN.o
 .debug_macro   0x00010c9c      0xb26 AK4588EN.o
 .debug_macro   0x000117c2     0x132c AK4588EN.o
 .debug_macro   0x00012aee      0xaf7 AK4588EN.o
 .debug_macro   0x000135e5     0x103e AK4588EN.o
 .debug_macro   0x00014623      0x83d AK4588EN.o
 .debug_macro   0x00014e60      0xb35 AK4588EN.o
 .debug_macro   0x00015995     0x1109 AK4588EN.o
 .debug_macro   0x00016a9e      0x13f AK4588EN.o
 .debug_macro   0x00016bdd       0xe8 AK4588EN.o
 .debug_macro   0x00016cc5       0x16 AK4588EN.o
 .debug_macro   0x00016cdb       0x46 AK4588EN.o
 .debug_macro   0x00016d21       0x6a AK4588EN.o
 .debug_macro   0x00016d8b       0x40 AK4588EN.o
 .debug_macro   0x00016dcb       0x2e AK4588EN.o
 .debug_macro   0x00016df9       0x2e AK4588EN.o
 .debug_macro   0x00016e27       0x2e AK4588EN.o
 .debug_macro   0x00016e55       0x2e AK4588EN.o
 .debug_macro   0x00016e83       0x2e AK4588EN.o
 .debug_macro   0x00016eb1       0x2e AK4588EN.o
 .debug_macro   0x00016edf       0x2e AK4588EN.o
 .debug_macro   0x00016f0d       0x2e AK4588EN.o
 .debug_macro   0x00016f3b       0x40 AK4588EN.o
 .debug_macro   0x00016f7b       0xa0 AK4588EN.o
 .debug_macro   0x0001701b       0xa0 AK4588EN.o
 .debug_macro   0x000170bb       0x7c AK4588EN.o
 .debug_macro   0x00017137       0x70 AK4588EN.o
 .debug_macro   0x000171a7       0x7c AK4588EN.o
 .debug_macro   0x00017223       0x76 AK4588EN.o
 .debug_macro   0x00017299      0x13f AK4588EN.o
 .debug_macro   0x000173d8      0x13f AK4588EN.o
 .debug_macro   0x00017517      0x100 AK4588EN.o
 .debug_macro   0x00017617       0x22 AK4588EN.o
 .debug_macro   0x00017639       0x64 AK4588EN.o
 .debug_macro   0x0001769d       0x2e AK4588EN.o
 .debug_macro   0x000176cb       0xa6 AK4588EN.o
 .debug_macro   0x00017771       0xa6 AK4588EN.o
 .debug_macro   0x00017817       0xa6 AK4588EN.o
 .debug_macro   0x000178bd       0xa6 AK4588EN.o
 .debug_macro   0x00017963       0xa6 AK4588EN.o
 .debug_macro   0x00017a09       0xa6 AK4588EN.o
 .debug_macro   0x00017aaf       0xa6 AK4588EN.o
 .debug_macro   0x00017b55       0xa6 AK4588EN.o
 .debug_macro   0x00017bfb       0x3a AK4588EN.o
 .debug_macro   0x00017c35      0x12e AK4588EN.o
 .debug_macro   0x00017d63      0x127 AK4588EN.o
 .debug_macro   0x00017e8a       0xb8 AK4588EN.o
 .debug_macro   0x00017f42       0xb8 AK4588EN.o
 .debug_macro   0x00017ffa       0xb8 AK4588EN.o
 .debug_macro   0x000180b2       0xb8 AK4588EN.o
 .debug_macro   0x0001816a       0xb8 AK4588EN.o
 .debug_macro   0x00018222       0xb8 AK4588EN.o
 .debug_macro   0x000182da       0xb8 AK4588EN.o
 .debug_macro   0x00018392       0xb8 AK4588EN.o
 .debug_macro   0x0001844a       0xa0 AK4588EN.o
 .debug_macro   0x000184ea       0xa0 AK4588EN.o
 .debug_macro   0x0001858a       0xca AK4588EN.o
 .debug_macro   0x00018654       0xca AK4588EN.o
 .debug_macro   0x0001871e       0xca AK4588EN.o
 .debug_macro   0x000187e8       0xca AK4588EN.o
 .debug_macro   0x000188b2       0xca AK4588EN.o
 .debug_macro   0x0001897c       0xca AK4588EN.o
 .debug_macro   0x00018a46       0xca AK4588EN.o
 .debug_macro   0x00018b10       0xca AK4588EN.o
 .debug_macro   0x00018bda       0x22 AK4588EN.o
 .debug_macro   0x00018bfc      0x3c3 AK4588EN.o
 .debug_macro   0x00018fbf     0x275b AK4588EN.o
 .debug_macro   0x0001b71a      0x107 AK4588EN.o
 .debug_macro   0x0001b821       0x94 AK4588EN.o
 .debug_macro   0x0001b8b5      0x3de Device_Startup/startup_samg55j19.o
 .debug_macro   0x0001bc93      0x3e4 Device_Startup/system_samg55j19.o
 .debug_macro   0x0001c077      0x58e I2SC.o
 .debug_macro   0x0001c605       0x58 I2SC.o
 .debug_macro   0x0001c65d       0x35 I2SC.o
 .debug_macro   0x0001c692       0x9c I2SC.o
 .debug_macro   0x0001c72e       0x16 I2SC.o
 .debug_macro   0x0001c744       0x97 I2SC.o
 .debug_macro   0x0001c7db      0x330 I2SC.o
 .debug_macro   0x0001cb0b       0xfd I2SC.o
 .debug_macro   0x0001cc08       0x10 I2SC.o
 .debug_macro   0x0001cc18       0x58 I2SC.o
 .debug_macro   0x0001cc70       0x1f I2SC.o
 .debug_macro   0x0001cc8f       0x43 I2SC.o
 .debug_macro   0x0001ccd2       0x20 I2SC.o
 .debug_macro   0x0001ccf2      0x187 I2SC.o
 .debug_macro   0x0001ce79       0x10 I2SC.o
 .debug_macro   0x0001ce89       0x1c I2SC.o
 .debug_macro   0x0001cea5       0x52 I2SC.o
 .debug_macro   0x0001cef7       0x40 I2SC.o
 .debug_macro   0x0001cf37       0x10 I2SC.o
 .debug_macro   0x0001cf47       0x40 I2SC.o
 .debug_macro   0x0001cf87       0xd7 I2SC.o
 .debug_macro   0x0001d05e       0x16 I2SC.o
 .debug_macro   0x0001d074      0x18b I2SC.o
 .debug_macro   0x0001d1ff      0x680 main.o
 .debug_macro   0x0001d87f       0x16 main.o
 .debug_macro   0x0001d895       0x35 main.o
 .debug_macro   0x0001d8ca       0x16 main.o
 .debug_macro   0x0001d8e0       0x29 main.o
 .debug_macro   0x0001d909       0x16 main.o
 .debug_macro   0x0001d91f      0x1e1 main.o
 .debug_macro   0x0001db00       0x16 main.o
 .debug_macro   0x0001db16       0x12 main.o
 .debug_macro   0x0001db28       0xe4 main.o
 .debug_macro   0x0001dc0c      0x3f6 Matrix.o
 .debug_macro   0x0001e002      0x3ff PIO.o
 .debug_macro   0x0001e401      0x174 PIO.o
 .debug_macro   0x0001e575      0x3f6 PMC.o
 .debug_macro   0x0001e96b      0x1d6 syscalls.o
 .debug_macro   0x0001eb41       0x52 syscalls.o
 .debug_macro   0x0001eb93       0x8d syscalls.o
 .debug_macro   0x0001ec20       0x57 syscalls.o
 .debug_macro   0x0001ec77       0x4c syscalls.o
 .debug_macro   0x0001ecc3       0x16 syscalls.o
 .debug_macro   0x0001ecd9       0x10 syscalls.o
 .debug_macro   0x0001ece9       0x10 syscalls.o
 .debug_macro   0x0001ecf9       0x35 syscalls.o
 .debug_macro   0x0001ed2e      0x122 syscalls.o
 .debug_macro   0x0001ee50      0x415 TWI.o
 .debug_macro   0x0001f265      0x576 UART.o

.debug_line     0x00000000     0x6904
 .debug_line    0x00000000      0x8a4 AK4588EN.o
 .debug_line    0x000008a4      0x7de Device_Startup/startup_samg55j19.o
 .debug_line    0x00001082      0x7cf Device_Startup/system_samg55j19.o
 .debug_line    0x00001851      0x960 I2SC.o
 .debug_line    0x000021b1      0xac5 main.o
 .debug_line    0x00002c76      0x7be Matrix.o
 .debug_line    0x00003434      0x7f0 PIO.o
 .debug_line    0x00003c24      0x7d9 PMC.o
 .debug_line    0x000043fd      0x43f syscalls.o
 .debug_line    0x0000483c      0x811 TWI.o
 .debug_line    0x0000504d      0x9fc UART.o
 .debug_line    0x00005a49      0x2fe C:\Program Files (x86)\Atmel\Studio\7.0\packs\arm\CMSIS\5.0.1\CMSIS\Lib\libarm_cortexM4lf_math.a(arm_q31_to_float.o)
 .debug_line    0x00005d47      0x447 C:\Program Files (x86)\Atmel\Studio\7.0\packs\arm\CMSIS\5.0.1\CMSIS\Lib\libarm_cortexM4lf_math.a(arm_float_to_q31.o)
 .debug_line    0x0000618e      0x288 C:\Program Files (x86)\Atmel\Studio\7.0\packs\arm\CMSIS\5.0.1\CMSIS\Lib\libarm_cortexM4lf_math.a(arm_biquad_cascade_df1_init_f32.o)
 .debug_line    0x00006416      0x4ee C:\Program Files (x86)\Atmel\Studio\7.0\packs\arm\CMSIS\5.0.1\CMSIS\Lib\libarm_cortexM4lf_math.a(arm_biquad_cascade_df1_f32.o)

.debug_str      0x00000000    0x9bf2c
 .debug_str     0x00000000    0x9510f AK4588EN.o
                              0x9531e (size before relaxing)
 .debug_str     0x0009510f      0x542 Device_Startup/startup_samg55j19.o
                              0x95458 (size before relaxing)